Archive member included to satisfy reference by file (symbol)

d:/siliconlab/developer/toolchains/gnu_arm/12.2.rel1_2023.7/bin/../lib/gcc/arm-none-eabi/12.2.1/thumb/v8-m.main+fp/hard\libgcc.a(_aeabi_ldivmod.o)
                              ./simplicity_sdk_2024.6.2/platform/emlib/src/em_usart.o (__aeabi_ldivmod)
d:/siliconlab/developer/toolchains/gnu_arm/12.2.rel1_2023.7/bin/../lib/gcc/arm-none-eabi/12.2.1/thumb/v8-m.main+fp/hard\libgcc.a(_aeabi_uldivmod.o)
                              ./simplicity_sdk_2024.6.2/platform/emlib/src/em_usart.o (__aeabi_uldivmod)
d:/siliconlab/developer/toolchains/gnu_arm/12.2.rel1_2023.7/bin/../lib/gcc/arm-none-eabi/12.2.1/thumb/v8-m.main+fp/hard\libgcc.a(_udivmoddi4.o)
                              d:/siliconlab/developer/toolchains/gnu_arm/12.2.rel1_2023.7/bin/../lib/gcc/arm-none-eabi/12.2.1/thumb/v8-m.main+fp/hard\libgcc.a(_aeabi_ldivmod.o) (__udivmoddi4)
d:/siliconlab/developer/toolchains/gnu_arm/12.2.rel1_2023.7/bin/../lib/gcc/arm-none-eabi/12.2.1/thumb/v8-m.main+fp/hard\libgcc.a(_dvmd_tls.o)
                              d:/siliconlab/developer/toolchains/gnu_arm/12.2.rel1_2023.7/bin/../lib/gcc/arm-none-eabi/12.2.1/thumb/v8-m.main+fp/hard\libgcc.a(_aeabi_ldivmod.o) (__aeabi_ldiv0)
d:/siliconlab/developer/toolchains/gnu_arm/12.2.rel1_2023.7/bin/../lib/gcc/arm-none-eabi/12.2.1/thumb/v8-m.main+fp/hard\libc_nano.a(libc_a-exit.o)
                              d:/siliconlab/developer/toolchains/gnu_arm/12.2.rel1_2023.7/bin/../lib/gcc/arm-none-eabi/12.2.1/thumb/v8-m.main+fp/hard/crt0.o (exit)
d:/siliconlab/developer/toolchains/gnu_arm/12.2.rel1_2023.7/bin/../lib/gcc/arm-none-eabi/12.2.1/thumb/v8-m.main+fp/hard\libc_nano.a(libc_a-rand.o)
                              ./main.o (srand)
d:/siliconlab/developer/toolchains/gnu_arm/12.2.rel1_2023.7/bin/../lib/gcc/arm-none-eabi/12.2.1/thumb/v8-m.main+fp/hard\libc_nano.a(libc_a-findfp.o)
                              d:/siliconlab/developer/toolchains/gnu_arm/12.2.rel1_2023.7/bin/../lib/gcc/arm-none-eabi/12.2.1/thumb/v8-m.main+fp/hard\libc_nano.a(libc_a-exit.o) (__stdio_exit_handler)
d:/siliconlab/developer/toolchains/gnu_arm/12.2.rel1_2023.7/bin/../lib/gcc/arm-none-eabi/12.2.1/thumb/v8-m.main+fp/hard\libc_nano.a(libc_a-fwalk.o)
                              d:/siliconlab/developer/toolchains/gnu_arm/12.2.rel1_2023.7/bin/../lib/gcc/arm-none-eabi/12.2.1/thumb/v8-m.main+fp/hard\libc_nano.a(libc_a-findfp.o) (_fwalk_sglue)
d:/siliconlab/developer/toolchains/gnu_arm/12.2.rel1_2023.7/bin/../lib/gcc/arm-none-eabi/12.2.1/thumb/v8-m.main+fp/hard\libc_nano.a(libc_a-snprintf.o)
                              ./main.o (snprintf)
d:/siliconlab/developer/toolchains/gnu_arm/12.2.rel1_2023.7/bin/../lib/gcc/arm-none-eabi/12.2.1/thumb/v8-m.main+fp/hard\libc_nano.a(libc_a-stdio.o)
                              d:/siliconlab/developer/toolchains/gnu_arm/12.2.rel1_2023.7/bin/../lib/gcc/arm-none-eabi/12.2.1/thumb/v8-m.main+fp/hard\libc_nano.a(libc_a-findfp.o) (__sread)
d:/siliconlab/developer/toolchains/gnu_arm/12.2.rel1_2023.7/bin/../lib/gcc/arm-none-eabi/12.2.1/thumb/v8-m.main+fp/hard\libc_nano.a(libc_a-memset.o)
                              d:/siliconlab/developer/toolchains/gnu_arm/12.2.rel1_2023.7/bin/../lib/gcc/arm-none-eabi/12.2.1/thumb/v8-m.main+fp/hard/crt0.o (memset)
d:/siliconlab/developer/toolchains/gnu_arm/12.2.rel1_2023.7/bin/../lib/gcc/arm-none-eabi/12.2.1/thumb/v8-m.main+fp/hard\libc_nano.a(libc_a-closer.o)
                              d:/siliconlab/developer/toolchains/gnu_arm/12.2.rel1_2023.7/bin/../lib/gcc/arm-none-eabi/12.2.1/thumb/v8-m.main+fp/hard\libc_nano.a(libc_a-stdio.o) (_close_r)
d:/siliconlab/developer/toolchains/gnu_arm/12.2.rel1_2023.7/bin/../lib/gcc/arm-none-eabi/12.2.1/thumb/v8-m.main+fp/hard\libc_nano.a(libc_a-reent.o)
                              d:/siliconlab/developer/toolchains/gnu_arm/12.2.rel1_2023.7/bin/../lib/gcc/arm-none-eabi/12.2.1/thumb/v8-m.main+fp/hard\libc_nano.a(libc_a-closer.o) (errno)
d:/siliconlab/developer/toolchains/gnu_arm/12.2.rel1_2023.7/bin/../lib/gcc/arm-none-eabi/12.2.1/thumb/v8-m.main+fp/hard\libc_nano.a(libc_a-impure.o)
                              d:/siliconlab/developer/toolchains/gnu_arm/12.2.rel1_2023.7/bin/../lib/gcc/arm-none-eabi/12.2.1/thumb/v8-m.main+fp/hard\libc_nano.a(libc_a-rand.o) (_impure_ptr)
d:/siliconlab/developer/toolchains/gnu_arm/12.2.rel1_2023.7/bin/../lib/gcc/arm-none-eabi/12.2.1/thumb/v8-m.main+fp/hard\libc_nano.a(libc_a-lseekr.o)
                              d:/siliconlab/developer/toolchains/gnu_arm/12.2.rel1_2023.7/bin/../lib/gcc/arm-none-eabi/12.2.1/thumb/v8-m.main+fp/hard\libc_nano.a(libc_a-stdio.o) (_lseek_r)
d:/siliconlab/developer/toolchains/gnu_arm/12.2.rel1_2023.7/bin/../lib/gcc/arm-none-eabi/12.2.1/thumb/v8-m.main+fp/hard\libc_nano.a(libc_a-readr.o)
                              d:/siliconlab/developer/toolchains/gnu_arm/12.2.rel1_2023.7/bin/../lib/gcc/arm-none-eabi/12.2.1/thumb/v8-m.main+fp/hard\libc_nano.a(libc_a-stdio.o) (_read_r)
[...]
Memory Configuration

Name             Origin             Length             Attributes
FLASH            0x00000000         0x000fe000         xr
RAM              0x20000000         0x00018000         xrw
*default*        0x00000000         0xffffffff

Linker script and memory map

LOAD d:/siliconlab/developer/toolchains/gnu_arm/12.2.rel1_2023.7/bin/../lib/gcc/arm-none-eabi/12.2.1/thumb/v8-m.main+fp/hard/crti.o
LOAD d:/siliconlab/developer/toolchains/gnu_arm/12.2.rel1_2023.7/bin/../lib/gcc/arm-none-eabi/12.2.1/thumb/v8-m.main+fp/hard/crtbegin.o
LOAD d:/siliconlab/developer/toolchains/gnu_arm/12.2.rel1_2023.7/bin/../lib/gcc/arm-none-eabi/12.2.1/thumb/v8-m.main+fp/hard/crt0.o
START GROUP
LOAD ./app.o
LOAD ./main.o
LOAD ./main2.o
LOAD ./autogen/sl_board_default_init.o
LOAD ./autogen/sl_event_handler.o
LOAD ./simplicity_sdk_2024.6.2/hardware/board/src/sl_board_control_gpio.o
LOAD ./simplicity_sdk_2024.6.2/hardware/board/src/sl_board_init.o
LOAD ./simplicity_sdk_2024.6.2/hardware/driver/configuration_over_swo/src/sl_cos.o
LOAD ./simplicity_sdk_2024.6.2/platform/Device/SiliconLabs/EFR32MG21/Source/startup_efr32mg21.o
LOAD ./simplicity_sdk_2024.6.2/platform/Device/SiliconLabs/EFR32MG21/Source/system_efr32mg21.o
LOAD ./simplicity_sdk_2024.6.2/platform/common/src/sl_assert.o
LOAD ./simplicity_sdk_2024.6.2/platform/common/src/sl_core_cortexm.o
LOAD ./simplicity_sdk_2024.6.2/platform/common/src/sl_syscalls.o
LOAD ./simplicity_sdk_2024.6.2/platform/driver/debug/src/sl_debug_swo.o
LOAD ./simplicity_sdk_2024.6.2/platform/emlib/src/em_cmu.o
LOAD ./simplicity_sdk_2024.6.2/platform/emlib/src/em_core.o
LOAD ./simplicity_sdk_2024.6.2/platform/emlib/src/em_emu.o
LOAD ./simplicity_sdk_2024.6.2/platform/emlib/src/em_gpio.o
LOAD ./simplicity_sdk_2024.6.2/platform/emlib/src/em_ldma.o
LOAD ./simplicity_sdk_2024.6.2/platform/emlib/src/em_msc.o
LOAD ./simplicity_sdk_2024.6.2/platform/emlib/src/em_system.o
LOAD ./simplicity_sdk_2024.6.2/platform/emlib/src/em_timer.o
LOAD ./simplicity_sdk_2024.6.2/platform/emlib/src/em_usart.o
LOAD ./simplicity_sdk_2024.6.2/platform/service/clock_manager/src/sl_clock_manager.o
LOAD ./simplicity_sdk_2024.6.2/platform/service/clock_manager/src/sl_clock_manager_hal_s2.o
LOAD ./simplicity_sdk_2024.6.2/platform/service/clock_manager/src/sl_clock_manager_init.o
LOAD ./simplicity_sdk_2024.6.2/platform/service/clock_manager/src/sl_clock_manager_init_hal_s2.o
LOAD ./simplicity_sdk_2024.6.2/platform/service/device_init/src/sl_device_init_emu_s2.o
LOAD ./simplicity_sdk_2024.6.2/platform/service/device_manager/src/sl_device_clock.o
LOAD ./simplicity_sdk_2024.6.2/platform/service/interrupt_manager/src/sl_interrupt_manager_cortexm.o
LOAD ./simplicity_sdk_2024.6.2/platform/service/memory_manager/src/sl_memory_manager_region.o
LOAD ./simplicity_sdk_2024.6.2/platform/service/system/src/sl_system_init.o
LOAD ./simplicity_sdk_2024.6.2/platform/service/system/src/sl_system_process_action.o
LOAD d:/siliconlab/developer/toolchains/gnu_arm/12.2.rel1_2023.7/bin/../lib/gcc/arm-none-eabi/12.2.1/thumb/v8-m.main+fp/hard\libgcc.a
LOAD d:/siliconlab/developer/toolchains/gnu_arm/12.2.rel1_2023.7/bin/../lib/gcc/arm-none-eabi/12.2.1/thumb/v8-m.main+fp/hard\libc_nano.a
LOAD d:/siliconlab/developer/toolchains/gnu_arm/12.2.rel1_2023.7/bin/../lib/gcc/arm-none-eabi/12.2.1/thumb/v8-m.main+fp/hard\libm.a
LOAD d:/siliconlab/developer/toolchains/gnu_arm/12.2.rel1_2023.7/bin/../lib/gcc/arm-none-eabi/12.2.1/thumb/v8-m.main+fp/hard\libnosys.a
END GROUP
START GROUP
LOAD d:/siliconlab/developer/toolchains/gnu_arm/12.2.rel1_2023.7/bin/../lib/gcc/arm-none-eabi/12.2.1/thumb/v8-m.main+fp/hard\libgcc.a
LOAD d:/siliconlab/developer/toolchains/gnu_arm/12.2.rel1_2023.7/bin/../lib/gcc/arm-none-eabi/12.2.1/thumb/v8-m.main+fp/hard\libc_nano.a
LOAD d:/siliconlab/developer/toolchains/gnu_arm/12.2.rel1_2023.7/bin/../lib/gcc/arm-none-eabi/12.2.1/thumb/v8-m.main+fp/hard\libnosys.a
END GROUP
START GROUP
LOAD d:/siliconlab/developer/toolchains/gnu_arm/12.2.rel1_2023.7/bin/../lib/gcc/arm-none-eabi/12.2.1/thumb/v8-m.main+fp/hard\libgcc.a
LOAD d:/siliconlab/developer/toolchains/gnu_arm/12.2.rel1_2023.7/bin/../lib/gcc/arm-none-eabi/12.2.1/thumb/v8-m.main+fp/hard\libg_nano.a
LOAD d:/siliconlab/developer/toolchains/gnu_arm/12.2.rel1_2023.7/bin/../lib/gcc/arm-none-eabi/12.2.1/thumb/v8-m.main+fp/hard\libc_nano.a
END GROUP
START GROUP
LOAD d:/siliconlab/developer/toolchains/gnu_arm/12.2.rel1_2023.7/bin/../lib/gcc/arm-none-eabi/12.2.1/thumb/v8-m.main+fp/hard\libgcc.a
LOAD d:/siliconlab/developer/toolchains/gnu_arm/12.2.rel1_2023.7/bin/../lib/gcc/arm-none-eabi/12.2.1/thumb/v8-m.main+fp/hard\libc_nano.a
END GROUP
LOAD d:/siliconlab/developer/toolchains/gnu_arm/12.2.rel1_2023.7/bin/../lib/gcc/arm-none-eabi/12.2.1/thumb/v8-m.main+fp/hard/crtend.o
LOAD d:/siliconlab/developer/toolchains/gnu_arm/12.2.rel1_2023.7/bin/../lib/gcc/arm-none-eabi/12.2.1/thumb/v8-m.main+fp/hard/crtn.o

.vectors        0x00000000      0x134
                0x00000000                linker_vectors_begin = .
 *(.vectors)
 .vectors       0x00000000      0x134 ./simplicity_sdk_2024.6.2/platform/Device/SiliconLabs/EFR32MG21/Source/startup_efr32mg21.o
                0x00000000                __Vectors
                0x00000134                linker_vectors_end = .
                0x00000134                __Vectors_End = .
                0x00000134                __Vectors_Size = (__Vectors_End - __Vectors)
                0x00000134                __lma_ramfuncs_start__ = .

.stack          0x20000000     0x1000
                0x20000000                . = ALIGN (0x8)
                0x20000000                __StackLimit = .
 *(.stack*)
 .stack         0x20000000     0x1000 ./simplicity_sdk_2024.6.2/platform/service/memory_manager/src/sl_memory_manager_region.o
                0x20001000                . = ALIGN (0x4)
                0x20001000                __StackTop = .
                0x20001000                PROVIDE (__stack = __StackTop)

.noinit
 *(.noinit*)

.bss            0x20001000      0x97c
                0x20001000                . = ALIGN (0x4)
                0x20001000                __bss_start__ = .
 *(SORT_BY_ALIGNMENT(.bss*))
 .bss.object.0  0x20001000       0x18 d:/siliconlab/developer/toolchains/gnu_arm/12.2.rel1_2023.7/bin/../lib/gcc/arm-none-eabi/12.2.1/thumb/v8-m.main+fp/hard/crtbegin.o
 .bss.rx_idx.0  0x20001018        0x4 ./main.o
 .bss.ldmaRXConfig
                0x2000101c       0x10 ./main.o
                0x2000101c                ldmaRXConfig
 .bss.ldmaRXDescriptor
                0x2000102c       0x10 ./main.o
                0x2000102c                ldmaRXDescriptor
 .bss.ldmaTXConfig
                0x2000103c       0x10 ./main.o
                0x2000103c                ldmaTXConfig
 .bss.ldmaTXDescriptor
                0x2000104c       0x10 ./main.o
                0x2000104c                ldmaTXDescriptor
 .bss.__sf      0x2000105c      0x138 d:/siliconlab/developer/toolchains/gnu_arm/12.2.rel1_2023.7/bin/../lib/gcc/arm-none-eabi/12.2.1/thumb/v8-m.main+fp/hard\libc_nano.a(libc_a-findfp.o)
                0x2000105c                __sf
 .bss.__stdio_exit_handler
                0x20001194        0x4 d:/siliconlab/developer/toolchains/gnu_arm/12.2.rel1_2023.7/bin/../lib/gcc/arm-none-eabi/12.2.1/thumb/v8-m.main+fp/hard\libc_nano.a(libc_a-findfp.o)
                0x20001194                __stdio_exit_handler
 .bss.errno     0x20001198        0x4 d:/siliconlab/developer/toolchains/gnu_arm/12.2.rel1_2023.7/bin/../lib/gcc/arm-none-eabi/12.2.1/thumb/v8-m.main+fp/hard\libc_nano.a(libc_a-reent.o)
                0x20001198                errno
 .bss.__malloc_sbrk_start
                0x2000119c        0x4 d:/siliconlab/developer/toolchains/gnu_arm/12.2.rel1_2023.7/bin/../lib/gcc/arm-none-eabi/12.2.1/thumb/v8-m.main+fp/hard\libc_nano.a(libc_a-mallocr.o)
                0x2000119c                __malloc_sbrk_start
 .bss.__malloc_free_list
                0x200011a0        0x4 d:/siliconlab/developer/toolchains/gnu_arm/12.2.rel1_2023.7/bin/../lib/gcc/arm-none-eabi/12.2.1/thumb/v8-m.main+fp/hard\libc_nano.a(libc_a-mallocr.o)
                0x200011a0                __malloc_free_list
 .bss.completed.1
                0x200011a4        0x1 d:/siliconlab/developer/toolchains/gnu_arm/12.2.rel1_2023.7/bin/../lib/gcc/arm-none-eabi/12.2.1/thumb/v8-m.main+fp/hard/crtbegin.o
 .bss.app_mode  0x200011a5        0x1 ./main.o
 .bss.tx_done   0x200011a6        0x1 ./main.o
                0x200011a6                tx_done
 .bss.rx_done   0x200011a7        0x1 ./main.o
                0x200011a7                rx_done
 .bss.inbuf_dma
                0x200011a8        0x1 ./main.o
                0x200011a8                inbuf_dma
 .bss.inbuf     0x200011a9      0x3e8 ./main.o
                0x200011a9                inbuf
 .bss.outbuf    0x20001591      0x3e8 ./main.o
                0x20001591                outbuf
 .bss.ctuneDelta
                0x20001979        0x1 ./simplicity_sdk_2024.6.2/platform/emlib/src/em_cmu.o
 .bss.__lock___malloc_recursive_mutex
                0x2000197a        0x1 d:/siliconlab/developer/toolchains/gnu_arm/12.2.rel1_2023.7/bin/../lib/gcc/arm-none-eabi/12.2.1/thumb/v8-m.main+fp/hard\libc_nano.a(libc_a-lock.o)
                0x2000197a                __lock___malloc_recursive_mutex
 .bss.__lock___sfp_recursive_mutex
                0x2000197b        0x1 d:/siliconlab/developer/toolchains/gnu_arm/12.2.rel1_2023.7/bin/../lib/gcc/arm-none-eabi/12.2.1/thumb/v8-m.main+fp/hard\libc_nano.a(libc_a-lock.o)
                0x2000197b                __lock___sfp_recursive_mutex
 *(COMMON)
                0x2000197c                . = ALIGN (0x4)
                0x2000197c                __bss_end__ = .

text_application_ram
                0x2000197c        0x0 load address 0x00000134
                0x2000197c                . = ALIGN (0x4)
                0x2000197c                __vma_ramfuncs_start__ = .
                0x2000197c                __text_application_ram_start__ = .
 *(text_application_ram)
                0x2000197c                . = ALIGN (0x4)
                0x2000197c                __vma_ramfuncs_end__ = .
                0x2000197c                __text_application_ram_end__ = .

.rodata         0x00000134        0x0
                0x00000134                __lma_ramfuncs_end__ = .
                0x00000134                __rodata_start__ = .
                0x00000134                __rodata_end__ = .

.text           0x00000134     0x3be8
                0x00000134                linker_code_begin = .
 *(SORT_BY_ALIGNMENT(.text*))
 .text.deregister_tm_clones
                0x00000134       0x1c d:/siliconlab/developer/toolchains/gnu_arm/12.2.rel1_2023.7/bin/../lib/gcc/arm-none-eabi/12.2.1/thumb/v8-m.main+fp/hard/crtbegin.o
 .text.register_tm_clones
                0x00000150       0x28 d:/siliconlab/developer/toolchains/gnu_arm/12.2.rel1_2023.7/bin/../lib/gcc/arm-none-eabi/12.2.1/thumb/v8-m.main+fp/hard/crtbegin.o
 .text.__do_global_dtors_aux
                0x00000178       0x28 d:/siliconlab/developer/toolchains/gnu_arm/12.2.rel1_2023.7/bin/../lib/gcc/arm-none-eabi/12.2.1/thumb/v8-m.main+fp/hard/crtbegin.o
 .text.frame_dummy
                0x000001a0       0x24 d:/siliconlab/developer/toolchains/gnu_arm/12.2.rel1_2023.7/bin/../lib/gcc/arm-none-eabi/12.2.1/thumb/v8-m.main+fp/hard/crtbegin.o
 .text          0x000001c4       0x7c d:/siliconlab/developer/toolchains/gnu_arm/12.2.rel1_2023.7/bin/../lib/gcc/arm-none-eabi/12.2.1/thumb/v8-m.main+fp/hard/crt0.o
                0x000001c4                _stack_init
                0x000001cc                _start
                0x000001cc                _mainCRTStartup
 .text.EMU_EnterEM1
                0x00000240       0x14 ./main.o
 .text.UART_Transmit
                0x00000254       0x20 ./main.o
 .text.task_max_freq.constprop.0
                0x00000274       0x68 ./main.o
 .text.TIMER_CounterSet.constprop.0
                0x000002dc       0x2c ./main.o
 .text.initLDMA
                0x00000308       0x90 ./main.o
                0x00000308                initLDMA
 .text.LDMA_IRQHandler
                0x00000398       0xb0 ./main.o
                0x00000398                LDMA_IRQHandler
 .text.startup.main
                0x00000448      0x30c ./main.o
                0x00000448                main
 .text.sl_platform_init
                0x00000754       0xa8 ./autogen/sl_event_handler.o
                0x00000754                sl_platform_init
 .text.sl_board_init
                0x000007fc       0x14 ./simplicity_sdk_2024.6.2/hardware/board/src/sl_board_init.o
                0x000007fc                sl_board_init
 .text.sl_board_preinit
                0x00000810        0xc ./simplicity_sdk_2024.6.2/hardware/board/src/sl_board_init.o
                0x00000810                sl_board_preinit
 .text.CopyToRam
                0x0000081c       0x1c ./simplicity_sdk_2024.6.2/platform/Device/SiliconLabs/EFR32MG21/Source/startup_efr32mg21.o
                0x0000081c                CopyToRam
 .text.Reset_Handler
                0x00000838       0x64 ./simplicity_sdk_2024.6.2/platform/Device/SiliconLabs/EFR32MG21/Source/startup_efr32mg21.o
                0x00000838                Reset_Handler
 .text.SystemInit
                0x0000089c       0x58 ./simplicity_sdk_2024.6.2/platform/Device/SiliconLabs/EFR32MG21/Source/system_efr32mg21.o
                0x0000089c                SystemInit
 .text.SystemHFRCODPLLClockGet
                0x000008f4        0xc ./simplicity_sdk_2024.6.2/platform/Device/SiliconLabs/EFR32MG21/Source/system_efr32mg21.o
                0x000008f4                SystemHFRCODPLLClockGet
 .text.SystemHFRCODPLLClockSet
                0x00000900        0xc ./simplicity_sdk_2024.6.2/platform/Device/SiliconLabs/EFR32MG21/Source/system_efr32mg21.o
                0x00000900                SystemHFRCODPLLClockSet
 .text.SystemSYSCLKGet
                0x0000090c       0x34 ./simplicity_sdk_2024.6.2/platform/Device/SiliconLabs/EFR32MG21/Source/system_efr32mg21.o
                0x0000090c                SystemSYSCLKGet
 .text.SystemHCLKGet
                0x00000940       0x24 ./simplicity_sdk_2024.6.2/platform/Device/SiliconLabs/EFR32MG21/Source/system_efr32mg21.o
                0x00000940                SystemHCLKGet
 .text.SystemMaxCoreClockGet
                0x00000964        0x8 ./simplicity_sdk_2024.6.2/platform/Device/SiliconLabs/EFR32MG21/Source/system_efr32mg21.o
                0x00000964                SystemMaxCoreClockGet
 .text.SystemHFXOClockGet
                0x0000096c        0xc ./simplicity_sdk_2024.6.2/platform/Device/SiliconLabs/EFR32MG21/Source/system_efr32mg21.o
                0x0000096c                SystemHFXOClockGet
 .text.SystemHFXOClockSet
                0x00000978       0x20 ./simplicity_sdk_2024.6.2/platform/Device/SiliconLabs/EFR32MG21/Source/system_efr32mg21.o
                0x00000978                SystemHFXOClockSet
 .text.SystemFSRCOClockGet
                0x00000998        0x8 ./simplicity_sdk_2024.6.2/platform/Device/SiliconLabs/EFR32MG21/Source/system_efr32mg21.o
                0x00000998                SystemFSRCOClockGet
 .text.SystemHFRCOEM23ClockGet
                0x000009a0       0x88 ./simplicity_sdk_2024.6.2/platform/Device/SiliconLabs/EFR32MG21/Source/system_efr32mg21.o
                0x000009a0                SystemHFRCOEM23ClockGet
 .text.SystemLFXOClockGet
                0x00000a28        0xc ./simplicity_sdk_2024.6.2/platform/Device/SiliconLabs/EFR32MG21/Source/system_efr32mg21.o
                0x00000a28                SystemLFXOClockGet
 .text.sl_debug_swo_init
                0x00000a34       0xcc ./simplicity_sdk_2024.6.2/platform/driver/debug/src/sl_debug_swo.o
                0x00000a34                sl_debug_swo_init
 .text.flashWaitStateControl
                0x00000b00       0x60 ./simplicity_sdk_2024.6.2/platform/emlib/src/em_cmu.o
 .text.HFRCODPLLDevinfoGet
                0x00000b60      0x108 ./simplicity_sdk_2024.6.2/platform/emlib/src/em_cmu.o
 .text.traceClkGet
                0x00000c68       0x48 ./simplicity_sdk_2024.6.2/platform/emlib/src/em_cmu.o
 .text.em01GrpaClkGet
                0x00000cb0       0x64 ./simplicity_sdk_2024.6.2/platform/emlib/src/em_cmu.o
 .text.iadcClkGet
                0x00000d14       0x60 ./simplicity_sdk_2024.6.2/platform/emlib/src/em_cmu.o
 .text.em23GrpaClkGet
                0x00000d74       0x48 ./simplicity_sdk_2024.6.2/platform/emlib/src/em_cmu.o
 .text.em4GrpaClkGet
                0x00000dbc       0x48 ./simplicity_sdk_2024.6.2/platform/emlib/src/em_cmu.o
 .text.wdog0ClkGet
                0x00000e04       0x64 ./simplicity_sdk_2024.6.2/platform/emlib/src/em_cmu.o
 .text.wdog1ClkGet
                0x00000e68       0x64 ./simplicity_sdk_2024.6.2/platform/emlib/src/em_cmu.o
 .text.rtccClkGet
                0x00000ecc       0x54 ./simplicity_sdk_2024.6.2/platform/emlib/src/em_cmu.o
 .text.dpllRefClkGet
                0x00000f20       0x48 ./simplicity_sdk_2024.6.2/platform/emlib/src/em_cmu.o
 .text.CMU_ClockDivGet
                0x00000f68       0x50 ./simplicity_sdk_2024.6.2/platform/emlib/src/em_cmu.o
                0x00000f68                CMU_ClockDivGet
 .text.CMU_ClockFreqGet
                0x00000fb8      0x104 ./simplicity_sdk_2024.6.2/platform/emlib/src/em_cmu.o
                0x00000fb8                CMU_ClockFreqGet
 .text.pclkDivOptimize
                0x000010bc       0x20 ./simplicity_sdk_2024.6.2/platform/emlib/src/em_cmu.o
 .text.CMU_ClockDivSet
                0x000010dc       0xac ./simplicity_sdk_2024.6.2/platform/emlib/src/em_cmu.o
                0x000010dc                CMU_ClockDivSet
 .text.CMU_ClockSelectGet
                0x00001188       0xf8 ./simplicity_sdk_2024.6.2/platform/emlib/src/em_cmu.o
                0x00001188                CMU_ClockSelectGet
 .text.sli_em_cmu_SYSTICEXTCLKENClear
                0x00001280       0x10 ./simplicity_sdk_2024.6.2/platform/emlib/src/em_cmu.o
                0x00001280                sli_em_cmu_SYSTICEXTCLKENClear
 .text.CMU_HFRCODPLLBandSet
                0x00001290       0xd0 ./simplicity_sdk_2024.6.2/platform/emlib/src/em_cmu.o
                0x00001290                CMU_HFRCODPLLBandSet
 .text.CMU_HFXOInit
                0x00001360      0x1cc ./simplicity_sdk_2024.6.2/platform/emlib/src/em_cmu.o
                0x00001360                CMU_HFXOInit
 .text.CMU_HFXOCTuneDeltaGet
                0x0000152c        0xc ./simplicity_sdk_2024.6.2/platform/emlib/src/em_cmu.o
                0x0000152c                CMU_HFXOCTuneDeltaGet
 .text.CMU_LFXOInit
                0x00001538       0xb8 ./simplicity_sdk_2024.6.2/platform/emlib/src/em_cmu.o
                0x00001538                CMU_LFXOInit
 .text.CMU_LFXOPrecisionSet
                0x000015f0        0xc ./simplicity_sdk_2024.6.2/platform/emlib/src/em_cmu.o
                0x000015f0                CMU_LFXOPrecisionSet
 .text.CMU_HFXOPrecisionSet
                0x000015fc        0xc ./simplicity_sdk_2024.6.2/platform/emlib/src/em_cmu.o
                0x000015fc                CMU_HFXOPrecisionSet
 .text.CMU_HFRCOEM23BandSet
                0x00001608      0x144 ./simplicity_sdk_2024.6.2/platform/emlib/src/em_cmu.o
                0x00001608                CMU_HFRCOEM23BandSet
 .text.EMU_EM4Init
                0x0000174c       0x14 ./simplicity_sdk_2024.6.2/platform/emlib/src/em_emu.o
                0x0000174c                EMU_EM4Init
 .text.GPIO_PinOutSet
                0x00001760       0x40 ./simplicity_sdk_2024.6.2/platform/emlib/src/em_gpio.o
 .text.GPIO_PinOutClear
                0x000017a0       0x40 ./simplicity_sdk_2024.6.2/platform/emlib/src/em_gpio.o
 .text.GPIO_PinModeSet
                0x000017e0       0x90 ./simplicity_sdk_2024.6.2/platform/emlib/src/em_gpio.o
                0x000017e0                GPIO_PinModeSet
 .text.LDMA_Init
                0x00001870       0x80 ./simplicity_sdk_2024.6.2/platform/emlib/src/em_ldma.o
                0x00001870                LDMA_Init
 .text.LDMA_StartTransfer
                0x000018f0      0x108 ./simplicity_sdk_2024.6.2/platform/emlib/src/em_ldma.o
                0x000018f0                LDMA_StartTransfer
 .text.SYSTEM_ChipRevisionGet
                0x000019f8       0x1c ./simplicity_sdk_2024.6.2/platform/emlib/src/em_system.o
                0x000019f8                SYSTEM_ChipRevisionGet
 .text.TIMER_Valid
                0x00001a14       0x2c ./simplicity_sdk_2024.6.2/platform/emlib/src/em_timer.o
 .text.TIMER_Init
                0x00001a40       0x90 ./simplicity_sdk_2024.6.2/platform/emlib/src/em_timer.o
                0x00001a40                TIMER_Init
 .text.prsRxInput
                0x00001ad0       0x44 ./simplicity_sdk_2024.6.2/platform/emlib/src/em_usart.o
 .text.USART_BaudrateAsyncSet
                0x00001b14       0xe0 ./simplicity_sdk_2024.6.2/platform/emlib/src/em_usart.o
                0x00001b14                USART_BaudrateAsyncSet
 .text.USART_Reset
                0x00001bf4       0x80 ./simplicity_sdk_2024.6.2/platform/emlib/src/em_usart.o
                0x00001bf4                USART_Reset
 .text.USART_InitAsync
                0x00001c74      0x124 ./simplicity_sdk_2024.6.2/platform/emlib/src/em_usart.o
                0x00001c74                USART_InitAsync
 .text.sli_clock_manager_hal_init
                0x00001d98      0x1a4 ./simplicity_sdk_2024.6.2/platform/service/clock_manager/src/sl_clock_manager_init_hal_s2.o
                0x00001d98                sli_clock_manager_hal_init
 .text.sl_device_init_emu
                0x00001f3c       0x24 ./simplicity_sdk_2024.6.2/platform/service/device_init/src/sl_device_init_emu_s2.o
                0x00001f3c                sl_device_init_emu
 .text.sl_interrupt_manager_enable_irq
                0x00001f60       0x34 ./simplicity_sdk_2024.6.2/platform/service/interrupt_manager/src/sl_interrupt_manager_cortexm.o
                0x00001f60                sl_interrupt_manager_enable_irq
 .text.sl_interrupt_manager_clear_irq_pending
                0x00001f94       0x1c ./simplicity_sdk_2024.6.2/platform/service/interrupt_manager/src/sl_interrupt_manager_cortexm.o
                0x00001f94                sl_interrupt_manager_clear_irq_pending
 .text.sl_interrupt_manager_set_irq_priority
                0x00001fb0       0x50 ./simplicity_sdk_2024.6.2/platform/service/interrupt_manager/src/sl_interrupt_manager_cortexm.o
                0x00001fb0                sl_interrupt_manager_set_irq_priority
 .text._sbrk    0x00002000       0x20 ./simplicity_sdk_2024.6.2/platform/service/memory_manager/src/sl_memory_manager_region.o
                0x00002000                _sbrk
 .text.exit     0x00002020       0x24 d:/siliconlab/developer/toolchains/gnu_arm/12.2.rel1_2023.7/bin/../lib/gcc/arm-none-eabi/12.2.1/thumb/v8-m.main+fp/hard\libc_nano.a(libc_a-exit.o)
                0x00002020                exit
 .text.srand    0x00002044       0x5c d:/siliconlab/developer/toolchains/gnu_arm/12.2.rel1_2023.7/bin/../lib/gcc/arm-none-eabi/12.2.1/thumb/v8-m.main+fp/hard\libc_nano.a(libc_a-rand.o)
                0x00002044                srand
 .text.rand     0x000020a0       0x7c d:/siliconlab/developer/toolchains/gnu_arm/12.2.rel1_2023.7/bin/../lib/gcc/arm-none-eabi/12.2.1/thumb/v8-m.main+fp/hard\libc_nano.a(libc_a-rand.o)
                0x000020a0                rand
 .text.std      0x0000211c       0x6c d:/siliconlab/developer/toolchains/gnu_arm/12.2.rel1_2023.7/bin/../lib/gcc/arm-none-eabi/12.2.1/thumb/v8-m.main+fp/hard\libc_nano.a(libc_a-findfp.o)
 .text.stdio_exit_handler
                0x00002188       0x18 d:/siliconlab/developer/toolchains/gnu_arm/12.2.rel1_2023.7/bin/../lib/gcc/arm-none-eabi/12.2.1/thumb/v8-m.main+fp/hard\libc_nano.a(libc_a-findfp.o)
 .text.cleanup_stdio
                0x000021a0       0x40 d:/siliconlab/developer/toolchains/gnu_arm/12.2.rel1_2023.7/bin/../lib/gcc/arm-none-eabi/12.2.1/thumb/v8-m.main+fp/hard\libc_nano.a(libc_a-findfp.o)
 .text.global_stdio_init.part.0
                0x000021e0       0x3c d:/siliconlab/developer/toolchains/gnu_arm/12.2.rel1_2023.7/bin/../lib/gcc/arm-none-eabi/12.2.1/thumb/v8-m.main+fp/hard\libc_nano.a(libc_a-findfp.o)
 .text.__sfp_lock_acquire
                0x0000221c        0xc d:/siliconlab/developer/toolchains/gnu_arm/12.2.rel1_2023.7/bin/../lib/gcc/arm-none-eabi/12.2.1/thumb/v8-m.main+fp/hard\libc_nano.a(libc_a-findfp.o)
                0x0000221c                __sfp_lock_acquire
 .text.__sfp_lock_release
                0x00002228        0xc d:/siliconlab/developer/toolchains/gnu_arm/12.2.rel1_2023.7/bin/../lib/gcc/arm-none-eabi/12.2.1/thumb/v8-m.main+fp/hard\libc_nano.a(libc_a-findfp.o)
                0x00002228                __sfp_lock_release
 .text.__sinit  0x00002234       0x30 d:/siliconlab/developer/toolchains/gnu_arm/12.2.rel1_2023.7/bin/../lib/gcc/arm-none-eabi/12.2.1/thumb/v8-m.main+fp/hard\libc_nano.a(libc_a-findfp.o)
                0x00002234                __sinit
 .text.snprintf
                0x00002264       0x68 d:/siliconlab/developer/toolchains/gnu_arm/12.2.rel1_2023.7/bin/../lib/gcc/arm-none-eabi/12.2.1/thumb/v8-m.main+fp/hard\libc_nano.a(libc_a-snprintf.o)
                0x00002264                sniprintf
                0x00002264                snprintf
 .text._close_r
                0x000022cc       0x20 d:/siliconlab/developer/toolchains/gnu_arm/12.2.rel1_2023.7/bin/../lib/gcc/arm-none-eabi/12.2.1/thumb/v8-m.main+fp/hard\libc_nano.a(libc_a-closer.o)
                0x000022cc                _close_r
 .text._lseek_r
                0x000022ec       0x24 d:/siliconlab/developer/toolchains/gnu_arm/12.2.rel1_2023.7/bin/../lib/gcc/arm-none-eabi/12.2.1/thumb/v8-m.main+fp/hard\libc_nano.a(libc_a-lseekr.o)
                0x000022ec                _lseek_r
 .text._read_r  0x00002310       0x24 d:/siliconlab/developer/toolchains/gnu_arm/12.2.rel1_2023.7/bin/../lib/gcc/arm-none-eabi/12.2.1/thumb/v8-m.main+fp/hard\libc_nano.a(libc_a-readr.o)
                0x00002310                _read_r
 .text._write_r
                0x00002334       0x24 d:/siliconlab/developer/toolchains/gnu_arm/12.2.rel1_2023.7/bin/../lib/gcc/arm-none-eabi/12.2.1/thumb/v8-m.main+fp/hard\libc_nano.a(libc_a-writer.o)
                0x00002334                _write_r
 .text.__libc_init_array
                0x00002358       0x48 d:/siliconlab/developer/toolchains/gnu_arm/12.2.rel1_2023.7/bin/../lib/gcc/arm-none-eabi/12.2.1/thumb/v8-m.main+fp/hard\libc_nano.a(libc_a-init.o)
                0x00002358                __libc_init_array
 .text.__assert_func
                0x000023a0       0x3c d:/siliconlab/developer/toolchains/gnu_arm/12.2.rel1_2023.7/bin/../lib/gcc/arm-none-eabi/12.2.1/thumb/v8-m.main+fp/hard\libc_nano.a(libc_a-assert.o)
                0x000023a0                __assert_func
 .text._free_r  0x000023dc       0x94 d:/siliconlab/developer/toolchains/gnu_arm/12.2.rel1_2023.7/bin/../lib/gcc/arm-none-eabi/12.2.1/thumb/v8-m.main+fp/hard\libc_nano.a(libc_a-freer.o)
                0x000023dc                _free_r
 .text.malloc   0x00002470       0x10 d:/siliconlab/developer/toolchains/gnu_arm/12.2.rel1_2023.7/bin/../lib/gcc/arm-none-eabi/12.2.1/thumb/v8-m.main+fp/hard\libc_nano.a(libc_a-malloc.o)
                0x00002470                malloc
 .text.sbrk_aligned
                0x00002480       0x44 d:/siliconlab/developer/toolchains/gnu_arm/12.2.rel1_2023.7/bin/../lib/gcc/arm-none-eabi/12.2.1/thumb/v8-m.main+fp/hard\libc_nano.a(libc_a-mallocr.o)
 .text._malloc_r
                0x000024c4       0xf0 d:/siliconlab/developer/toolchains/gnu_arm/12.2.rel1_2023.7/bin/../lib/gcc/arm-none-eabi/12.2.1/thumb/v8-m.main+fp/hard\libc_nano.a(libc_a-mallocr.o)
                0x000024c4                _malloc_r
 .text.__malloc_lock
                0x000025b4        0xc d:/siliconlab/developer/toolchains/gnu_arm/12.2.rel1_2023.7/bin/../lib/gcc/arm-none-eabi/12.2.1/thumb/v8-m.main+fp/hard\libc_nano.a(libc_a-mlock.o)
                0x000025b4                __malloc_lock
 .text.__malloc_unlock
                0x000025c0        0xc d:/siliconlab/developer/toolchains/gnu_arm/12.2.rel1_2023.7/bin/../lib/gcc/arm-none-eabi/12.2.1/thumb/v8-m.main+fp/hard\libc_nano.a(libc_a-mlock.o)
                0x000025c0                __malloc_unlock
 .text._svfprintf_r
                0x000025cc      0x1f8 d:/siliconlab/developer/toolchains/gnu_arm/12.2.rel1_2023.7/bin/../lib/gcc/arm-none-eabi/12.2.1/thumb/v8-m.main+fp/hard\libc_nano.a(libc_a-nano-svfprintf.o)
                0x000025cc                _svfiprintf_r
                0x000025cc                _svfprintf_r
 .text._printf_i
                0x000027c4      0x258 d:/siliconlab/developer/toolchains/gnu_arm/12.2.rel1_2023.7/bin/../lib/gcc/arm-none-eabi/12.2.1/thumb/v8-m.main+fp/hard\libc_nano.a(libc_a-nano-vfprintf_i.o)
                0x000027c4                _printf_i
 .text.fprintf  0x00002a1c       0x24 d:/siliconlab/developer/toolchains/gnu_arm/12.2.rel1_2023.7/bin/../lib/gcc/arm-none-eabi/12.2.1/thumb/v8-m.main+fp/hard\libc_nano.a(libc_a-fprintf.o)
                0x00002a1c                fiprintf
                0x00002a1c                fprintf
 .text._sbrk_r  0x00002a40       0x20 d:/siliconlab/developer/toolchains/gnu_arm/12.2.rel1_2023.7/bin/../lib/gcc/arm-none-eabi/12.2.1/thumb/v8-m.main+fp/hard\libc_nano.a(libc_a-sbrkr.o)
                0x00002a40                _sbrk_r
 .text._vfprintf_r
                0x00002a60      0x230 d:/siliconlab/developer/toolchains/gnu_arm/12.2.rel1_2023.7/bin/../lib/gcc/arm-none-eabi/12.2.1/thumb/v8-m.main+fp/hard\libc_nano.a(libc_a-nano-vfprintf.o)
                0x00002a60                _vfprintf_r
                0x00002a60                _vfiprintf_r
 .text.__swsetup_r
                0x00002c90       0xac d:/siliconlab/developer/toolchains/gnu_arm/12.2.rel1_2023.7/bin/../lib/gcc/arm-none-eabi/12.2.1/thumb/v8-m.main+fp/hard\libc_nano.a(libc_a-wsetup.o)
                0x00002c90                __swsetup_r
 .text.raise    0x00002d3c       0x10 d:/siliconlab/developer/toolchains/gnu_arm/12.2.rel1_2023.7/bin/../lib/gcc/arm-none-eabi/12.2.1/thumb/v8-m.main+fp/hard\libc_nano.a(libc_a-signal.o)
                0x00002d3c                raise
 .text._kill_r  0x00002d4c       0x24 d:/siliconlab/developer/toolchains/gnu_arm/12.2.rel1_2023.7/bin/../lib/gcc/arm-none-eabi/12.2.1/thumb/v8-m.main+fp/hard\libc_nano.a(libc_a-signalr.o)
                0x00002d4c                _kill_r
 .text._fstat_r
                0x00002d70       0x24 d:/siliconlab/developer/toolchains/gnu_arm/12.2.rel1_2023.7/bin/../lib/gcc/arm-none-eabi/12.2.1/thumb/v8-m.main+fp/hard\libc_nano.a(libc_a-fstatr.o)
                0x00002d70                _fstat_r
 .text._isatty_r
                0x00002d94       0x20 d:/siliconlab/developer/toolchains/gnu_arm/12.2.rel1_2023.7/bin/../lib/gcc/arm-none-eabi/12.2.1/thumb/v8-m.main+fp/hard\libc_nano.a(libc_a-isattyr.o)
                0x00002d94                _isatty_r
 .text.app_init
                0x00002db4        0x2 ./app.o
                0x00002db4                app_init
 .text.app_process_action
                0x00002db6        0x2 ./app.o
                0x00002db6                app_process_action
 .text.sl_board_default_init
                0x00002db8        0x4 ./autogen/sl_board_default_init.o
                0x00002db8                sl_board_default_init
 .text.sl_driver_init
                0x00002dbc        0xe ./autogen/sl_event_handler.o
                0x00002dbc                sl_driver_init
 .text.sl_service_init
                0x00002dca        0x4 ./autogen/sl_event_handler.o
                0x00002dca                sl_service_init
 .text.sl_stack_init
                0x00002dce        0x2 ./autogen/sl_event_handler.o
                0x00002dce                sl_stack_init
 .text.sl_internal_app_init
                0x00002dd0        0x2 ./autogen/sl_event_handler.o
                0x00002dd0                sl_internal_app_init
 .text.sl_platform_process_action
                0x00002dd2        0x2 ./autogen/sl_event_handler.o
                0x00002dd2                sl_platform_process_action
 .text.sl_service_process_action
                0x00002dd4        0x2 ./autogen/sl_event_handler.o
                0x00002dd4                sl_service_process_action
 .text.sl_stack_process_action
                0x00002dd6        0x2 ./autogen/sl_event_handler.o
                0x00002dd6                sl_stack_process_action
 .text.sl_internal_app_process_action
                0x00002dd8        0x2 ./autogen/sl_event_handler.o
                0x00002dd8                sl_internal_app_process_action
 .text.sl_board_enable_vcom
                0x00002dda       0x12 ./simplicity_sdk_2024.6.2/hardware/board/src/sl_board_control_gpio.o
                0x00002dda                sl_board_enable_vcom
 .text.sl_board_configure_vcom
                0x00002dec        0x4 ./simplicity_sdk_2024.6.2/hardware/board/src/sl_board_control_gpio.o
                0x00002dec                sl_board_configure_vcom
 .text.sl_board_disable_vcom
                0x00002df0       0x12 ./simplicity_sdk_2024.6.2/hardware/board/src/sl_board_control_gpio.o
                0x00002df0                sl_board_disable_vcom
 .text.sl_cos_send_config
                0x00002e02       0x12 ./simplicity_sdk_2024.6.2/hardware/driver/configuration_over_swo/src/sl_cos.o
                0x00002e02                sl_cos_send_config
 .text.Default_Handler
                0x00002e14        0x2 ./simplicity_sdk_2024.6.2/platform/Device/SiliconLabs/EFR32MG21/Source/startup_efr32mg21.o
                0x00002e14                ULFRCO_IRQHandler
                0x00002e14                SW2_IRQHandler
                0x00002e14                TIMER2_IRQHandler
                0x00002e14                DebugMon_Handler
                0x00002e14                USART0_TX_IRQHandler
                0x00002e14                PRORTC_IRQHandler
                0x00002e14                IADC_IRQHandler
                0x00002e14                I2C0_IRQHandler
                0x00002e14                LFXO_IRQHandler
                0x00002e14                HardFault_Handler
                0x00002e14                SMU_SECURE_IRQHandler
                0x00002e14                SysTick_Handler
                0x00002e14                USART1_RX_IRQHandler
                0x00002e14                PendSV_Handler
                0x00002e14                NMI_Handler
                0x00002e14                SYNTH_IRQHandler
                0x00002e14                I2C1_IRQHandler
                0x00002e14                WDOG0_IRQHandler
                0x00002e14                TIMER3_IRQHandler
                0x00002e14                SYSCFG_IRQHandler
                0x00002e14                EMUSE_IRQHandler
                0x00002e14                EMUDG_IRQHandler
                0x00002e14                USART1_TX_IRQHandler
                0x00002e14                SMU_PRIVILEGED_IRQHandler
                0x00002e14                MSC_IRQHandler
                0x00002e14                DPLL0_IRQHandler
                0x00002e14                UsageFault_Handler
                0x00002e14                WDOG1_IRQHandler
                0x00002e14                M33CTI1_IRQHandler
                0x00002e14                GPIO_EVEN_IRQHandler
                0x00002e14                SEMBTX_IRQHandler
                0x00002e14                SW0_IRQHandler
                0x00002e14                TIMER0_IRQHandler
                0x00002e14                LETIMER0_IRQHandler
                0x00002e14                TIMER1_IRQHandler
                0x00002e14                HFRCO0_IRQHandler
                0x00002e14                SecureFault_Handler
                0x00002e14                BUFC_IRQHandler
                0x00002e14                MODEM_IRQHandler
                0x00002e14                USART2_RX_IRQHandler
                0x00002e14                Default_Handler
                0x00002e14                RAC_SEQ_IRQHandler
                0x00002e14                FRC_PRI_IRQHandler
                0x00002e14                EMU_IRQHandler
                0x00002e14                SW3_IRQHandler
                0x00002e14                KERNEL0_IRQHandler
                0x00002e14                FRC_IRQHandler
                0x00002e14                KERNEL1_IRQHandler
                0x00002e14                AGC_IRQHandler
                0x00002e14                sl_app_properties
                0x00002e14                HFRCOEM23_IRQHandler
                0x00002e14                BURTC_IRQHandler
                0x00002e14                SEMBRX_IRQHandler
                0x00002e14                LFRCO_IRQHandler
                0x00002e14                ACMP0_IRQHandler
                0x00002e14                USART0_RX_IRQHandler
                0x00002e14                MemManage_Handler
                0x00002e14                SVC_Handler
                0x00002e14                RTCC_IRQHandler
                0x00002e14                HFXO00_IRQHandler
                0x00002e14                SW1_IRQHandler
                0x00002e14                CMU_IRQHandler
                0x00002e14                RAC_RSM_IRQHandler
                0x00002e14                SETAMPERHOST_IRQHandler
                0x00002e14                GPIO_ODD_IRQHandler
                0x00002e14                AES_IRQHandler
                0x00002e14                M33CTI0_IRQHandler
                0x00002e14                ICACHE0_IRQHandler
                0x00002e14                PROTIMER_IRQHandler
                0x00002e14                ACMP1_IRQHandler
                0x00002e14                BusFault_Handler
                0x00002e14                USART2_TX_IRQHandler
 .text.CopyBlock
                0x00002e16       0x18 ./simplicity_sdk_2024.6.2/platform/Device/SiliconLabs/EFR32MG21/Source/startup_efr32mg21.o
                0x00002e16                CopyBlock
 .text.SystemCLKIN0Get
                0x00002e2e        0x4 ./simplicity_sdk_2024.6.2/platform/Device/SiliconLabs/EFR32MG21/Source/system_efr32mg21.o
                0x00002e2e                SystemCLKIN0Get
 .text.SystemLFRCOClockGet
                0x00002e32        0x6 ./simplicity_sdk_2024.6.2/platform/Device/SiliconLabs/EFR32MG21/Source/system_efr32mg21.o
                0x00002e32                SystemLFRCOClockGet
 .text.SystemULFRCOClockGet
                0x00002e38        0x6 ./simplicity_sdk_2024.6.2/platform/Device/SiliconLabs/EFR32MG21/Source/system_efr32mg21.o
                0x00002e38                SystemULFRCOClockGet
 .text.assertEFM
                0x00002e3e        0x2 ./simplicity_sdk_2024.6.2/platform/common/src/sl_assert.o
                0x00002e3e                assertEFM
 .text.CORE_EnterCritical
                0x00002e40        0x8 ./simplicity_sdk_2024.6.2/platform/common/src/sl_core_cortexm.o
                0x00002e40                CORE_EnterCritical
 .text.CORE_ExitCritical
                0x00002e48        0x6 ./simplicity_sdk_2024.6.2/platform/common/src/sl_core_cortexm.o
                0x00002e48                CORE_ExitCritical
 .text.CORE_EnterAtomic
                0x00002e4e        0xc ./simplicity_sdk_2024.6.2/platform/common/src/sl_core_cortexm.o
                0x00002e4e                CORE_EnterAtomic
 .text.CORE_ExitAtomic
                0x00002e5a        0x6 ./simplicity_sdk_2024.6.2/platform/common/src/sl_core_cortexm.o
                0x00002e5a                CORE_ExitAtomic
 .text._close   0x00002e60        0x6 ./simplicity_sdk_2024.6.2/platform/common/src/sl_syscalls.o
                0x00002e60                _close
 .text._exit    0x00002e66        0x2 ./simplicity_sdk_2024.6.2/platform/common/src/sl_syscalls.o
                0x00002e66                _exit
 .text._fstat   0x00002e68        0x4 ./simplicity_sdk_2024.6.2/platform/common/src/sl_syscalls.o
                0x00002e68                _fstat
 .text._getpid  0x00002e6c        0x4 ./simplicity_sdk_2024.6.2/platform/common/src/sl_syscalls.o
                0x00002e6c                _getpid
 .text._isatty  0x00002e70        0x4 ./simplicity_sdk_2024.6.2/platform/common/src/sl_syscalls.o
                0x00002e70                _isatty
 .text._kill    0x00002e74        0x6 ./simplicity_sdk_2024.6.2/platform/common/src/sl_syscalls.o
                0x00002e74                _kill
 .text._lseek   0x00002e7a        0x4 ./simplicity_sdk_2024.6.2/platform/common/src/sl_syscalls.o
                0x00002e7a                _lseek
 .text._read    0x00002e7e        0x4 ./simplicity_sdk_2024.6.2/platform/common/src/sl_syscalls.o
                0x00002e7e                _read
 .text._write   0x00002e82        0x4 ./simplicity_sdk_2024.6.2/platform/common/src/sl_syscalls.o
                0x00002e82                _write
 .text.sl_debug_swo_enable_itm
                0x00002e86       0x16 ./simplicity_sdk_2024.6.2/platform/driver/debug/src/sl_debug_swo.o
                0x00002e86                sl_debug_swo_enable_itm
 .text.sl_debug_swo_disable_itm
                0x00002e9c       0x18 ./simplicity_sdk_2024.6.2/platform/driver/debug/src/sl_debug_swo.o
                0x00002e9c                sl_debug_swo_disable_itm
 .text.waitStateMax
                0x00002eb4       0x10 ./simplicity_sdk_2024.6.2/platform/emlib/src/em_cmu.o
 .text.pclkDivMax
                0x00002ec4        0x8 ./simplicity_sdk_2024.6.2/platform/emlib/src/em_cmu.o
 .text.sli_em_cmu_SYSCLKInitPreClockSelect
                0x00002ecc        0xe ./simplicity_sdk_2024.6.2/platform/emlib/src/em_cmu.o
                0x00002ecc                sli_em_cmu_SYSCLKInitPreClockSelect
 .text.sli_em_cmu_SYSCLKInitPostClockSelect
                0x00002eda       0x1a ./simplicity_sdk_2024.6.2/platform/emlib/src/em_cmu.o
                0x00002eda                sli_em_cmu_SYSCLKInitPostClockSelect
 .text.BUS_RegMaskedWrite
                0x00002ef4       0x1e ./simplicity_sdk_2024.6.2/platform/emlib/src/em_gpio.o
 .text.GPIO_DbgLocationSet
                0x00002f12        0x2 ./simplicity_sdk_2024.6.2/platform/emlib/src/em_gpio.o
                0x00002f12                GPIO_DbgLocationSet
 .text.TIMER_SyncWait
                0x00002f14        0xe ./simplicity_sdk_2024.6.2/platform/emlib/src/em_timer.o
                0x00002f14                TIMER_SyncWait
 .text.USART_Tx
                0x00002f22        0xa ./simplicity_sdk_2024.6.2/platform/emlib/src/em_usart.o
                0x00002f22                USART_Tx
 .text.sl_clock_manager_runtime_init
                0x00002f2c        0x4 ./simplicity_sdk_2024.6.2/platform/service/clock_manager/src/sl_clock_manager.o
                0x00002f2c                sl_clock_manager_runtime_init
 .text.sl_clock_manager_get_clock_branch_frequency
                0x00002f30        0xa ./simplicity_sdk_2024.6.2/platform/service/clock_manager/src/sl_clock_manager.o
                0x00002f30                sl_clock_manager_get_clock_branch_frequency
 .text.sl_clock_manager_enable_bus_clock
                0x00002f3a        0x6 ./simplicity_sdk_2024.6.2/platform/service/clock_manager/src/sl_clock_manager.o
                0x00002f3a                sl_clock_manager_enable_bus_clock
 .text.sli_clock_manager_hal_runtime_init
                0x00002f40        0x4 ./simplicity_sdk_2024.6.2/platform/service/clock_manager/src/sl_clock_manager_hal_s2.o
                0x00002f40                sli_clock_manager_hal_runtime_init
 .text.sli_clock_manager_hal_get_clock_branch_frequency
                0x00002f44       0x82 ./simplicity_sdk_2024.6.2/platform/service/clock_manager/src/sl_clock_manager_hal_s2.o
                0x00002f44                sli_clock_manager_hal_get_clock_branch_frequency
 .text.sli_clock_manager_hal_enable_bus_clock
                0x00002fc6        0x4 ./simplicity_sdk_2024.6.2/platform/service/clock_manager/src/sl_clock_manager_hal_s2.o
                0x00002fc6                sli_clock_manager_hal_enable_bus_clock
 .text.sl_clock_manager_init
                0x00002fca        0x4 ./simplicity_sdk_2024.6.2/platform/service/clock_manager/src/sl_clock_manager_init.o
                0x00002fca                sl_clock_manager_init
 .text.sl_interrupt_manager_init
                0x00002fce       0x16 ./simplicity_sdk_2024.6.2/platform/service/interrupt_manager/src/sl_interrupt_manager_cortexm.o
                0x00002fce                sl_interrupt_manager_init
 .text.sl_system_init
                0x00002fe4       0x1a ./simplicity_sdk_2024.6.2/platform/service/system/src/sl_system_init.o
                0x00002fe4                sl_system_init
 .text.sl_system_process_action
                0x00002ffe       0x16 ./simplicity_sdk_2024.6.2/platform/service/system/src/sl_system_process_action.o
                0x00002ffe                sl_system_process_action
 .text._fwalk_sglue
                0x00003014       0x3c d:/siliconlab/developer/toolchains/gnu_arm/12.2.rel1_2023.7/bin/../lib/gcc/arm-none-eabi/12.2.1/thumb/v8-m.main+fp/hard\libc_nano.a(libc_a-fwalk.o)
                0x00003014                _fwalk_sglue
 .text.__sread  0x00003050       0x22 d:/siliconlab/developer/toolchains/gnu_arm/12.2.rel1_2023.7/bin/../lib/gcc/arm-none-eabi/12.2.1/thumb/v8-m.main+fp/hard\libc_nano.a(libc_a-stdio.o)
                0x00003050                __sread
 .text.__swrite
                0x00003072       0x38 d:/siliconlab/developer/toolchains/gnu_arm/12.2.rel1_2023.7/bin/../lib/gcc/arm-none-eabi/12.2.1/thumb/v8-m.main+fp/hard\libc_nano.a(libc_a-stdio.o)
                0x00003072                __swrite
 .text.__sseek  0x000030aa       0x24 d:/siliconlab/developer/toolchains/gnu_arm/12.2.rel1_2023.7/bin/../lib/gcc/arm-none-eabi/12.2.1/thumb/v8-m.main+fp/hard\libc_nano.a(libc_a-stdio.o)
                0x000030aa                __sseek
 .text.__sclose
                0x000030ce        0x8 d:/siliconlab/developer/toolchains/gnu_arm/12.2.rel1_2023.7/bin/../lib/gcc/arm-none-eabi/12.2.1/thumb/v8-m.main+fp/hard\libc_nano.a(libc_a-stdio.o)
                0x000030ce                __sclose
 .text.memset   0x000030d6       0x10 d:/siliconlab/developer/toolchains/gnu_arm/12.2.rel1_2023.7/bin/../lib/gcc/arm-none-eabi/12.2.1/thumb/v8-m.main+fp/hard\libc_nano.a(libc_a-memset.o)
                0x000030d6                memset
 .text.__retarget_lock_init_recursive
                0x000030e6        0x2 d:/siliconlab/developer/toolchains/gnu_arm/12.2.rel1_2023.7/bin/../lib/gcc/arm-none-eabi/12.2.1/thumb/v8-m.main+fp/hard\libc_nano.a(libc_a-lock.o)
                0x000030e6                __retarget_lock_init_recursive
 .text.__retarget_lock_acquire_recursive
                0x000030e8        0x2 d:/siliconlab/developer/toolchains/gnu_arm/12.2.rel1_2023.7/bin/../lib/gcc/arm-none-eabi/12.2.1/thumb/v8-m.main+fp/hard\libc_nano.a(libc_a-lock.o)
                0x000030e8                __retarget_lock_acquire_recursive
 .text.__retarget_lock_release_recursive
                0x000030ea        0x2 d:/siliconlab/developer/toolchains/gnu_arm/12.2.rel1_2023.7/bin/../lib/gcc/arm-none-eabi/12.2.1/thumb/v8-m.main+fp/hard\libc_nano.a(libc_a-lock.o)
                0x000030ea                __retarget_lock_release_recursive
 .text.__ssputs_r
                0x000030ec       0xb6 d:/siliconlab/developer/toolchains/gnu_arm/12.2.rel1_2023.7/bin/../lib/gcc/arm-none-eabi/12.2.1/thumb/v8-m.main+fp/hard\libc_nano.a(libc_a-nano-svfprintf.o)
                0x000030ec                __ssputs_r
 .text._printf_common
                0x000031a2       0xe4 d:/siliconlab/developer/toolchains/gnu_arm/12.2.rel1_2023.7/bin/../lib/gcc/arm-none-eabi/12.2.1/thumb/v8-m.main+fp/hard\libc_nano.a(libc_a-nano-vfprintf_i.o)
                0x000031a2                _printf_common
 .text.__sflush_r
                0x00003286      0x106 d:/siliconlab/developer/toolchains/gnu_arm/12.2.rel1_2023.7/bin/../lib/gcc/arm-none-eabi/12.2.1/thumb/v8-m.main+fp/hard\libc_nano.a(libc_a-fflush.o)
                0x00003286                __sflush_r
 .text._fflush_r
                0x0000338c       0x50 d:/siliconlab/developer/toolchains/gnu_arm/12.2.rel1_2023.7/bin/../lib/gcc/arm-none-eabi/12.2.1/thumb/v8-m.main+fp/hard\libc_nano.a(libc_a-fflush.o)
                0x0000338c                _fflush_r
 .text.memmove  0x000033dc       0x34 d:/siliconlab/developer/toolchains/gnu_arm/12.2.rel1_2023.7/bin/../lib/gcc/arm-none-eabi/12.2.1/thumb/v8-m.main+fp/hard\libc_nano.a(libc_a-memmove.o)
                0x000033dc                memmove
 .text.memchr   0x00003410       0x1c d:/siliconlab/developer/toolchains/gnu_arm/12.2.rel1_2023.7/bin/../lib/gcc/arm-none-eabi/12.2.1/thumb/v8-m.main+fp/hard\libc_nano.a(libc_a-memchr-stub.o)
                0x00003410                memchr
 .text.memcpy   0x0000342c       0x1a d:/siliconlab/developer/toolchains/gnu_arm/12.2.rel1_2023.7/bin/../lib/gcc/arm-none-eabi/12.2.1/thumb/v8-m.main+fp/hard\libc_nano.a(libc_a-memcpy-stub.o)
                0x0000342c                memcpy
 .text.abort    0x00003446        0xe d:/siliconlab/developer/toolchains/gnu_arm/12.2.rel1_2023.7/bin/../lib/gcc/arm-none-eabi/12.2.1/thumb/v8-m.main+fp/hard\libc_nano.a(libc_a-abort.o)
                0x00003446                abort
 .text._realloc_r
                0x00003454       0x5c d:/siliconlab/developer/toolchains/gnu_arm/12.2.rel1_2023.7/bin/../lib/gcc/arm-none-eabi/12.2.1/thumb/v8-m.main+fp/hard\libc_nano.a(libc_a-reallocr.o)
                0x00003454                _realloc_r
 .text.__sfputc_r
                0x000034b0       0x2e d:/siliconlab/developer/toolchains/gnu_arm/12.2.rel1_2023.7/bin/../lib/gcc/arm-none-eabi/12.2.1/thumb/v8-m.main+fp/hard\libc_nano.a(libc_a-nano-vfprintf.o)
 .text.__sfputs_r
                0x000034de       0x24 d:/siliconlab/developer/toolchains/gnu_arm/12.2.rel1_2023.7/bin/../lib/gcc/arm-none-eabi/12.2.1/thumb/v8-m.main+fp/hard\libc_nano.a(libc_a-nano-vfprintf.o)
                0x000034de                __sfputs_r
 .text.__swbuf_r
                0x00003502       0x7c d:/siliconlab/developer/toolchains/gnu_arm/12.2.rel1_2023.7/bin/../lib/gcc/arm-none-eabi/12.2.1/thumb/v8-m.main+fp/hard\libc_nano.a(libc_a-wbuf.o)
                0x00003502                __swbuf_r
 .text._raise_r
                0x0000357e       0x50 d:/siliconlab/developer/toolchains/gnu_arm/12.2.rel1_2023.7/bin/../lib/gcc/arm-none-eabi/12.2.1/thumb/v8-m.main+fp/hard\libc_nano.a(libc_a-signal.o)
                0x0000357e                _raise_r
 .text._getpid_r
                0x000035ce        0x4 d:/siliconlab/developer/toolchains/gnu_arm/12.2.rel1_2023.7/bin/../lib/gcc/arm-none-eabi/12.2.1/thumb/v8-m.main+fp/hard\libc_nano.a(libc_a-signalr.o)
                0x000035ce                _getpid_r
 .text._malloc_usable_size_r
                0x000035d2       0x10 d:/siliconlab/developer/toolchains/gnu_arm/12.2.rel1_2023.7/bin/../lib/gcc/arm-none-eabi/12.2.1/thumb/v8-m.main+fp/hard\libc_nano.a(libc_a-msizer.o)
                0x000035d2                _malloc_usable_size_r
 .text.__swhatbuf_r
                0x000035e2       0x4a d:/siliconlab/developer/toolchains/gnu_arm/12.2.rel1_2023.7/bin/../lib/gcc/arm-none-eabi/12.2.1/thumb/v8-m.main+fp/hard\libc_nano.a(libc_a-makebuf.o)
                0x000035e2                __swhatbuf_r
 .text.__smakebuf_r
                0x0000362c       0x78 d:/siliconlab/developer/toolchains/gnu_arm/12.2.rel1_2023.7/bin/../lib/gcc/arm-none-eabi/12.2.1/thumb/v8-m.main+fp/hard\libc_nano.a(libc_a-makebuf.o)
                0x0000362c                __smakebuf_r
 *(SORT_BY_ALIGNMENT(text_*))
                0x000036c0                . = ALIGN (0x20)
 *fill*         0x000036a4       0x1c 
                0x000036c0                linker_code_end = .
 *(.init)
 .init          0x000036c0        0x4 d:/siliconlab/developer/toolchains/gnu_arm/12.2.rel1_2023.7/bin/../lib/gcc/arm-none-eabi/12.2.1/thumb/v8-m.main+fp/hard/crti.o
                0x000036c0                _init
 .init          0x000036c4        0x8 d:/siliconlab/developer/toolchains/gnu_arm/12.2.rel1_2023.7/bin/../lib/gcc/arm-none-eabi/12.2.1/thumb/v8-m.main+fp/hard/crtn.o
 *(.fini)
 .fini          0x000036cc        0x4 d:/siliconlab/developer/toolchains/gnu_arm/12.2.rel1_2023.7/bin/../lib/gcc/arm-none-eabi/12.2.1/thumb/v8-m.main+fp/hard/crti.o
                0x000036cc                _fini
 .fini          0x000036d0        0x8 d:/siliconlab/developer/toolchains/gnu_arm/12.2.rel1_2023.7/bin/../lib/gcc/arm-none-eabi/12.2.1/thumb/v8-m.main+fp/hard/crtn.o
 *crtbegin.o(.ctors)
 *crtbegin?.o(.ctors)
 *(EXCLUDE_FILE(*crtend.o *crtend?.o) .ctors)
 *(SORT_BY_NAME(.ctors.*))
 *(.ctors)
 *crtbegin.o(.dtors)
 *crtbegin?.o(.dtors)
 *(EXCLUDE_FILE(*crtend.o *crtend?.o) .dtors)
 *(SORT_BY_NAME(.dtors.*))
 *(.dtors)
 *(.rodata*)
 .rodata.task_max_freq.constprop.0.str1.1
                0x000036d8       0x12 ./main.o
 .rodata.main.str1.1
                0x000036ea      0x1c7 ./main.o
                                0x1ca (size before relaxing)
 *fill*         0x000038b1        0x3 
 .rodata        0x000038b4       0x20 ./main.o
 .rodata.HFRCODPLLDevinfoGet.str1.1
                0x000038d4       0x5e ./simplicity_sdk_2024.6.2/platform/emlib/src/em_cmu.o
 .rodata.GPIO_PinOutSet.str1.1
                0x00003932       0x5f ./simplicity_sdk_2024.6.2/platform/emlib/src/em_gpio.o
 .rodata.GPIO_ExtIntConfig.str1.1
                0x00003991       0x5f ./simplicity_sdk_2024.6.2/platform/emlib/src/em_gpio.o
 .rodata.CSWTCH.31
                0x000039f0        0x4 ./simplicity_sdk_2024.6.2/platform/emlib/src/em_gpio.o
 .rodata.LDMA_EnableChannelRequest.str1.1
                0x000039f4       0xbd ./simplicity_sdk_2024.6.2/platform/emlib/src/em_ldma.o
 .rodata.timerPrsConfig.str1.1
                0x00003ab1       0x60 ./simplicity_sdk_2024.6.2/platform/emlib/src/em_timer.o
 .rodata.USART_BaudrateAsyncSet.str1.1
                0x00003b11       0x60 ./simplicity_sdk_2024.6.2/platform/emlib/src/em_usart.o
 *fill*         0x00003b71        0x3 
 .rodata        0x00003b74       0x3c ./simplicity_sdk_2024.6.2/platform/service/clock_manager/src/sl_clock_manager_init_hal_s2.o
 .rodata.SL_BUS_CLOCK_GPIO_VALUE
                0x00003bb0        0x4 ./simplicity_sdk_2024.6.2/platform/service/device_manager/src/sl_device_clock.o
                0x00003bb0                SL_BUS_CLOCK_GPIO_VALUE
 .rodata.sl_interrupt_manager_disable_irq.str1.1
                0x00003bb4       0x88 ./simplicity_sdk_2024.6.2/platform/service/interrupt_manager/src/sl_interrupt_manager_cortexm.o
 .rodata.srand.str1.1
                0x00003c3c       0x70 d:/siliconlab/developer/toolchains/gnu_arm/12.2.rel1_2023.7/bin/../lib/gcc/arm-none-eabi/12.2.1/thumb/v8-m.main+fp/hard\libc_nano.a(libc_a-rand.o)
 .rodata.__assert_func.str1.1
                0x00003cac       0x3c d:/siliconlab/developer/toolchains/gnu_arm/12.2.rel1_2023.7/bin/../lib/gcc/arm-none-eabi/12.2.1/thumb/v8-m.main+fp/hard\libc_nano.a(libc_a-assert.o)
                                 0x3d (size before relaxing)
 .rodata._svfprintf_r.str1.1
                0x00003ce8       0x11 d:/siliconlab/developer/toolchains/gnu_arm/12.2.rel1_2023.7/bin/../lib/gcc/arm-none-eabi/12.2.1/thumb/v8-m.main+fp/hard\libc_nano.a(libc_a-nano-svfprintf.o)
 .rodata._printf_i.str1.1
                0x00003cf9       0x22 d:/siliconlab/developer/toolchains/gnu_arm/12.2.rel1_2023.7/bin/../lib/gcc/arm-none-eabi/12.2.1/thumb/v8-m.main+fp/hard\libc_nano.a(libc_a-nano-vfprintf_i.o)
 .rodata._vfprintf_r.str1.1
                0x00003d1b       0x11 d:/siliconlab/developer/toolchains/gnu_arm/12.2.rel1_2023.7/bin/../lib/gcc/arm-none-eabi/12.2.1/thumb/v8-m.main+fp/hard\libc_nano.a(libc_a-nano-vfprintf.o)
 *(.eh_frame*)
 *fill*         0x00003d1b        0x1 
 .eh_frame      0x00003d1c        0x0 d:/siliconlab/developer/toolchains/gnu_arm/12.2.rel1_2023.7/bin/../lib/gcc/arm-none-eabi/12.2.1/thumb/v8-m.main+fp/hard/crtbegin.o

.glue_7         0x00003d1c        0x0
 .glue_7        0x00003d1c        0x0 linker stubs

.glue_7t        0x00003d1c        0x0
 .glue_7t       0x00003d1c        0x0 linker stubs

.vfp11_veneer   0x00003d1c        0x0
 .vfp11_veneer  0x00003d1c        0x0 linker stubs

.v4_bx          0x00003d1c        0x0
 .v4_bx         0x00003d1c        0x0 linker stubs

.iplt           0x00003d1c        0x0
 .iplt          0x00003d1c        0x0 d:/siliconlab/developer/toolchains/gnu_arm/12.2.rel1_2023.7/bin/../lib/gcc/arm-none-eabi/12.2.1/thumb/v8-m.main+fp/hard/crtbegin.o

.ARM.extab
 *(.ARM.extab* .gnu.linkonce.armextab.*)
                0x00003d1c                __exidx_start = .

.ARM.exidx      0x00003d1c        0x8
 *(.ARM.exidx* .gnu.linkonce.armexidx.*)
 .ARM.exidx     0x00003d1c        0x8 d:/siliconlab/developer/toolchains/gnu_arm/12.2.rel1_2023.7/bin/../lib/gcc/arm-none-eabi/12.2.1/thumb/v8-m.main+fp/hard/crt0.o
                                 0x10 (size before relaxing)
                0x00003d24                __exidx_end = .

.rel.dyn        0x00003d24        0x0
 .rel.iplt      0x00003d24        0x0 d:/siliconlab/developer/toolchains/gnu_arm/12.2.rel1_2023.7/bin/../lib/gcc/arm-none-eabi/12.2.1/thumb/v8-m.main+fp/hard/crtbegin.o

.copy.table     0x00003d24        0xc
                0x00003d24                . = ALIGN (0x4)
                0x00003d24                __copy_table_start__ = .
                0x00003d24        0x4 LONG 0x3d30 __etext
                0x00003d28        0x4 LONG 0x2000197c __data_start__
                0x00003d2c        0x4 LONG 0x1f ((__data_end__ - __data_start__) / 0x4)
                0x00003d30                __copy_table_end__ = .

.zero.table     0x00003d30        0x0
                0x00003d30                . = ALIGN (0x4)
                0x00003d30                __zero_table_start__ = .
                0x00003d30                __zero_table_end__ = .
                0x00003d30                __etext = .

.data           0x2000197c       0x7c load address 0x00003d30
                0x2000197c                . = ALIGN (0x4)
                0x2000197c                __data_start__ = .
 *(vtable)
 *(SORT_BY_ALIGNMENT(.data*))
 .data.SystemCoreClock
                0x2000197c        0x4 ./simplicity_sdk_2024.6.2/platform/Device/SiliconLabs/EFR32MG21/Source/system_efr32mg21.o
                0x2000197c                SystemCoreClock
 .data.SystemHFRCODPLLClock
                0x20001980        0x4 ./simplicity_sdk_2024.6.2/platform/Device/SiliconLabs/EFR32MG21/Source/system_efr32mg21.o
 .data.SystemLFXOClock
                0x20001984        0x4 ./simplicity_sdk_2024.6.2/platform/Device/SiliconLabs/EFR32MG21/Source/system_efr32mg21.o
 .data.SystemHFXOClock
                0x20001988        0x4 ./simplicity_sdk_2024.6.2/platform/Device/SiliconLabs/EFR32MG21/Source/system_efr32mg21.o
 .data.heap_end.0
                0x2000198c        0x4 ./simplicity_sdk_2024.6.2/platform/service/memory_manager/src/sl_memory_manager_region.o
 .data.__sglue  0x20001990        0xc d:/siliconlab/developer/toolchains/gnu_arm/12.2.rel1_2023.7/bin/../lib/gcc/arm-none-eabi/12.2.1/thumb/v8-m.main+fp/hard\libc_nano.a(libc_a-findfp.o)
                0x20001990                __sglue
 .data._impure_ptr
                0x2000199c        0x4 d:/siliconlab/developer/toolchains/gnu_arm/12.2.rel1_2023.7/bin/../lib/gcc/arm-none-eabi/12.2.1/thumb/v8-m.main+fp/hard\libc_nano.a(libc_a-impure.o)
                0x2000199c                _impure_ptr
 .data._impure_data
                0x200019a0       0x4c d:/siliconlab/developer/toolchains/gnu_arm/12.2.rel1_2023.7/bin/../lib/gcc/arm-none-eabi/12.2.1/thumb/v8-m.main+fp/hard\libc_nano.a(libc_a-impure.o)
                0x200019a0                _impure_data
 .data.hfxo_precision
                0x200019ec        0x2 ./simplicity_sdk_2024.6.2/platform/emlib/src/em_cmu.o
 .data.lfxo_precision
                0x200019ee        0x2 ./simplicity_sdk_2024.6.2/platform/emlib/src/em_cmu.o
                0x200019f0                . = ALIGN (0x4)
                0x200019f0                . = ALIGN (0x4)
                0x200019f0                PROVIDE (__preinit_array_start = .)
 *(.preinit_array)
                0x200019f0                PROVIDE (__preinit_array_end = .)
                0x200019f0                . = ALIGN (0x4)
                0x200019f0                PROVIDE (__init_array_start = .)
 *(SORT_BY_NAME(.init_array.*))
 *(.init_array)
 .init_array    0x200019f0        0x4 d:/siliconlab/developer/toolchains/gnu_arm/12.2.rel1_2023.7/bin/../lib/gcc/arm-none-eabi/12.2.1/thumb/v8-m.main+fp/hard/crtbegin.o
                0x200019f4                PROVIDE (__init_array_end = .)
                0x200019f4                . = ALIGN (0x4)
                [!provide]                PROVIDE (__fini_array_start = .)
 *(SORT_BY_NAME(.fini_array.*))
 *(.fini_array)
 .fini_array    0x200019f4        0x4 d:/siliconlab/developer/toolchains/gnu_arm/12.2.rel1_2023.7/bin/../lib/gcc/arm-none-eabi/12.2.1/thumb/v8-m.main+fp/hard/crtbegin.o
                [!provide]                PROVIDE (__fini_array_end = .)
                0x200019f8                . = ALIGN (0x4)
                0x200019f8                __data_end__ = .

.tm_clone_table
                0x200019f8        0x0 load address 0x00003dac
 .tm_clone_table
                0x200019f8        0x0 d:/siliconlab/developer/toolchains/gnu_arm/12.2.rel1_2023.7/bin/../lib/gcc/arm-none-eabi/12.2.1/thumb/v8-m.main+fp/hard/crtbegin.o
 .tm_clone_table
                0x200019f8        0x0 d:/siliconlab/developer/toolchains/gnu_arm/12.2.rel1_2023.7/bin/../lib/gcc/arm-none-eabi/12.2.1/thumb/v8-m.main+fp/hard/crtend.o

.igot.plt       0x200019f8        0x0 load address 0x00003dac
 .igot.plt      0x200019f8        0x0 d:/siliconlab/developer/toolchains/gnu_arm/12.2.rel1_2023.7/bin/../lib/gcc/arm-none-eabi/12.2.1/thumb/v8-m.main+fp/hard/crtbegin.o

.heap           0x200019f8        0x0 load address 0x00003dac
                0x200019f8                . = ALIGN (0x8)
                0x200019f8                __HeapBase = .
                0x200019f8                __end__ = .
                0x200019f8                end = __end__
                0x200019f8                _end = __end__
 *(.heap*)
                0x20018000                __HeapLimit = (ORIGIN (RAM) + LENGTH (RAM))
                0x00016608                __heap_size = (__HeapLimit - __HeapBase)
                0x20018000                __ram_end__ = 0x20018000
                0x000fe000                __main_flash_end__ = 0xfe000

.internal_storage
 *(.internal_storage*)

.nvm
 *(.simee*)
                0x2000197c                __ramfuncs_start__ = __vma_ramfuncs_start__
                0x2000197c                __ramfuncs_end__ = __vma_ramfuncs_end__
                0x000fe000                linker_nvm_end = __main_flash_end__
                0x000fe000                linker_nvm_begin = (linker_nvm_end - SIZEOF (.nvm))
                0x000fe000                linker_storage_end = linker_nvm_begin
                0x000fe000                __nvm3Base = linker_nvm_begin
                0x000fe000                linker_storage_begin = (linker_storage_end - SIZEOF (.internal_storage))
                0x00000001                ASSERT ((linker_storage_begin >= (__etext + SIZEOF (.data))), FLASH memory overflowed !)
OUTPUT(bai4.axf elf32-littlearm)
LOAD linker stubs

.ARM.attributes
                0x00000000       0x36
 .ARM.attributes
                0x00000000       0x26 d:/siliconlab/developer/toolchains/gnu_arm/12.2.rel1_2023.7/bin/../lib/gcc/arm-none-eabi/12.2.1/thumb/v8-m.main+fp/hard/crti.o
 .ARM.attributes
                0x00000026       0x38 d:/siliconlab/developer/toolchains/gnu_arm/12.2.rel1_2023.7/bin/../lib/gcc/arm-none-eabi/12.2.1/thumb/v8-m.main+fp/hard/crtbegin.o
 .ARM.attributes
                0x0000005e       0x24 d:/siliconlab/developer/toolchains/gnu_arm/12.2.rel1_2023.7/bin/../lib/gcc/arm-none-eabi/12.2.1/thumb/v8-m.main+fp/hard/crt0.o
 .ARM.attributes
                0x00000082       0x3a ./app.o
 .ARM.attributes
                0x000000bc       0x3a ./main.o
 .ARM.attributes
                0x000000f6       0x3a ./autogen/sl_board_default_init.o
 .ARM.attributes
                0x00000130       0x3a ./autogen/sl_event_handler.o
 .ARM.attributes
                0x0000016a       0x3a ./simplicity_sdk_2024.6.2/hardware/board/src/sl_board_control_gpio.o
 .ARM.attributes
                0x000001a4       0x3a ./simplicity_sdk_2024.6.2/hardware/board/src/sl_board_init.o
 .ARM.attributes
                0x000001de       0x3a ./simplicity_sdk_2024.6.2/hardware/driver/configuration_over_swo/src/sl_cos.o
 .ARM.attributes
                0x00000218       0x3a ./simplicity_sdk_2024.6.2/platform/Device/SiliconLabs/EFR32MG21/Source/startup_efr32mg21.o
 .ARM.attributes
                0x00000252       0x3a ./simplicity_sdk_2024.6.2/platform/Device/SiliconLabs/EFR32MG21/Source/system_efr32mg21.o
 .ARM.attributes
                0x0000028c       0x3a ./simplicity_sdk_2024.6.2/platform/common/src/sl_assert.o
 .ARM.attributes
                0x000002c6       0x3a ./simplicity_sdk_2024.6.2/platform/common/src/sl_core_cortexm.o
 .ARM.attributes
                0x00000300       0x3a ./simplicity_sdk_2024.6.2/platform/common/src/sl_syscalls.o
 .ARM.attributes
                0x0000033a       0x3a ./simplicity_sdk_2024.6.2/platform/driver/debug/src/sl_debug_swo.o
 .ARM.attributes
                0x00000374       0x3a ./simplicity_sdk_2024.6.2/platform/emlib/src/em_cmu.o
 .ARM.attributes
                0x000003ae       0x3a ./simplicity_sdk_2024.6.2/platform/emlib/src/em_emu.o
 .ARM.attributes
                0x000003e8       0x3a ./simplicity_sdk_2024.6.2/platform/emlib/src/em_gpio.o
 .ARM.attributes
                0x00000422       0x3a ./simplicity_sdk_2024.6.2/platform/emlib/src/em_ldma.o
 .ARM.attributes
                0x0000045c       0x3a ./simplicity_sdk_2024.6.2/platform/emlib/src/em_system.o
 .ARM.attributes
                0x00000496       0x3a ./simplicity_sdk_2024.6.2/platform/emlib/src/em_timer.o
 .ARM.attributes
                0x000004d0       0x3a ./simplicity_sdk_2024.6.2/platform/emlib/src/em_usart.o
 .ARM.attributes
                0x0000050a       0x3a ./simplicity_sdk_2024.6.2/platform/service/clock_manager/src/sl_clock_manager.o
 .ARM.attributes
                0x00000544       0x3a ./simplicity_sdk_2024.6.2/platform/service/clock_manager/src/sl_clock_manager_hal_s2.o
 .ARM.attributes
                0x0000057e       0x3a ./simplicity_sdk_2024.6.2/platform/service/clock_manager/src/sl_clock_manager_init.o
 .ARM.attributes
                0x000005b8       0x3a ./simplicity_sdk_2024.6.2/platform/service/clock_manager/src/sl_clock_manager_init_hal_s2.o
 .ARM.attributes
                0x000005f2       0x3a ./simplicity_sdk_2024.6.2/platform/service/device_init/src/sl_device_init_emu_s2.o
 .ARM.attributes
                0x0000062c       0x3a ./simplicity_sdk_2024.6.2/platform/service/device_manager/src/sl_device_clock.o
 .ARM.attributes
                0x00000666       0x3a ./simplicity_sdk_2024.6.2/platform/service/interrupt_manager/src/sl_interrupt_manager_cortexm.o
 .ARM.attributes
                0x000006a0       0x3a ./simplicity_sdk_2024.6.2/platform/service/memory_manager/src/sl_memory_manager_region.o
 .ARM.attributes
                0x000006da       0x3a ./simplicity_sdk_2024.6.2/platform/service/system/src/sl_system_init.o
 .ARM.attributes
                0x00000714       0x3a ./simplicity_sdk_2024.6.2/platform/service/system/src/sl_system_process_action.o
 .ARM.attributes
                0x0000074e       0x38 d:/siliconlab/developer/toolchains/gnu_arm/12.2.rel1_2023.7/bin/../lib/gcc/arm-none-eabi/12.2.1/thumb/v8-m.main+fp/hard\libc_nano.a(libc_a-exit.o)
 .ARM.attributes
                0x00000786       0x38 d:/siliconlab/developer/toolchains/gnu_arm/12.2.rel1_2023.7/bin/../lib/gcc/arm-none-eabi/12.2.1/thumb/v8-m.main+fp/hard\libc_nano.a(libc_a-rand.o)
 .ARM.attributes
                0x000007be       0x38 d:/siliconlab/developer/toolchains/gnu_arm/12.2.rel1_2023.7/bin/../lib/gcc/arm-none-eabi/12.2.1/thumb/v8-m.main+fp/hard\libc_nano.a(libc_a-findfp.o)
 .ARM.attributes
                0x000007f6       0x38 d:/siliconlab/developer/toolchains/gnu_arm/12.2.rel1_2023.7/bin/../lib/gcc/arm-none-eabi/12.2.1/thumb/v8-m.main+fp/hard\libc_nano.a(libc_a-fwalk.o)
 .ARM.attributes
                0x0000082e       0x38 d:/siliconlab/developer/toolchains/gnu_arm/12.2.rel1_2023.7/bin/../lib/gcc/arm-none-eabi/12.2.1/thumb/v8-m.main+fp/hard\libc_nano.a(libc_a-snprintf.o)
 .ARM.attributes
                0x00000866       0x38 d:/siliconlab/developer/toolchains/gnu_arm/12.2.rel1_2023.7/bin/../lib/gcc/arm-none-eabi/12.2.1/thumb/v8-m.main+fp/hard\libc_nano.a(libc_a-stdio.o)
 .ARM.attributes
                0x0000089e       0x38 d:/siliconlab/developer/toolchains/gnu_arm/12.2.rel1_2023.7/bin/../lib/gcc/arm-none-eabi/12.2.1/thumb/v8-m.main+fp/hard\libc_nano.a(libc_a-memset.o)
 .ARM.attributes
                0x000008d6       0x38 d:/siliconlab/developer/toolchains/gnu_arm/12.2.rel1_2023.7/bin/../lib/gcc/arm-none-eabi/12.2.1/thumb/v8-m.main+fp/hard\libc_nano.a(libc_a-closer.o)
 .ARM.attributes
                0x0000090e       0x38 d:/siliconlab/developer/toolchains/gnu_arm/12.2.rel1_2023.7/bin/../lib/gcc/arm-none-eabi/12.2.1/thumb/v8-m.main+fp/hard\libc_nano.a(libc_a-reent.o)
 .ARM.attributes
                0x00000946       0x38 d:/siliconlab/developer/toolchains/gnu_arm/12.2.rel1_2023.7/bin/../lib/gcc/arm-none-eabi/12.2.1/thumb/v8-m.main+fp/hard\libc_nano.a(libc_a-impure.o)
 .ARM.attributes
                0x0000097e       0x38 d:/siliconlab/developer/toolchains/gnu_arm/12.2.rel1_2023.7/bin/../lib/gcc/arm-none-eabi/12.2.1/thumb/v8-m.main+fp/hard\libc_nano.a(libc_a-lseekr.o)
 .ARM.attributes
                0x000009b6       0x38 d:/siliconlab/developer/toolchains/gnu_arm/12.2.rel1_2023.7/bin/../lib/gcc/arm-none-eabi/12.2.1/thumb/v8-m.main+fp/hard\libc_nano.a(libc_a-readr.o)
 .ARM.attributes
                0x000009ee       0x38 d:/siliconlab/developer/toolchains/gnu_arm/12.2.rel1_2023.7/bin/../lib/gcc/arm-none-eabi/12.2.1/thumb/v8-m.main+fp/hard\libc_nano.a(libc_a-writer.o)
 .ARM.attributes
                0x00000a26       0x38 d:/siliconlab/developer/toolchains/gnu_arm/12.2.rel1_2023.7/bin/../lib/gcc/arm-none-eabi/12.2.1/thumb/v8-m.main+fp/hard\libc_nano.a(libc_a-init.o)
 .ARM.attributes
                0x00000a5e       0x38 d:/siliconlab/developer/toolchains/gnu_arm/12.2.rel1_2023.7/bin/../lib/gcc/arm-none-eabi/12.2.1/thumb/v8-m.main+fp/hard\libc_nano.a(libc_a-lock.o)
 .ARM.attributes
                0x00000a96       0x38 d:/siliconlab/developer/toolchains/gnu_arm/12.2.rel1_2023.7/bin/../lib/gcc/arm-none-eabi/12.2.1/thumb/v8-m.main+fp/hard\libc_nano.a(libc_a-assert.o)
 .ARM.attributes
                0x00000ace       0x38 d:/siliconlab/developer/toolchains/gnu_arm/12.2.rel1_2023.7/bin/../lib/gcc/arm-none-eabi/12.2.1/thumb/v8-m.main+fp/hard\libc_nano.a(libc_a-freer.o)
 .ARM.attributes
                0x00000b06       0x38 d:/siliconlab/developer/toolchains/gnu_arm/12.2.rel1_2023.7/bin/../lib/gcc/arm-none-eabi/12.2.1/thumb/v8-m.main+fp/hard\libc_nano.a(libc_a-malloc.o)
 .ARM.attributes
                0x00000b3e       0x38 d:/siliconlab/developer/toolchains/gnu_arm/12.2.rel1_2023.7/bin/../lib/gcc/arm-none-eabi/12.2.1/thumb/v8-m.main+fp/hard\libc_nano.a(libc_a-mallocr.o)
 .ARM.attributes
                0x00000b76       0x38 d:/siliconlab/developer/toolchains/gnu_arm/12.2.rel1_2023.7/bin/../lib/gcc/arm-none-eabi/12.2.1/thumb/v8-m.main+fp/hard\libc_nano.a(libc_a-mlock.o)
 .ARM.attributes
                0x00000bae       0x38 d:/siliconlab/developer/toolchains/gnu_arm/12.2.rel1_2023.7/bin/../lib/gcc/arm-none-eabi/12.2.1/thumb/v8-m.main+fp/hard\libc_nano.a(libc_a-nano-svfprintf.o)
 .ARM.attributes
                0x00000be6       0x38 d:/siliconlab/developer/toolchains/gnu_arm/12.2.rel1_2023.7/bin/../lib/gcc/arm-none-eabi/12.2.1/thumb/v8-m.main+fp/hard\libc_nano.a(libc_a-nano-vfprintf_i.o)
 .ARM.attributes
                0x00000c1e       0x38 d:/siliconlab/developer/toolchains/gnu_arm/12.2.rel1_2023.7/bin/../lib/gcc/arm-none-eabi/12.2.1/thumb/v8-m.main+fp/hard\libc_nano.a(libc_a-fflush.o)
 .ARM.attributes
                0x00000c56       0x38 d:/siliconlab/developer/toolchains/gnu_arm/12.2.rel1_2023.7/bin/../lib/gcc/arm-none-eabi/12.2.1/thumb/v8-m.main+fp/hard\libc_nano.a(libc_a-fprintf.o)
 .ARM.attributes
                0x00000c8e       0x38 d:/siliconlab/developer/toolchains/gnu_arm/12.2.rel1_2023.7/bin/../lib/gcc/arm-none-eabi/12.2.1/thumb/v8-m.main+fp/hard\libc_nano.a(libc_a-memmove.o)
 .ARM.attributes
                0x00000cc6       0x38 d:/siliconlab/developer/toolchains/gnu_arm/12.2.rel1_2023.7/bin/../lib/gcc/arm-none-eabi/12.2.1/thumb/v8-m.main+fp/hard\libc_nano.a(libc_a-sbrkr.o)
 .ARM.attributes
                0x00000cfe       0x38 d:/siliconlab/developer/toolchains/gnu_arm/12.2.rel1_2023.7/bin/../lib/gcc/arm-none-eabi/12.2.1/thumb/v8-m.main+fp/hard\libc_nano.a(libc_a-memchr-stub.o)
 .ARM.attributes
                0x00000d36       0x38 d:/siliconlab/developer/toolchains/gnu_arm/12.2.rel1_2023.7/bin/../lib/gcc/arm-none-eabi/12.2.1/thumb/v8-m.main+fp/hard\libc_nano.a(libc_a-memcpy-stub.o)
 .ARM.attributes
                0x00000d6e       0x38 d:/siliconlab/developer/toolchains/gnu_arm/12.2.rel1_2023.7/bin/../lib/gcc/arm-none-eabi/12.2.1/thumb/v8-m.main+fp/hard\libc_nano.a(libc_a-abort.o)
 .ARM.attributes
                0x00000da6       0x38 d:/siliconlab/developer/toolchains/gnu_arm/12.2.rel1_2023.7/bin/../lib/gcc/arm-none-eabi/12.2.1/thumb/v8-m.main+fp/hard\libc_nano.a(libc_a-reallocr.o)
 .ARM.attributes
                0x00000dde       0x38 d:/siliconlab/developer/toolchains/gnu_arm/12.2.rel1_2023.7/bin/../lib/gcc/arm-none-eabi/12.2.1/thumb/v8-m.main+fp/hard\libc_nano.a(libc_a-nano-vfprintf.o)
 .ARM.attributes
                0x00000e16       0x38 d:/siliconlab/developer/toolchains/gnu_arm/12.2.rel1_2023.7/bin/../lib/gcc/arm-none-eabi/12.2.1/thumb/v8-m.main+fp/hard\libc_nano.a(libc_a-wbuf.o)
 .ARM.attributes
                0x00000e4e       0x38 d:/siliconlab/developer/toolchains/gnu_arm/12.2.rel1_2023.7/bin/../lib/gcc/arm-none-eabi/12.2.1/thumb/v8-m.main+fp/hard\libc_nano.a(libc_a-wsetup.o)
 .ARM.attributes
                0x00000e86       0x38 d:/siliconlab/developer/toolchains/gnu_arm/12.2.rel1_2023.7/bin/../lib/gcc/arm-none-eabi/12.2.1/thumb/v8-m.main+fp/hard\libc_nano.a(libc_a-signal.o)
 .ARM.attributes
                0x00000ebe       0x38 d:/siliconlab/developer/toolchains/gnu_arm/12.2.rel1_2023.7/bin/../lib/gcc/arm-none-eabi/12.2.1/thumb/v8-m.main+fp/hard\libc_nano.a(libc_a-signalr.o)
 .ARM.attributes
                0x00000ef6       0x38 d:/siliconlab/developer/toolchains/gnu_arm/12.2.rel1_2023.7/bin/../lib/gcc/arm-none-eabi/12.2.1/thumb/v8-m.main+fp/hard\libc_nano.a(libc_a-msizer.o)
 .ARM.attributes
                0x00000f2e       0x38 d:/siliconlab/developer/toolchains/gnu_arm/12.2.rel1_2023.7/bin/../lib/gcc/arm-none-eabi/12.2.1/thumb/v8-m.main+fp/hard\libc_nano.a(libc_a-makebuf.o)
 .ARM.attributes
                0x00000f66       0x38 d:/siliconlab/developer/toolchains/gnu_arm/12.2.rel1_2023.7/bin/../lib/gcc/arm-none-eabi/12.2.1/thumb/v8-m.main+fp/hard\libc_nano.a(libc_a-fstatr.o)
 .ARM.attributes
                0x00000f9e       0x38 d:/siliconlab/developer/toolchains/gnu_arm/12.2.rel1_2023.7/bin/../lib/gcc/arm-none-eabi/12.2.1/thumb/v8-m.main+fp/hard\libc_nano.a(libc_a-isattyr.o)
 .ARM.attributes
                0x00000fd6       0x38 d:/siliconlab/developer/toolchains/gnu_arm/12.2.rel1_2023.7/bin/../lib/gcc/arm-none-eabi/12.2.1/thumb/v8-m.main+fp/hard/crtend.o
 .ARM.attributes
                0x0000100e       0x26 d:/siliconlab/developer/toolchains/gnu_arm/12.2.rel1_2023.7/bin/../lib/gcc/arm-none-eabi/12.2.1/thumb/v8-m.main+fp/hard/crtn.o

.comment        0x00000000       0x45
 .comment       0x00000000       0x45 ./app.o
                                 0x46 (size before relaxing)
 .comment       0x00000045       0x46 ./main.o
 .comment       0x00000045       0x46 ./autogen/sl_board_default_init.o
 .comment       0x00000045       0x46 ./autogen/sl_event_handler.o
 .comment       0x00000045       0x46 ./simplicity_sdk_2024.6.2/hardware/board/src/sl_board_control_gpio.o
 .comment       0x00000045       0x46 ./simplicity_sdk_2024.6.2/hardware/board/src/sl_board_init.o
 .comment       0x00000045       0x46 ./simplicity_sdk_2024.6.2/hardware/driver/configuration_over_swo/src/sl_cos.o
 .comment       0x00000045       0x46 ./simplicity_sdk_2024.6.2/platform/Device/SiliconLabs/EFR32MG21/Source/startup_efr32mg21.o
 .comment       0x00000045       0x46 ./simplicity_sdk_2024.6.2/platform/Device/SiliconLabs/EFR32MG21/Source/system_efr32mg21.o
 .comment       0x00000045       0x46 ./simplicity_sdk_2024.6.2/platform/common/src/sl_assert.o
 .comment       0x00000045       0x46 ./simplicity_sdk_2024.6.2/platform/common/src/sl_core_cortexm.o
 .comment       0x00000045       0x46 ./simplicity_sdk_2024.6.2/platform/common/src/sl_syscalls.o
 .comment       0x00000045       0x46 ./simplicity_sdk_2024.6.2/platform/driver/debug/src/sl_debug_swo.o
 .comment       0x00000045       0x46 ./simplicity_sdk_2024.6.2/platform/emlib/src/em_cmu.o
 .comment       0x00000045       0x46 ./simplicity_sdk_2024.6.2/platform/emlib/src/em_emu.o
 .comment       0x00000045       0x46 ./simplicity_sdk_2024.6.2/platform/emlib/src/em_gpio.o
 .comment       0x00000045       0x46 ./simplicity_sdk_2024.6.2/platform/emlib/src/em_ldma.o
 .comment       0x00000045       0x46 ./simplicity_sdk_2024.6.2/platform/emlib/src/em_system.o
 .comment       0x00000045       0x46 ./simplicity_sdk_2024.6.2/platform/emlib/src/em_timer.o
 .comment       0x00000045       0x46 ./simplicity_sdk_2024.6.2/platform/emlib/src/em_usart.o
 .comment       0x00000045       0x46 ./simplicity_sdk_2024.6.2/platform/service/clock_manager/src/sl_clock_manager.o
 .comment       0x00000045       0x46 ./simplicity_sdk_2024.6.2/platform/service/clock_manager/src/sl_clock_manager_hal_s2.o
 .comment       0x00000045       0x46 ./simplicity_sdk_2024.6.2/platform/service/clock_manager/src/sl_clock_manager_init.o
 .comment       0x00000045       0x46 ./simplicity_sdk_2024.6.2/platform/service/clock_manager/src/sl_clock_manager_init_hal_s2.o
 .comment       0x00000045       0x46 ./simplicity_sdk_2024.6.2/platform/service/device_init/src/sl_device_init_emu_s2.o
 .comment       0x00000045       0x46 ./simplicity_sdk_2024.6.2/platform/service/device_manager/src/sl_device_clock.o
 .comment       0x00000045       0x46 ./simplicity_sdk_2024.6.2/platform/service/interrupt_manager/src/sl_interrupt_manager_cortexm.o
 .comment       0x00000045       0x46 ./simplicity_sdk_2024.6.2/platform/service/memory_manager/src/sl_memory_manager_region.o
 .comment       0x00000045       0x46 ./simplicity_sdk_2024.6.2/platform/service/system/src/sl_system_init.o
 .comment       0x00000045       0x46 ./simplicity_sdk_2024.6.2/platform/service/system/src/sl_system_process_action.o

.debug_line_str
                0x00000000       0xe7
 .debug_line_str
                0x00000000       0xe7 d:/siliconlab/developer/toolchains/gnu_arm/12.2.rel1_2023.7/bin/../lib/gcc/arm-none-eabi/12.2.1/thumb/v8-m.main+fp/hard/crt0.o

.debug_info     0x00000000    0x26250
 .debug_info    0x00000000       0x50 ./app.o
 .debug_info    0x00000050     0x477a ./main.o
 .debug_info    0x000047ca       0xc5 ./autogen/sl_board_default_init.o
 .debug_info    0x0000488f     0x12b5 ./autogen/sl_event_handler.o
 .debug_info    0x00005b44      0x515 ./simplicity_sdk_2024.6.2/hardware/board/src/sl_board_control_gpio.o
 .debug_info    0x00006059      0x13f ./simplicity_sdk_2024.6.2/hardware/board/src/sl_board_init.o
 .debug_info    0x00006198      0x4d5 ./simplicity_sdk_2024.6.2/hardware/driver/configuration_over_swo/src/sl_cos.o
 .debug_info    0x0000666d      0x435 ./simplicity_sdk_2024.6.2/platform/Device/SiliconLabs/EFR32MG21/Source/startup_efr32mg21.o
 .debug_info    0x00006aa2     0x1f2e ./simplicity_sdk_2024.6.2/platform/Device/SiliconLabs/EFR32MG21/Source/system_efr32mg21.o
 .debug_info    0x000089d0       0x86 ./simplicity_sdk_2024.6.2/platform/common/src/sl_assert.o
 .debug_info    0x00008a56      0x91a ./simplicity_sdk_2024.6.2/platform/common/src/sl_core_cortexm.o
 .debug_info    0x00009370      0x306 ./simplicity_sdk_2024.6.2/platform/common/src/sl_syscalls.o
 .debug_info    0x00009676     0x1f05 ./simplicity_sdk_2024.6.2/platform/driver/debug/src/sl_debug_swo.o
 .debug_info    0x0000b57b     0x6a33 ./simplicity_sdk_2024.6.2/platform/emlib/src/em_cmu.o
 .debug_info    0x00011fae     0x260b ./simplicity_sdk_2024.6.2/platform/emlib/src/em_emu.o
 .debug_info    0x000145b9     0x1ea1 ./simplicity_sdk_2024.6.2/platform/emlib/src/em_gpio.o
 .debug_info    0x0001645a     0x192a ./simplicity_sdk_2024.6.2/platform/emlib/src/em_ldma.o
 .debug_info    0x00017d84      0xec9 ./simplicity_sdk_2024.6.2/platform/emlib/src/em_system.o
 .debug_info    0x00018c4d     0x2aaa ./simplicity_sdk_2024.6.2/platform/emlib/src/em_timer.o
 .debug_info    0x0001b6f7     0x3ec6 ./simplicity_sdk_2024.6.2/platform/emlib/src/em_usart.o
 .debug_info    0x0001f5bd      0xb2e ./simplicity_sdk_2024.6.2/platform/service/clock_manager/src/sl_clock_manager.o
 .debug_info    0x000200eb     0x21f0 ./simplicity_sdk_2024.6.2/platform/service/clock_manager/src/sl_clock_manager_hal_s2.o
 .debug_info    0x000222db       0xc9 ./simplicity_sdk_2024.6.2/platform/service/clock_manager/src/sl_clock_manager_init.o
 .debug_info    0x000223a4     0x1876 ./simplicity_sdk_2024.6.2/platform/service/clock_manager/src/sl_clock_manager_init_hal_s2.o
 .debug_info    0x00023c1a      0x89c ./simplicity_sdk_2024.6.2/platform/service/device_init/src/sl_device_init_emu_s2.o
 .debug_info    0x000244b6      0xbe4 ./simplicity_sdk_2024.6.2/platform/service/device_manager/src/sl_device_clock.o
 .debug_info    0x0002509a      0xe94 ./simplicity_sdk_2024.6.2/platform/service/interrupt_manager/src/sl_interrupt_manager_cortexm.o
 .debug_info    0x00025f2e      0x1e8 ./simplicity_sdk_2024.6.2/platform/service/memory_manager/src/sl_memory_manager_region.o
 .debug_info    0x00026116       0xa7 ./simplicity_sdk_2024.6.2/platform/service/system/src/sl_system_init.o
 .debug_info    0x000261bd       0x93 ./simplicity_sdk_2024.6.2/platform/service/system/src/sl_system_process_action.o

.debug_abbrev   0x00000000     0x4226
 .debug_abbrev  0x00000000       0x4a ./app.o
 .debug_abbrev  0x0000004a      0x56f ./main.o
 .debug_abbrev  0x000005b9       0x87 ./autogen/sl_board_default_init.o
 .debug_abbrev  0x00000640      0x23f ./autogen/sl_event_handler.o
 .debug_abbrev  0x0000087f      0x198 ./simplicity_sdk_2024.6.2/hardware/board/src/sl_board_control_gpio.o
 .debug_abbrev  0x00000a17       0xed ./simplicity_sdk_2024.6.2/hardware/board/src/sl_board_init.o
 .debug_abbrev  0x00000b04      0x20f ./simplicity_sdk_2024.6.2/hardware/driver/configuration_over_swo/src/sl_cos.o
 .debug_abbrev  0x00000d13      0x287 ./simplicity_sdk_2024.6.2/platform/Device/SiliconLabs/EFR32MG21/Source/startup_efr32mg21.o
 .debug_abbrev  0x00000f9a      0x30d ./simplicity_sdk_2024.6.2/platform/Device/SiliconLabs/EFR32MG21/Source/system_efr32mg21.o
 .debug_abbrev  0x000012a7       0x6c ./simplicity_sdk_2024.6.2/platform/common/src/sl_assert.o
 .debug_abbrev  0x00001313      0x253 ./simplicity_sdk_2024.6.2/platform/common/src/sl_core_cortexm.o
 .debug_abbrev  0x00001566      0x143 ./simplicity_sdk_2024.6.2/platform/common/src/sl_syscalls.o
 .debug_abbrev  0x000016a9      0x335 ./simplicity_sdk_2024.6.2/platform/driver/debug/src/sl_debug_swo.o
 .debug_abbrev  0x000019de      0x53f ./simplicity_sdk_2024.6.2/platform/emlib/src/em_cmu.o
 .debug_abbrev  0x00001f1d      0x337 ./simplicity_sdk_2024.6.2/platform/emlib/src/em_emu.o
 .debug_abbrev  0x00002254      0x334 ./simplicity_sdk_2024.6.2/platform/emlib/src/em_gpio.o
 .debug_abbrev  0x00002588      0x3a4 ./simplicity_sdk_2024.6.2/platform/emlib/src/em_ldma.o
 .debug_abbrev  0x0000292c      0x2aa ./simplicity_sdk_2024.6.2/platform/emlib/src/em_system.o
 .debug_abbrev  0x00002bd6      0x36e ./simplicity_sdk_2024.6.2/platform/emlib/src/em_timer.o
 .debug_abbrev  0x00002f44      0x33a ./simplicity_sdk_2024.6.2/platform/emlib/src/em_usart.o
 .debug_abbrev  0x0000327e      0x1ba ./simplicity_sdk_2024.6.2/platform/service/clock_manager/src/sl_clock_manager.o
 .debug_abbrev  0x00003438      0x3ec ./simplicity_sdk_2024.6.2/platform/service/clock_manager/src/sl_clock_manager_hal_s2.o
 .debug_abbrev  0x00003824       0x89 ./simplicity_sdk_2024.6.2/platform/service/clock_manager/src/sl_clock_manager_init.o
 .debug_abbrev  0x000038ad      0x29a ./simplicity_sdk_2024.6.2/platform/service/clock_manager/src/sl_clock_manager_init_hal_s2.o
 .debug_abbrev  0x00003b47      0x14b ./simplicity_sdk_2024.6.2/platform/service/device_init/src/sl_device_init_emu_s2.o
 .debug_abbrev  0x00003c92       0x69 ./simplicity_sdk_2024.6.2/platform/service/device_manager/src/sl_device_clock.o
 .debug_abbrev  0x00003cfb      0x355 ./simplicity_sdk_2024.6.2/platform/service/interrupt_manager/src/sl_interrupt_manager_cortexm.o
 .debug_abbrev  0x00004050      0x11e ./simplicity_sdk_2024.6.2/platform/service/memory_manager/src/sl_memory_manager_region.o
 .debug_abbrev  0x0000416e       0x5c ./simplicity_sdk_2024.6.2/platform/service/system/src/sl_system_init.o
 .debug_abbrev  0x000041ca       0x5c ./simplicity_sdk_2024.6.2/platform/service/system/src/sl_system_process_action.o

.debug_aranges  0x00000000      0xbf8
 .debug_aranges
                0x00000000       0x28 ./app.o
 .debug_aranges
                0x00000028       0x50 ./main.o
 .debug_aranges
                0x00000078       0x20 ./autogen/sl_board_default_init.o
 .debug_aranges
                0x00000098       0x60 ./autogen/sl_event_handler.o
 .debug_aranges
                0x000000f8       0x70 ./simplicity_sdk_2024.6.2/hardware/board/src/sl_board_control_gpio.o
 .debug_aranges
                0x00000168       0x28 ./simplicity_sdk_2024.6.2/hardware/board/src/sl_board_init.o
 .debug_aranges
                0x00000190       0x38 ./simplicity_sdk_2024.6.2/hardware/driver/configuration_over_swo/src/sl_cos.o
 .debug_aranges
                0x000001c8       0x38 ./simplicity_sdk_2024.6.2/platform/Device/SiliconLabs/EFR32MG21/Source/startup_efr32mg21.o
 .debug_aranges
                0x00000200       0x90 ./simplicity_sdk_2024.6.2/platform/Device/SiliconLabs/EFR32MG21/Source/system_efr32mg21.o
 .debug_aranges
                0x00000290       0x20 ./simplicity_sdk_2024.6.2/platform/common/src/sl_assert.o
 .debug_aranges
                0x000002b0       0x98 ./simplicity_sdk_2024.6.2/platform/common/src/sl_core_cortexm.o
 .debug_aranges
                0x00000348       0x68 ./simplicity_sdk_2024.6.2/platform/common/src/sl_syscalls.o
 .debug_aranges
                0x000003b0       0x48 ./simplicity_sdk_2024.6.2/platform/driver/debug/src/sl_debug_swo.o
 .debug_aranges
                0x000003f8      0x1b8 ./simplicity_sdk_2024.6.2/platform/emlib/src/em_cmu.o
 .debug_aranges
                0x000005b0       0xc0 ./simplicity_sdk_2024.6.2/platform/emlib/src/em_emu.o
 .debug_aranges
                0x00000670       0x68 ./simplicity_sdk_2024.6.2/platform/emlib/src/em_gpio.o
 .debug_aranges
                0x000006d8       0x50 ./simplicity_sdk_2024.6.2/platform/emlib/src/em_ldma.o
 .debug_aranges
                0x00000728       0x78 ./simplicity_sdk_2024.6.2/platform/emlib/src/em_system.o
 .debug_aranges
                0x000007a0       0x50 ./simplicity_sdk_2024.6.2/platform/emlib/src/em_timer.o
 .debug_aranges
                0x000007f0       0xc0 ./simplicity_sdk_2024.6.2/platform/emlib/src/em_usart.o
 .debug_aranges
                0x000008b0       0xe8 ./simplicity_sdk_2024.6.2/platform/service/clock_manager/src/sl_clock_manager.o
 .debug_aranges
                0x00000998       0xd8 ./simplicity_sdk_2024.6.2/platform/service/clock_manager/src/sl_clock_manager_hal_s2.o
 .debug_aranges
                0x00000a70       0x20 ./simplicity_sdk_2024.6.2/platform/service/clock_manager/src/sl_clock_manager_init.o
 .debug_aranges
                0x00000a90       0x20 ./simplicity_sdk_2024.6.2/platform/service/clock_manager/src/sl_clock_manager_init_hal_s2.o
 .debug_aranges
                0x00000ab0       0x20 ./simplicity_sdk_2024.6.2/platform/service/device_init/src/sl_device_init_emu_s2.o
 .debug_aranges
                0x00000ad0       0x18 ./simplicity_sdk_2024.6.2/platform/service/device_manager/src/sl_device_clock.o
 .debug_aranges
                0x00000ae8       0xa0 ./simplicity_sdk_2024.6.2/platform/service/interrupt_manager/src/sl_interrupt_manager_cortexm.o
 .debug_aranges
                0x00000b88       0x30 ./simplicity_sdk_2024.6.2/platform/service/memory_manager/src/sl_memory_manager_region.o
 .debug_aranges
                0x00000bb8       0x20 ./simplicity_sdk_2024.6.2/platform/service/system/src/sl_system_init.o
 .debug_aranges
                0x00000bd8       0x20 ./simplicity_sdk_2024.6.2/platform/service/system/src/sl_system_process_action.o

.debug_ranges   0x00000000     0x10b0
 .debug_ranges  0x00000000       0x18 ./app.o
 .debug_ranges  0x00000018      0x260 ./main.o
 .debug_ranges  0x00000278       0x10 ./autogen/sl_board_default_init.o
 .debug_ranges  0x00000288       0x50 ./autogen/sl_event_handler.o
 .debug_ranges  0x000002d8       0x60 ./simplicity_sdk_2024.6.2/hardware/board/src/sl_board_control_gpio.o
 .debug_ranges  0x00000338       0x18 ./simplicity_sdk_2024.6.2/hardware/board/src/sl_board_init.o
 .debug_ranges  0x00000350       0x40 ./simplicity_sdk_2024.6.2/hardware/driver/configuration_over_swo/src/sl_cos.o
 .debug_ranges  0x00000390       0x90 ./simplicity_sdk_2024.6.2/platform/Device/SiliconLabs/EFR32MG21/Source/startup_efr32mg21.o
 .debug_ranges  0x00000420       0x80 ./simplicity_sdk_2024.6.2/platform/Device/SiliconLabs/EFR32MG21/Source/system_efr32mg21.o
 .debug_ranges  0x000004a0       0x10 ./simplicity_sdk_2024.6.2/platform/common/src/sl_assert.o
 .debug_ranges  0x000004b0       0x88 ./simplicity_sdk_2024.6.2/platform/common/src/sl_core_cortexm.o
 .debug_ranges  0x00000538       0x58 ./simplicity_sdk_2024.6.2/platform/common/src/sl_syscalls.o
 .debug_ranges  0x00000590       0x50 ./simplicity_sdk_2024.6.2/platform/driver/debug/src/sl_debug_swo.o
 .debug_ranges  0x000005e0      0x330 ./simplicity_sdk_2024.6.2/platform/emlib/src/em_cmu.o
 .debug_ranges  0x00000910      0x130 ./simplicity_sdk_2024.6.2/platform/emlib/src/em_emu.o
 .debug_ranges  0x00000a40       0x70 ./simplicity_sdk_2024.6.2/platform/emlib/src/em_gpio.o
 .debug_ranges  0x00000ab0       0x70 ./simplicity_sdk_2024.6.2/platform/emlib/src/em_ldma.o
 .debug_ranges  0x00000b20       0x80 ./simplicity_sdk_2024.6.2/platform/emlib/src/em_system.o
 .debug_ranges  0x00000ba0       0xa0 ./simplicity_sdk_2024.6.2/platform/emlib/src/em_timer.o
 .debug_ranges  0x00000c40       0xd0 ./simplicity_sdk_2024.6.2/platform/emlib/src/em_usart.o
 .debug_ranges  0x00000d10       0xd8 ./simplicity_sdk_2024.6.2/platform/service/clock_manager/src/sl_clock_manager.o
 .debug_ranges  0x00000de8       0xe8 ./simplicity_sdk_2024.6.2/platform/service/clock_manager/src/sl_clock_manager_hal_s2.o
 .debug_ranges  0x00000ed0       0x10 ./simplicity_sdk_2024.6.2/platform/service/clock_manager/src/sl_clock_manager_init.o
 .debug_ranges  0x00000ee0       0x88 ./simplicity_sdk_2024.6.2/platform/service/clock_manager/src/sl_clock_manager_init_hal_s2.o
 .debug_ranges  0x00000f68       0x10 ./simplicity_sdk_2024.6.2/platform/service/device_init/src/sl_device_init_emu_s2.o
 .debug_ranges  0x00000f78       0xf8 ./simplicity_sdk_2024.6.2/platform/service/interrupt_manager/src/sl_interrupt_manager_cortexm.o
 .debug_ranges  0x00001070       0x20 ./simplicity_sdk_2024.6.2/platform/service/memory_manager/src/sl_memory_manager_region.o
 .debug_ranges  0x00001090       0x10 ./simplicity_sdk_2024.6.2/platform/service/system/src/sl_system_init.o
 .debug_ranges  0x000010a0       0x10 ./simplicity_sdk_2024.6.2/platform/service/system/src/sl_system_process_action.o

.debug_line     0x00000000     0xbaba
 .debug_line    0x00000000       0x4c ./app.o
 .debug_line    0x0000004c      0xb24 ./main.o
 .debug_line    0x00000b70      0x1f8 ./autogen/sl_board_default_init.o
 .debug_line    0x00000d68      0x6ce ./autogen/sl_event_handler.o
 .debug_line    0x00001436      0x46a ./simplicity_sdk_2024.6.2/hardware/board/src/sl_board_control_gpio.o
 .debug_line    0x000018a0      0x2e6 ./simplicity_sdk_2024.6.2/hardware/board/src/sl_board_init.o
 .debug_line    0x00001b86      0x4b6 ./simplicity_sdk_2024.6.2/hardware/driver/configuration_over_swo/src/sl_cos.o
 .debug_line    0x0000203c      0x35d ./simplicity_sdk_2024.6.2/platform/Device/SiliconLabs/EFR32MG21/Source/startup_efr32mg21.o
 .debug_line    0x00002399      0x630 ./simplicity_sdk_2024.6.2/platform/Device/SiliconLabs/EFR32MG21/Source/system_efr32mg21.o
 .debug_line    0x000029c9       0xb4 ./simplicity_sdk_2024.6.2/platform/common/src/sl_assert.o
 .debug_line    0x00002a7d      0x553 ./simplicity_sdk_2024.6.2/platform/common/src/sl_core_cortexm.o
 .debug_line    0x00002fd0      0x1b4 ./simplicity_sdk_2024.6.2/platform/common/src/sl_syscalls.o
 .debug_line    0x00003184      0x739 ./simplicity_sdk_2024.6.2/platform/driver/debug/src/sl_debug_swo.o
 .debug_line    0x000038bd     0x27d1 ./simplicity_sdk_2024.6.2/platform/emlib/src/em_cmu.o
 .debug_line    0x0000608e      0x77b ./simplicity_sdk_2024.6.2/platform/emlib/src/em_emu.o
 .debug_line    0x00006809      0x6b1 ./simplicity_sdk_2024.6.2/platform/emlib/src/em_gpio.o
 .debug_line    0x00006eba      0x70a ./simplicity_sdk_2024.6.2/platform/emlib/src/em_ldma.o
 .debug_line    0x000075c4      0x496 ./simplicity_sdk_2024.6.2/platform/emlib/src/em_system.o
 .debug_line    0x00007a5a      0x84e ./simplicity_sdk_2024.6.2/platform/emlib/src/em_timer.o
 .debug_line    0x000082a8      0xd26 ./simplicity_sdk_2024.6.2/platform/emlib/src/em_usart.o
 .debug_line    0x00008fce      0x60f ./simplicity_sdk_2024.6.2/platform/service/clock_manager/src/sl_clock_manager.o
 .debug_line    0x000095dd      0xbdf ./simplicity_sdk_2024.6.2/platform/service/clock_manager/src/sl_clock_manager_hal_s2.o
 .debug_line    0x0000a1bc      0x20b ./simplicity_sdk_2024.6.2/platform/service/clock_manager/src/sl_clock_manager_init.o
 .debug_line    0x0000a3c7      0x4ff ./simplicity_sdk_2024.6.2/platform/service/clock_manager/src/sl_clock_manager_init_hal_s2.o
 .debug_line    0x0000a8c6      0x2f0 ./simplicity_sdk_2024.6.2/platform/service/device_init/src/sl_device_init_emu_s2.o