Archive member included to satisfy reference by file (symbol)

d:/siliconlab/developer/toolchains/gnu_arm/12.2.rel1_2023.7/bin/../lib/gcc/arm-none-eabi/12.2.1/thumb/v8-m.main+fp/hard\libgcc.a(_arm_addsubdf3.o)
                              ./main.o (__aeabi_f2d)
d:/siliconlab/developer/toolchains/gnu_arm/12.2.rel1_2023.7/bin/../lib/gcc/arm-none-eabi/12.2.1/thumb/v8-m.main+fp/hard\libgcc.a(_aeabi_ldivmod.o)
                              ./simplicity_sdk_2024.6.2/platform/emlib/src/em_usart.o (__aeabi_ldivmod)
d:/siliconlab/developer/toolchains/gnu_arm/12.2.rel1_2023.7/bin/../lib/gcc/arm-none-eabi/12.2.1/thumb/v8-m.main+fp/hard\libgcc.a(_aeabi_uldivmod.o)
                              ./simplicity_sdk_2024.6.2/platform/emlib/src/em_usart.o (__aeabi_uldivmod)
d:/siliconlab/developer/toolchains/gnu_arm/12.2.rel1_2023.7/bin/../lib/gcc/arm-none-eabi/12.2.1/thumb/v8-m.main+fp/hard\libgcc.a(_udivmoddi4.o)
                              d:/siliconlab/developer/toolchains/gnu_arm/12.2.rel1_2023.7/bin/../lib/gcc/arm-none-eabi/12.2.1/thumb/v8-m.main+fp/hard\libgcc.a(_aeabi_ldivmod.o) (__udivmoddi4)
d:/siliconlab/developer/toolchains/gnu_arm/12.2.rel1_2023.7/bin/../lib/gcc/arm-none-eabi/12.2.1/thumb/v8-m.main+fp/hard\libgcc.a(_dvmd_tls.o)
                              d:/siliconlab/developer/toolchains/gnu_arm/12.2.rel1_2023.7/bin/../lib/gcc/arm-none-eabi/12.2.1/thumb/v8-m.main+fp/hard\libgcc.a(_aeabi_ldivmod.o) (__aeabi_ldiv0)
d:/siliconlab/developer/toolchains/gnu_arm/12.2.rel1_2023.7/bin/../lib/gcc/arm-none-eabi/12.2.1/thumb/v8-m.main+fp/hard\libc_nano.a(libc_a-exit.o)
                              d:/siliconlab/developer/toolchains/gnu_arm/12.2.rel1_2023.7/bin/../lib/gcc/arm-none-eabi/12.2.1/thumb/v8-m.main+fp/hard/crt0.o (exit)
d:/siliconlab/developer/toolchains/gnu_arm/12.2.rel1_2023.7/bin/../lib/gcc/arm-none-eabi/12.2.1/thumb/v8-m.main+fp/hard\libc_nano.a(libc_a-findfp.o)
                              d:/siliconlab/developer/toolchains/gnu_arm/12.2.rel1_2023.7/bin/../lib/gcc/arm-none-eabi/12.2.1/thumb/v8-m.main+fp/hard\libc_nano.a(libc_a-exit.o) (__stdio_exit_handler)
d:/siliconlab/developer/toolchains/gnu_arm/12.2.rel1_2023.7/bin/../lib/gcc/arm-none-eabi/12.2.1/thumb/v8-m.main+fp/hard\libc_nano.a(libc_a-fwalk.o)
                              d:/siliconlab/developer/toolchains/gnu_arm/12.2.rel1_2023.7/bin/../lib/gcc/arm-none-eabi/12.2.1/thumb/v8-m.main+fp/hard\libc_nano.a(libc_a-findfp.o) (_fwalk_sglue)
d:/siliconlab/developer/toolchains/gnu_arm/12.2.rel1_2023.7/bin/../lib/gcc/arm-none-eabi/12.2.1/thumb/v8-m.main+fp/hard\libc_nano.a(libc_a-snprintf.o)
                              ./main.o (snprintf)
d:/siliconlab/developer/toolchains/gnu_arm/12.2.rel1_2023.7/bin/../lib/gcc/arm-none-eabi/12.2.1/thumb/v8-m.main+fp/hard\libc_nano.a(libc_a-stdio.o)
                              d:/siliconlab/developer/toolchains/gnu_arm/12.2.rel1_2023.7/bin/../lib/gcc/arm-none-eabi/12.2.1/thumb/v8-m.main+fp/hard\libc_nano.a(libc_a-findfp.o) (__sread)
d:/siliconlab/developer/toolchains/gnu_arm/12.2.rel1_2023.7/bin/../lib/gcc/arm-none-eabi/12.2.1/thumb/v8-m.main+fp/hard\libc_nano.a(libc_a-memset.o)
                              d:/siliconlab/developer/toolchains/gnu_arm/12.2.rel1_2023.7/bin/../lib/gcc/arm-none-eabi/12.2.1/thumb/v8-m.main+fp/hard/crt0.o (memset)
d:/siliconlab/developer/toolchains/gnu_arm/12.2.rel1_2023.7/bin/../lib/gcc/arm-none-eabi/12.2.1/thumb/v8-m.main+fp/hard\libc_nano.a(libc_a-strstr.o)
                              ./main.o (strstr)
d:/siliconlab/developer/toolchains/gnu_arm/12.2.rel1_2023.7/bin/../lib/gcc/arm-none-eabi/12.2.1/thumb/v8-m.main+fp/hard\libc_nano.a(libc_a-closer.o)
                              d:/siliconlab/developer/toolchains/gnu_arm/12.2.rel1_2023.7/bin/../lib/gcc/arm-none-eabi/12.2.1/thumb/v8-m.main+fp/hard\libc_nano.a(libc_a-stdio.o) (_close_r)
d:/siliconlab/developer/toolchains/gnu_arm/12.2.rel1_2023.7/bin/../lib/gcc/arm-none-eabi/12.2.1/thumb/v8-m.main+fp/hard\libc_nano.a(libc_a-reent.o)
                              d:/siliconlab/developer/toolchains/gnu_arm/12.2.rel1_2023.7/bin/../lib/gcc/arm-none-eabi/12.2.1/thumb/v8-m.main+fp/hard\libc_nano.a(libc_a-closer.o) (errno)
d:/siliconlab/developer/toolchains/gnu_arm/12.2.rel1_2023.7/bin/../lib/gcc/arm-none-eabi/12.2.1/thumb/v8-m.main+fp/hard\libc_nano.a(libc_a-impure.o)
                              d:/siliconlab/developer/toolchains/gnu_arm/12.2.rel1_2023.7/bin/../lib/gcc/arm-none-eabi/12.2.1/thumb/v8-m.main+fp/hard\libc_nano.a(libc_a-snprintf.o) (_impure_ptr)
d:/siliconlab/developer/toolchains/gnu_arm/12.2.rel1_2023.7/bin/../lib/gcc/arm-none-eabi/12.2.1/thumb/v8-m.main+fp/hard\libc_nano.a(libc_a-lseekr.o)
                              d:/siliconlab/developer/toolchains/gnu_arm/12.2.rel1_2023.7/bin/../lib/gcc/arm-none-eabi/12.2.1/thumb/v8-m.main+fp/hard\libc_nano.a(libc_a-stdio.o) (_lseek_r)
d:/siliconlab/developer/toolchains/gnu_arm/12.2.rel1_2023.7/bin/../lib/gcc/arm-none-eabi/12.2.1/thumb/v8-m.main+fp/hard\libc_nano.a(libc_a-readr.o)
[...]
Memory Configuration

Name             Origin             Length             Attributes
FLASH            0x00000000         0x000fe000         xr
RAM              0x20000000         0x00018000         xrw
*default*        0x00000000         0xffffffff

Linker script and memory map

LOAD d:/siliconlab/developer/toolchains/gnu_arm/12.2.rel1_2023.7/bin/../lib/gcc/arm-none-eabi/12.2.1/thumb/v8-m.main+fp/hard/crti.o
LOAD d:/siliconlab/developer/toolchains/gnu_arm/12.2.rel1_2023.7/bin/../lib/gcc/arm-none-eabi/12.2.1/thumb/v8-m.main+fp/hard/crtbegin.o
LOAD d:/siliconlab/developer/toolchains/gnu_arm/12.2.rel1_2023.7/bin/../lib/gcc/arm-none-eabi/12.2.1/thumb/v8-m.main+fp/hard/crt0.o
START GROUP
LOAD ./app.o
LOAD ./main.o
LOAD ./autogen/sl_board_default_init.o
LOAD ./autogen/sl_event_handler.o
LOAD ./simplicity_sdk_2024.6.2/hardware/board/src/sl_board_control_gpio.o
LOAD ./simplicity_sdk_2024.6.2/hardware/board/src/sl_board_init.o
LOAD ./simplicity_sdk_2024.6.2/hardware/driver/configuration_over_swo/src/sl_cos.o
LOAD ./simplicity_sdk_2024.6.2/platform/Device/SiliconLabs/EFR32MG21/Source/startup_efr32mg21.o
LOAD ./simplicity_sdk_2024.6.2/platform/Device/SiliconLabs/EFR32MG21/Source/system_efr32mg21.o
LOAD ./simplicity_sdk_2024.6.2/platform/common/src/sl_assert.o
LOAD ./simplicity_sdk_2024.6.2/platform/common/src/sl_core_cortexm.o
LOAD ./simplicity_sdk_2024.6.2/platform/common/src/sl_syscalls.o
LOAD ./simplicity_sdk_2024.6.2/platform/driver/debug/src/sl_debug_swo.o
LOAD ./simplicity_sdk_2024.6.2/platform/emlib/src/em_cmu.o
LOAD ./simplicity_sdk_2024.6.2/platform/emlib/src/em_core.o
LOAD ./simplicity_sdk_2024.6.2/platform/emlib/src/em_emu.o
LOAD ./simplicity_sdk_2024.6.2/platform/emlib/src/em_gpio.o
LOAD ./simplicity_sdk_2024.6.2/platform/emlib/src/em_msc.o
LOAD ./simplicity_sdk_2024.6.2/platform/emlib/src/em_system.o
LOAD ./simplicity_sdk_2024.6.2/platform/emlib/src/em_timer.o
LOAD ./simplicity_sdk_2024.6.2/platform/emlib/src/em_usart.o
LOAD ./simplicity_sdk_2024.6.2/platform/service/clock_manager/src/sl_clock_manager.o
LOAD ./simplicity_sdk_2024.6.2/platform/service/clock_manager/src/sl_clock_manager_hal_s2.o
LOAD ./simplicity_sdk_2024.6.2/platform/service/clock_manager/src/sl_clock_manager_init.o
LOAD ./simplicity_sdk_2024.6.2/platform/service/clock_manager/src/sl_clock_manager_init_hal_s2.o
LOAD ./simplicity_sdk_2024.6.2/platform/service/device_init/src/sl_device_init_emu_s2.o
LOAD ./simplicity_sdk_2024.6.2/platform/service/device_manager/src/sl_device_clock.o
LOAD ./simplicity_sdk_2024.6.2/platform/service/interrupt_manager/src/sl_interrupt_manager_cortexm.o
LOAD ./simplicity_sdk_2024.6.2/platform/service/memory_manager/src/sl_memory_manager_region.o
LOAD ./simplicity_sdk_2024.6.2/platform/service/system/src/sl_system_init.o
LOAD ./simplicity_sdk_2024.6.2/platform/service/system/src/sl_system_process_action.o
LOAD d:/siliconlab/developer/toolchains/gnu_arm/12.2.rel1_2023.7/bin/../lib/gcc/arm-none-eabi/12.2.1/thumb/v8-m.main+fp/hard\libgcc.a
LOAD d:/siliconlab/developer/toolchains/gnu_arm/12.2.rel1_2023.7/bin/../lib/gcc/arm-none-eabi/12.2.1/thumb/v8-m.main+fp/hard\libc_nano.a
LOAD d:/siliconlab/developer/toolchains/gnu_arm/12.2.rel1_2023.7/bin/../lib/gcc/arm-none-eabi/12.2.1/thumb/v8-m.main+fp/hard\libm.a
LOAD d:/siliconlab/developer/toolchains/gnu_arm/12.2.rel1_2023.7/bin/../lib/gcc/arm-none-eabi/12.2.1/thumb/v8-m.main+fp/hard\libnosys.a
END GROUP
START GROUP
LOAD d:/siliconlab/developer/toolchains/gnu_arm/12.2.rel1_2023.7/bin/../lib/gcc/arm-none-eabi/12.2.1/thumb/v8-m.main+fp/hard\libgcc.a
LOAD d:/siliconlab/developer/toolchains/gnu_arm/12.2.rel1_2023.7/bin/../lib/gcc/arm-none-eabi/12.2.1/thumb/v8-m.main+fp/hard\libc_nano.a
LOAD d:/siliconlab/developer/toolchains/gnu_arm/12.2.rel1_2023.7/bin/../lib/gcc/arm-none-eabi/12.2.1/thumb/v8-m.main+fp/hard\libnosys.a
END GROUP
START GROUP
LOAD d:/siliconlab/developer/toolchains/gnu_arm/12.2.rel1_2023.7/bin/../lib/gcc/arm-none-eabi/12.2.1/thumb/v8-m.main+fp/hard\libgcc.a
LOAD d:/siliconlab/developer/toolchains/gnu_arm/12.2.rel1_2023.7/bin/../lib/gcc/arm-none-eabi/12.2.1/thumb/v8-m.main+fp/hard\libg_nano.a
LOAD d:/siliconlab/developer/toolchains/gnu_arm/12.2.rel1_2023.7/bin/../lib/gcc/arm-none-eabi/12.2.1/thumb/v8-m.main+fp/hard\libc_nano.a
END GROUP
START GROUP
LOAD d:/siliconlab/developer/toolchains/gnu_arm/12.2.rel1_2023.7/bin/../lib/gcc/arm-none-eabi/12.2.1/thumb/v8-m.main+fp/hard\libgcc.a
LOAD d:/siliconlab/developer/toolchains/gnu_arm/12.2.rel1_2023.7/bin/../lib/gcc/arm-none-eabi/12.2.1/thumb/v8-m.main+fp/hard\libc_nano.a
END GROUP
LOAD d:/siliconlab/developer/toolchains/gnu_arm/12.2.rel1_2023.7/bin/../lib/gcc/arm-none-eabi/12.2.1/thumb/v8-m.main+fp/hard/crtend.o
LOAD d:/siliconlab/developer/toolchains/gnu_arm/12.2.rel1_2023.7/bin/../lib/gcc/arm-none-eabi/12.2.1/thumb/v8-m.main+fp/hard/crtn.o

.vectors        0x00000000      0x134
                0x00000000                linker_vectors_begin = .
 *(.vectors)
 .vectors       0x00000000      0x134 ./simplicity_sdk_2024.6.2/platform/Device/SiliconLabs/EFR32MG21/Source/startup_efr32mg21.o
                0x00000000                __Vectors
                0x00000134                linker_vectors_end = .
                0x00000134                __Vectors_End = .
                0x00000134                __Vectors_Size = (__Vectors_End - __Vectors)
                0x00000134                __lma_ramfuncs_start__ = .

.stack          0x20000000     0x1000
                0x20000000                . = ALIGN (0x8)
                0x20000000                __StackLimit = .
 *(.stack*)
 .stack         0x20000000     0x1000 ./simplicity_sdk_2024.6.2/platform/service/memory_manager/src/sl_memory_manager_region.o
                0x20001000                . = ALIGN (0x4)
                0x20001000                __StackTop = .
                0x20001000                PROVIDE (__stack = __StackTop)

.noinit
 *(.noinit*)

.bss            0x20001000      0x164
                0x20001000                . = ALIGN (0x4)
                0x20001000                __bss_start__ = .
 *(SORT_BY_ALIGNMENT(.bss*))
 .bss.object.0  0x20001000       0x18 d:/siliconlab/developer/toolchains/gnu_arm/12.2.rel1_2023.7/bin/../lib/gcc/arm-none-eabi/12.2.1/thumb/v8-m.main+fp/hard/crtbegin.o
 .bss.__sf      0x20001018      0x138 d:/siliconlab/developer/toolchains/gnu_arm/12.2.rel1_2023.7/bin/../lib/gcc/arm-none-eabi/12.2.1/thumb/v8-m.main+fp/hard\libc_nano.a(libc_a-findfp.o)
                0x20001018                __sf
 .bss.__stdio_exit_handler
                0x20001150        0x4 d:/siliconlab/developer/toolchains/gnu_arm/12.2.rel1_2023.7/bin/../lib/gcc/arm-none-eabi/12.2.1/thumb/v8-m.main+fp/hard\libc_nano.a(libc_a-findfp.o)
                0x20001150                __stdio_exit_handler
 .bss.errno     0x20001154        0x4 d:/siliconlab/developer/toolchains/gnu_arm/12.2.rel1_2023.7/bin/../lib/gcc/arm-none-eabi/12.2.1/thumb/v8-m.main+fp/hard\libc_nano.a(libc_a-reent.o)
                0x20001154                errno
 .bss.__malloc_sbrk_start
                0x20001158        0x4 d:/siliconlab/developer/toolchains/gnu_arm/12.2.rel1_2023.7/bin/../lib/gcc/arm-none-eabi/12.2.1/thumb/v8-m.main+fp/hard\libc_nano.a(libc_a-mallocr.o)
                0x20001158                __malloc_sbrk_start
 .bss.__malloc_free_list
                0x2000115c        0x4 d:/siliconlab/developer/toolchains/gnu_arm/12.2.rel1_2023.7/bin/../lib/gcc/arm-none-eabi/12.2.1/thumb/v8-m.main+fp/hard\libc_nano.a(libc_a-mallocr.o)
                0x2000115c                __malloc_free_list
 .bss.completed.1
                0x20001160        0x1 d:/siliconlab/developer/toolchains/gnu_arm/12.2.rel1_2023.7/bin/../lib/gcc/arm-none-eabi/12.2.1/thumb/v8-m.main+fp/hard/crtbegin.o
 .bss.ctuneDelta
                0x20001161        0x1 ./simplicity_sdk_2024.6.2/platform/emlib/src/em_cmu.o
 .bss.__lock___malloc_recursive_mutex
                0x20001162        0x1 d:/siliconlab/developer/toolchains/gnu_arm/12.2.rel1_2023.7/bin/../lib/gcc/arm-none-eabi/12.2.1/thumb/v8-m.main+fp/hard\libc_nano.a(libc_a-lock.o)
                0x20001162                __lock___malloc_recursive_mutex
 *(COMMON)
                0x20001164                . = ALIGN (0x4)
 *fill*         0x20001163        0x1 
                0x20001164                __bss_end__ = .

text_application_ram
                0x20001164        0x0 load address 0x00000134
                0x20001164                . = ALIGN (0x4)
                0x20001164                __vma_ramfuncs_start__ = .
                0x20001164                __text_application_ram_start__ = .
 *(text_application_ram)
                0x20001164                . = ALIGN (0x4)
                0x20001164                __vma_ramfuncs_end__ = .
                0x20001164                __text_application_ram_end__ = .

.rodata         0x00000134        0x0
                0x00000134                __lma_ramfuncs_end__ = .
                0x00000134                __rodata_start__ = .
                0x00000134                __rodata_end__ = .

.text           0x00000134     0x3038
                0x00000134                linker_code_begin = .
 *(SORT_BY_ALIGNMENT(.text*))
 .text.deregister_tm_clones
                0x00000134       0x1c d:/siliconlab/developer/toolchains/gnu_arm/12.2.rel1_2023.7/bin/../lib/gcc/arm-none-eabi/12.2.1/thumb/v8-m.main+fp/hard/crtbegin.o
 .text.register_tm_clones
                0x00000150       0x28 d:/siliconlab/developer/toolchains/gnu_arm/12.2.rel1_2023.7/bin/../lib/gcc/arm-none-eabi/12.2.1/thumb/v8-m.main+fp/hard/crtbegin.o
 .text.__do_global_dtors_aux
                0x00000178       0x28 d:/siliconlab/developer/toolchains/gnu_arm/12.2.rel1_2023.7/bin/../lib/gcc/arm-none-eabi/12.2.1/thumb/v8-m.main+fp/hard/crtbegin.o
 .text.frame_dummy
                0x000001a0       0x24 d:/siliconlab/developer/toolchains/gnu_arm/12.2.rel1_2023.7/bin/../lib/gcc/arm-none-eabi/12.2.1/thumb/v8-m.main+fp/hard/crtbegin.o
 .text          0x000001c4       0x7c d:/siliconlab/developer/toolchains/gnu_arm/12.2.rel1_2023.7/bin/../lib/gcc/arm-none-eabi/12.2.1/thumb/v8-m.main+fp/hard/crt0.o
                0x000001c4                _stack_init
                0x000001cc                _start
                0x000001cc                _mainCRTStartup
 .text.initUSART0
                0x00000240       0x54 ./main.o
                0x00000240                initUSART0
 .text.initTimer0
                0x00000294       0x40 ./main.o
                0x00000294                initTimer0
 .text.GPIO_EVEN_IRQHandler
                0x000002d4       0x3c ./main.o
                0x000002d4                GPIO_EVEN_IRQHandler
 .text.GPIO_ODD_IRQHandler
                0x00000310       0x3c ./main.o
                0x00000310                GPIO_ODD_IRQHandler
 .text.handle_command
                0x0000034c       0xc0 ./main.o
                0x0000034c                handle_command
 .text.startup.main
                0x0000040c       0xc8 ./main.o
                0x0000040c                main
 .text.sl_platform_init
                0x000004d4       0xa8 ./autogen/sl_event_handler.o
                0x000004d4                sl_platform_init
 .text.sl_board_init
                0x0000057c       0x14 ./simplicity_sdk_2024.6.2/hardware/board/src/sl_board_init.o
                0x0000057c                sl_board_init
 .text.sl_board_preinit
                0x00000590        0xc ./simplicity_sdk_2024.6.2/hardware/board/src/sl_board_init.o
                0x00000590                sl_board_preinit
 .text.CopyToRam
                0x0000059c       0x1c ./simplicity_sdk_2024.6.2/platform/Device/SiliconLabs/EFR32MG21/Source/startup_efr32mg21.o
                0x0000059c                CopyToRam
 .text.Reset_Handler
                0x000005b8       0x64 ./simplicity_sdk_2024.6.2/platform/Device/SiliconLabs/EFR32MG21/Source/startup_efr32mg21.o
                0x000005b8                Reset_Handler
 .text.SystemInit
                0x0000061c       0x58 ./simplicity_sdk_2024.6.2/platform/Device/SiliconLabs/EFR32MG21/Source/system_efr32mg21.o
                0x0000061c                SystemInit
 .text.SystemHFRCODPLLClockGet
                0x00000674        0xc ./simplicity_sdk_2024.6.2/platform/Device/SiliconLabs/EFR32MG21/Source/system_efr32mg21.o
                0x00000674                SystemHFRCODPLLClockGet
 .text.SystemHFRCODPLLClockSet
                0x00000680        0xc ./simplicity_sdk_2024.6.2/platform/Device/SiliconLabs/EFR32MG21/Source/system_efr32mg21.o
                0x00000680                SystemHFRCODPLLClockSet
 .text.SystemSYSCLKGet
                0x0000068c       0x34 ./simplicity_sdk_2024.6.2/platform/Device/SiliconLabs/EFR32MG21/Source/system_efr32mg21.o
                0x0000068c                SystemSYSCLKGet
 .text.SystemHCLKGet
                0x000006c0       0x24 ./simplicity_sdk_2024.6.2/platform/Device/SiliconLabs/EFR32MG21/Source/system_efr32mg21.o
                0x000006c0                SystemHCLKGet
 .text.SystemMaxCoreClockGet
                0x000006e4        0x8 ./simplicity_sdk_2024.6.2/platform/Device/SiliconLabs/EFR32MG21/Source/system_efr32mg21.o
                0x000006e4                SystemMaxCoreClockGet
 .text.SystemHFXOClockGet
                0x000006ec        0xc ./simplicity_sdk_2024.6.2/platform/Device/SiliconLabs/EFR32MG21/Source/system_efr32mg21.o
                0x000006ec                SystemHFXOClockGet
 .text.SystemHFXOClockSet
                0x000006f8       0x20 ./simplicity_sdk_2024.6.2/platform/Device/SiliconLabs/EFR32MG21/Source/system_efr32mg21.o
                0x000006f8                SystemHFXOClockSet
 .text.SystemFSRCOClockGet
                0x00000718        0x8 ./simplicity_sdk_2024.6.2/platform/Device/SiliconLabs/EFR32MG21/Source/system_efr32mg21.o
                0x00000718                SystemFSRCOClockGet
 .text.SystemHFRCOEM23ClockGet
                0x00000720       0x88 ./simplicity_sdk_2024.6.2/platform/Device/SiliconLabs/EFR32MG21/Source/system_efr32mg21.o
                0x00000720                SystemHFRCOEM23ClockGet
 .text.SystemLFXOClockGet
                0x000007a8        0xc ./simplicity_sdk_2024.6.2/platform/Device/SiliconLabs/EFR32MG21/Source/system_efr32mg21.o
                0x000007a8                SystemLFXOClockGet
 .text.sl_debug_swo_init
                0x000007b4       0xcc ./simplicity_sdk_2024.6.2/platform/driver/debug/src/sl_debug_swo.o
                0x000007b4                sl_debug_swo_init
 .text.flashWaitStateControl
                0x00000880       0x60 ./simplicity_sdk_2024.6.2/platform/emlib/src/em_cmu.o
 .text.HFRCODPLLDevinfoGet
                0x000008e0      0x108 ./simplicity_sdk_2024.6.2/platform/emlib/src/em_cmu.o
 .text.traceClkGet
                0x000009e8       0x48 ./simplicity_sdk_2024.6.2/platform/emlib/src/em_cmu.o
 .text.em01GrpaClkGet
                0x00000a30       0x64 ./simplicity_sdk_2024.6.2/platform/emlib/src/em_cmu.o
 .text.iadcClkGet
                0x00000a94       0x60 ./simplicity_sdk_2024.6.2/platform/emlib/src/em_cmu.o
 .text.em23GrpaClkGet
                0x00000af4       0x48 ./simplicity_sdk_2024.6.2/platform/emlib/src/em_cmu.o
 .text.em4GrpaClkGet
                0x00000b3c       0x48 ./simplicity_sdk_2024.6.2/platform/emlib/src/em_cmu.o
 .text.wdog0ClkGet
                0x00000b84       0x64 ./simplicity_sdk_2024.6.2/platform/emlib/src/em_cmu.o
 .text.wdog1ClkGet
                0x00000be8       0x64 ./simplicity_sdk_2024.6.2/platform/emlib/src/em_cmu.o
 .text.rtccClkGet
                0x00000c4c       0x54 ./simplicity_sdk_2024.6.2/platform/emlib/src/em_cmu.o
 .text.dpllRefClkGet
                0x00000ca0       0x48 ./simplicity_sdk_2024.6.2/platform/emlib/src/em_cmu.o
 .text.CMU_ClockDivGet
                0x00000ce8       0x50 ./simplicity_sdk_2024.6.2/platform/emlib/src/em_cmu.o
                0x00000ce8                CMU_ClockDivGet
 .text.CMU_ClockFreqGet
                0x00000d38      0x104 ./simplicity_sdk_2024.6.2/platform/emlib/src/em_cmu.o
                0x00000d38                CMU_ClockFreqGet
 .text.pclkDivOptimize
                0x00000e3c       0x20 ./simplicity_sdk_2024.6.2/platform/emlib/src/em_cmu.o
 .text.CMU_ClockDivSet
                0x00000e5c       0xac ./simplicity_sdk_2024.6.2/platform/emlib/src/em_cmu.o
                0x00000e5c                CMU_ClockDivSet
 .text.CMU_ClockSelectGet
                0x00000f08       0xf8 ./simplicity_sdk_2024.6.2/platform/emlib/src/em_cmu.o
                0x00000f08                CMU_ClockSelectGet
 .text.sli_em_cmu_SYSTICEXTCLKENClear
                0x00001000       0x10 ./simplicity_sdk_2024.6.2/platform/emlib/src/em_cmu.o
                0x00001000                sli_em_cmu_SYSTICEXTCLKENClear
 .text.CMU_HFRCODPLLBandSet
                0x00001010       0xd0 ./simplicity_sdk_2024.6.2/platform/emlib/src/em_cmu.o
                0x00001010                CMU_HFRCODPLLBandSet
 .text.CMU_HFXOInit
                0x000010e0      0x1cc ./simplicity_sdk_2024.6.2/platform/emlib/src/em_cmu.o
                0x000010e0                CMU_HFXOInit
 .text.CMU_HFXOCTuneDeltaGet
                0x000012ac        0xc ./simplicity_sdk_2024.6.2/platform/emlib/src/em_cmu.o
                0x000012ac                CMU_HFXOCTuneDeltaGet
 .text.CMU_LFXOInit
                0x000012b8       0xb8 ./simplicity_sdk_2024.6.2/platform/emlib/src/em_cmu.o
                0x000012b8                CMU_LFXOInit
 .text.CMU_LFXOPrecisionSet
                0x00001370        0xc ./simplicity_sdk_2024.6.2/platform/emlib/src/em_cmu.o
                0x00001370                CMU_LFXOPrecisionSet
 .text.CMU_HFXOPrecisionSet
                0x0000137c        0xc ./simplicity_sdk_2024.6.2/platform/emlib/src/em_cmu.o
                0x0000137c                CMU_HFXOPrecisionSet
 .text.CMU_HFRCOEM23BandSet
                0x00001388      0x144 ./simplicity_sdk_2024.6.2/platform/emlib/src/em_cmu.o
                0x00001388                CMU_HFRCOEM23BandSet
 .text.EMU_EM4Init
                0x000014cc       0x14 ./simplicity_sdk_2024.6.2/platform/emlib/src/em_emu.o
                0x000014cc                EMU_EM4Init
 .text.BUS_RegBitWrite
                0x000014e0       0x2c ./simplicity_sdk_2024.6.2/platform/emlib/src/em_gpio.o
 .text.GPIO_PinOutSet
                0x0000150c       0x40 ./simplicity_sdk_2024.6.2/platform/emlib/src/em_gpio.o
 .text.GPIO_PinOutClear
                0x0000154c       0x40 ./simplicity_sdk_2024.6.2/platform/emlib/src/em_gpio.o
 .text.GPIO_ExtIntConfig
                0x0000158c       0xb0 ./simplicity_sdk_2024.6.2/platform/emlib/src/em_gpio.o
                0x0000158c                GPIO_ExtIntConfig
 .text.GPIO_PinModeSet
                0x0000163c       0x90 ./simplicity_sdk_2024.6.2/platform/emlib/src/em_gpio.o
                0x0000163c                GPIO_PinModeSet
 .text.SYSTEM_ChipRevisionGet
                0x000016cc       0x1c ./simplicity_sdk_2024.6.2/platform/emlib/src/em_system.o
                0x000016cc                SYSTEM_ChipRevisionGet
 .text.TIMER_Valid
                0x000016e8       0x2c ./simplicity_sdk_2024.6.2/platform/emlib/src/em_timer.o
 .text.TIMER_Init
                0x00001714       0x90 ./simplicity_sdk_2024.6.2/platform/emlib/src/em_timer.o
                0x00001714                TIMER_Init
 .text.prsRxInput
                0x000017a4       0x44 ./simplicity_sdk_2024.6.2/platform/emlib/src/em_usart.o
 .text.USART_BaudrateAsyncSet
                0x000017e8       0xe0 ./simplicity_sdk_2024.6.2/platform/emlib/src/em_usart.o
                0x000017e8                USART_BaudrateAsyncSet
 .text.USART_Reset
                0x000018c8       0x80 ./simplicity_sdk_2024.6.2/platform/emlib/src/em_usart.o
                0x000018c8                USART_Reset
 .text.USART_InitAsync
                0x00001948      0x124 ./simplicity_sdk_2024.6.2/platform/emlib/src/em_usart.o
                0x00001948                USART_InitAsync
 .text.sli_clock_manager_hal_init
                0x00001a6c      0x1a4 ./simplicity_sdk_2024.6.2/platform/service/clock_manager/src/sl_clock_manager_init_hal_s2.o
                0x00001a6c                sli_clock_manager_hal_init
 .text.sl_device_init_emu
                0x00001c10       0x24 ./simplicity_sdk_2024.6.2/platform/service/device_init/src/sl_device_init_emu_s2.o
                0x00001c10                sl_device_init_emu
 .text.sl_interrupt_manager_enable_irq
                0x00001c34       0x34 ./simplicity_sdk_2024.6.2/platform/service/interrupt_manager/src/sl_interrupt_manager_cortexm.o
                0x00001c34                sl_interrupt_manager_enable_irq
 .text.sl_interrupt_manager_clear_irq_pending
                0x00001c68       0x1c ./simplicity_sdk_2024.6.2/platform/service/interrupt_manager/src/sl_interrupt_manager_cortexm.o
                0x00001c68                sl_interrupt_manager_clear_irq_pending
 .text.sl_interrupt_manager_set_irq_priority
                0x00001c84       0x50 ./simplicity_sdk_2024.6.2/platform/service/interrupt_manager/src/sl_interrupt_manager_cortexm.o
                0x00001c84                sl_interrupt_manager_set_irq_priority
 .text._sbrk    0x00001cd4       0x20 ./simplicity_sdk_2024.6.2/platform/service/memory_manager/src/sl_memory_manager_region.o
                0x00001cd4                _sbrk
 .text          0x00001cf4      0x378 d:/siliconlab/developer/toolchains/gnu_arm/12.2.rel1_2023.7/bin/../lib/gcc/arm-none-eabi/12.2.1/thumb/v8-m.main+fp/hard\libgcc.a(_arm_addsubdf3.o)
                0x00001cf4                __aeabi_drsub
                0x00001cfc                __aeabi_dsub
                0x00001cfc                __subdf3
                0x00001d00                __aeabi_dadd
                0x00001d00                __adddf3
                0x00001f78                __floatunsidf
                0x00001f78                __aeabi_ui2d
                0x00001f98                __floatsidf
                0x00001f98                __aeabi_i2d
                0x00001fbc                __aeabi_f2d
                0x00001fbc                __extendsfdf2
                0x00002000                __floatundidf
                0x00002000                __aeabi_ul2d
                0x00002010                __floatdidf
                0x00002010                __aeabi_l2d
 .text.exit     0x0000206c       0x24 d:/siliconlab/developer/toolchains/gnu_arm/12.2.rel1_2023.7/bin/../lib/gcc/arm-none-eabi/12.2.1/thumb/v8-m.main+fp/hard\libc_nano.a(libc_a-exit.o)
                0x0000206c                exit
 .text.snprintf
                0x00002090       0x68 d:/siliconlab/developer/toolchains/gnu_arm/12.2.rel1_2023.7/bin/../lib/gcc/arm-none-eabi/12.2.1/thumb/v8-m.main+fp/hard\libc_nano.a(libc_a-snprintf.o)
                0x00002090                sniprintf
                0x00002090                snprintf
 .text.__libc_init_array
                0x000020f8       0x48 d:/siliconlab/developer/toolchains/gnu_arm/12.2.rel1_2023.7/bin/../lib/gcc/arm-none-eabi/12.2.1/thumb/v8-m.main+fp/hard\libc_nano.a(libc_a-init.o)
                0x000020f8                __libc_init_array
 .text._free_r  0x00002140       0x94 d:/siliconlab/developer/toolchains/gnu_arm/12.2.rel1_2023.7/bin/../lib/gcc/arm-none-eabi/12.2.1/thumb/v8-m.main+fp/hard\libc_nano.a(libc_a-freer.o)
                0x00002140                _free_r
 .text.sbrk_aligned
                0x000021d4       0x44 d:/siliconlab/developer/toolchains/gnu_arm/12.2.rel1_2023.7/bin/../lib/gcc/arm-none-eabi/12.2.1/thumb/v8-m.main+fp/hard\libc_nano.a(libc_a-mallocr.o)
 .text._malloc_r
                0x00002218       0xf0 d:/siliconlab/developer/toolchains/gnu_arm/12.2.rel1_2023.7/bin/../lib/gcc/arm-none-eabi/12.2.1/thumb/v8-m.main+fp/hard\libc_nano.a(libc_a-mallocr.o)
                0x00002218                _malloc_r
 .text.__malloc_lock
                0x00002308        0xc d:/siliconlab/developer/toolchains/gnu_arm/12.2.rel1_2023.7/bin/../lib/gcc/arm-none-eabi/12.2.1/thumb/v8-m.main+fp/hard\libc_nano.a(libc_a-mlock.o)
                0x00002308                __malloc_lock
 .text.__malloc_unlock
                0x00002314        0xc d:/siliconlab/developer/toolchains/gnu_arm/12.2.rel1_2023.7/bin/../lib/gcc/arm-none-eabi/12.2.1/thumb/v8-m.main+fp/hard\libc_nano.a(libc_a-mlock.o)
                0x00002314                __malloc_unlock
 .text._svfprintf_r
                0x00002320      0x1f8 d:/siliconlab/developer/toolchains/gnu_arm/12.2.rel1_2023.7/bin/../lib/gcc/arm-none-eabi/12.2.1/thumb/v8-m.main+fp/hard\libc_nano.a(libc_a-nano-svfprintf.o)
                0x00002320                _svfiprintf_r
                0x00002320                _svfprintf_r
 .text._printf_i
                0x00002518      0x258 d:/siliconlab/developer/toolchains/gnu_arm/12.2.rel1_2023.7/bin/../lib/gcc/arm-none-eabi/12.2.1/thumb/v8-m.main+fp/hard\libc_nano.a(libc_a-nano-vfprintf_i.o)
                0x00002518                _printf_i
 .text._sbrk_r  0x00002770       0x20 d:/siliconlab/developer/toolchains/gnu_arm/12.2.rel1_2023.7/bin/../lib/gcc/arm-none-eabi/12.2.1/thumb/v8-m.main+fp/hard\libc_nano.a(libc_a-sbrkr.o)
                0x00002770                _sbrk_r
 .text.app_init
                0x00002790        0x2 ./app.o
                0x00002790                app_init
 .text.app_process_action
                0x00002792        0x2 ./app.o
                0x00002792                app_process_action
 .text.initLED_BUTTON
                0x00002794       0x64 ./main.o
                0x00002794                initLED_BUTTON
 .text.initGPIO
                0x000027f8       0x2e ./main.o
                0x000027f8                initGPIO
 .text.UART_TransmitMultiple
                0x00002826       0x1a ./main.o
                0x00002826                UART_TransmitMultiple
 .text.sl_board_default_init
                0x00002840        0x4 ./autogen/sl_board_default_init.o
                0x00002840                sl_board_default_init
 .text.sl_driver_init
                0x00002844        0xe ./autogen/sl_event_handler.o
                0x00002844                sl_driver_init
 .text.sl_service_init
                0x00002852        0x4 ./autogen/sl_event_handler.o
                0x00002852                sl_service_init
 .text.sl_stack_init
                0x00002856        0x2 ./autogen/sl_event_handler.o
                0x00002856                sl_stack_init
 .text.sl_internal_app_init
                0x00002858        0x2 ./autogen/sl_event_handler.o
                0x00002858                sl_internal_app_init
 .text.sl_platform_process_action
                0x0000285a        0x2 ./autogen/sl_event_handler.o
                0x0000285a                sl_platform_process_action
 .text.sl_service_process_action
                0x0000285c        0x2 ./autogen/sl_event_handler.o
                0x0000285c                sl_service_process_action
 .text.sl_stack_process_action
                0x0000285e        0x2 ./autogen/sl_event_handler.o
                0x0000285e                sl_stack_process_action
 .text.sl_internal_app_process_action
                0x00002860        0x2 ./autogen/sl_event_handler.o
                0x00002860                sl_internal_app_process_action
 .text.sl_board_configure_vcom
                0x00002862        0x4 ./simplicity_sdk_2024.6.2/hardware/board/src/sl_board_control_gpio.o
                0x00002862                sl_board_configure_vcom
 .text.sl_board_disable_vcom
                0x00002866       0x12 ./simplicity_sdk_2024.6.2/hardware/board/src/sl_board_control_gpio.o
                0x00002866                sl_board_disable_vcom
 .text.sl_cos_send_config
                0x00002878       0x12 ./simplicity_sdk_2024.6.2/hardware/driver/configuration_over_swo/src/sl_cos.o
                0x00002878                sl_cos_send_config
 .text.Default_Handler
                0x0000288a        0x2 ./simplicity_sdk_2024.6.2/platform/Device/SiliconLabs/EFR32MG21/Source/startup_efr32mg21.o
                0x0000288a                ULFRCO_IRQHandler
                0x0000288a                SW2_IRQHandler
                0x0000288a                TIMER2_IRQHandler
                0x0000288a                DebugMon_Handler
                0x0000288a                USART0_TX_IRQHandler
                0x0000288a                PRORTC_IRQHandler
                0x0000288a                IADC_IRQHandler
                0x0000288a                I2C0_IRQHandler
                0x0000288a                LFXO_IRQHandler
                0x0000288a                HardFault_Handler
                0x0000288a                SMU_SECURE_IRQHandler
                0x0000288a                SysTick_Handler
                0x0000288a                USART1_RX_IRQHandler
                0x0000288a                PendSV_Handler
                0x0000288a                NMI_Handler
                0x0000288a                SYNTH_IRQHandler
                0x0000288a                I2C1_IRQHandler
                0x0000288a                WDOG0_IRQHandler
                0x0000288a                TIMER3_IRQHandler
                0x0000288a                SYSCFG_IRQHandler
                0x0000288a                EMUSE_IRQHandler
                0x0000288a                EMUDG_IRQHandler
                0x0000288a                USART1_TX_IRQHandler
                0x0000288a                SMU_PRIVILEGED_IRQHandler
                0x0000288a                MSC_IRQHandler
                0x0000288a                DPLL0_IRQHandler
                0x0000288a                UsageFault_Handler
                0x0000288a                WDOG1_IRQHandler
                0x0000288a                M33CTI1_IRQHandler
                0x0000288a                LDMA_IRQHandler
                0x0000288a                SEMBTX_IRQHandler
                0x0000288a                SW0_IRQHandler
                0x0000288a                TIMER0_IRQHandler
                0x0000288a                LETIMER0_IRQHandler
                0x0000288a                TIMER1_IRQHandler
                0x0000288a                HFRCO0_IRQHandler
                0x0000288a                SecureFault_Handler
                0x0000288a                BUFC_IRQHandler
                0x0000288a                MODEM_IRQHandler
                0x0000288a                USART2_RX_IRQHandler
                0x0000288a                Default_Handler
                0x0000288a                RAC_SEQ_IRQHandler
                0x0000288a                FRC_PRI_IRQHandler
                0x0000288a                EMU_IRQHandler
                0x0000288a                SW3_IRQHandler
                0x0000288a                KERNEL0_IRQHandler
                0x0000288a                FRC_IRQHandler
                0x0000288a                KERNEL1_IRQHandler
                0x0000288a                AGC_IRQHandler
                0x0000288a                sl_app_properties
                0x0000288a                HFRCOEM23_IRQHandler
                0x0000288a                BURTC_IRQHandler
                0x0000288a                SEMBRX_IRQHandler
                0x0000288a                LFRCO_IRQHandler
                0x0000288a                ACMP0_IRQHandler
                0x0000288a                USART0_RX_IRQHandler
                0x0000288a                MemManage_Handler
                0x0000288a                SVC_Handler
                0x0000288a                RTCC_IRQHandler
                0x0000288a                HFXO00_IRQHandler
                0x0000288a                SW1_IRQHandler
                0x0000288a                CMU_IRQHandler
                0x0000288a                RAC_RSM_IRQHandler
                0x0000288a                SETAMPERHOST_IRQHandler
                0x0000288a                AES_IRQHandler
                0x0000288a                M33CTI0_IRQHandler
                0x0000288a                ICACHE0_IRQHandler
                0x0000288a                PROTIMER_IRQHandler
                0x0000288a                ACMP1_IRQHandler
                0x0000288a                BusFault_Handler
                0x0000288a                USART2_TX_IRQHandler
 .text.CopyBlock
                0x0000288c       0x18 ./simplicity_sdk_2024.6.2/platform/Device/SiliconLabs/EFR32MG21/Source/startup_efr32mg21.o
                0x0000288c                CopyBlock
 .text.SystemCLKIN0Get
                0x000028a4        0x4 ./simplicity_sdk_2024.6.2/platform/Device/SiliconLabs/EFR32MG21/Source/system_efr32mg21.o
                0x000028a4                SystemCLKIN0Get
 .text.SystemLFRCOClockGet
                0x000028a8        0x6 ./simplicity_sdk_2024.6.2/platform/Device/SiliconLabs/EFR32MG21/Source/system_efr32mg21.o
                0x000028a8                SystemLFRCOClockGet
 .text.SystemULFRCOClockGet
                0x000028ae        0x6 ./simplicity_sdk_2024.6.2/platform/Device/SiliconLabs/EFR32MG21/Source/system_efr32mg21.o
                0x000028ae                SystemULFRCOClockGet
 .text.assertEFM
                0x000028b4        0x2 ./simplicity_sdk_2024.6.2/platform/common/src/sl_assert.o
                0x000028b4                assertEFM
 .text.CORE_EnterCritical
                0x000028b6        0x8 ./simplicity_sdk_2024.6.2/platform/common/src/sl_core_cortexm.o
                0x000028b6                CORE_EnterCritical
 .text.CORE_ExitCritical
                0x000028be        0x6 ./simplicity_sdk_2024.6.2/platform/common/src/sl_core_cortexm.o
                0x000028be                CORE_ExitCritical
 .text.CORE_EnterAtomic
                0x000028c4        0xc ./simplicity_sdk_2024.6.2/platform/common/src/sl_core_cortexm.o
                0x000028c4                CORE_EnterAtomic
 .text.CORE_ExitAtomic
                0x000028d0        0x6 ./simplicity_sdk_2024.6.2/platform/common/src/sl_core_cortexm.o
                0x000028d0                CORE_ExitAtomic
 .text._exit    0x000028d6        0x2 ./simplicity_sdk_2024.6.2/platform/common/src/sl_syscalls.o
                0x000028d6                _exit
 .text.sl_debug_swo_enable_itm
                0x000028d8       0x16 ./simplicity_sdk_2024.6.2/platform/driver/debug/src/sl_debug_swo.o
                0x000028d8                sl_debug_swo_enable_itm
 .text.sl_debug_swo_disable_itm
                0x000028ee       0x18 ./simplicity_sdk_2024.6.2/platform/driver/debug/src/sl_debug_swo.o
                0x000028ee                sl_debug_swo_disable_itm
 .text.waitStateMax
                0x00002906       0x10 ./simplicity_sdk_2024.6.2/platform/emlib/src/em_cmu.o
 .text.pclkDivMax
                0x00002916        0x8 ./simplicity_sdk_2024.6.2/platform/emlib/src/em_cmu.o
 .text.sli_em_cmu_SYSCLKInitPreClockSelect
                0x0000291e        0xe ./simplicity_sdk_2024.6.2/platform/emlib/src/em_cmu.o
                0x0000291e                sli_em_cmu_SYSCLKInitPreClockSelect
 .text.sli_em_cmu_SYSCLKInitPostClockSelect
                0x0000292c       0x1a ./simplicity_sdk_2024.6.2/platform/emlib/src/em_cmu.o
                0x0000292c                sli_em_cmu_SYSCLKInitPostClockSelect
 .text.BUS_RegMaskedWrite
                0x00002946       0x1e ./simplicity_sdk_2024.6.2/platform/emlib/src/em_gpio.o
 .text.GPIO_DbgLocationSet
                0x00002964        0x2 ./simplicity_sdk_2024.6.2/platform/emlib/src/em_gpio.o
                0x00002964                GPIO_DbgLocationSet
 .text.TIMER_SyncWait
                0x00002966        0xe ./simplicity_sdk_2024.6.2/platform/emlib/src/em_timer.o
                0x00002966                TIMER_SyncWait
 .text.USART_Rx
                0x00002974        0xc ./simplicity_sdk_2024.6.2/platform/emlib/src/em_usart.o
                0x00002974                USART_Rx
 .text.USART_Tx
                0x00002980        0xa ./simplicity_sdk_2024.6.2/platform/emlib/src/em_usart.o
                0x00002980                USART_Tx
 .text.sl_clock_manager_runtime_init
                0x0000298a        0x4 ./simplicity_sdk_2024.6.2/platform/service/clock_manager/src/sl_clock_manager.o
                0x0000298a                sl_clock_manager_runtime_init
 .text.sl_clock_manager_get_clock_branch_frequency
                0x0000298e        0xa ./simplicity_sdk_2024.6.2/platform/service/clock_manager/src/sl_clock_manager.o
                0x0000298e                sl_clock_manager_get_clock_branch_frequency
 .text.sl_clock_manager_enable_bus_clock
                0x00002998        0x6 ./simplicity_sdk_2024.6.2/platform/service/clock_manager/src/sl_clock_manager.o
                0x00002998                sl_clock_manager_enable_bus_clock
 .text.sli_clock_manager_hal_runtime_init
                0x0000299e        0x4 ./simplicity_sdk_2024.6.2/platform/service/clock_manager/src/sl_clock_manager_hal_s2.o
                0x0000299e                sli_clock_manager_hal_runtime_init
 .text.sli_clock_manager_hal_get_clock_branch_frequency
                0x000029a2       0x82 ./simplicity_sdk_2024.6.2/platform/service/clock_manager/src/sl_clock_manager_hal_s2.o
                0x000029a2                sli_clock_manager_hal_get_clock_branch_frequency
 .text.sli_clock_manager_hal_enable_bus_clock
                0x00002a24        0x4 ./simplicity_sdk_2024.6.2/platform/service/clock_manager/src/sl_clock_manager_hal_s2.o
                0x00002a24                sli_clock_manager_hal_enable_bus_clock
 .text.sl_clock_manager_init
                0x00002a28        0x4 ./simplicity_sdk_2024.6.2/platform/service/clock_manager/src/sl_clock_manager_init.o
                0x00002a28                sl_clock_manager_init
 .text.sl_interrupt_manager_init
                0x00002a2c       0x16 ./simplicity_sdk_2024.6.2/platform/service/interrupt_manager/src/sl_interrupt_manager_cortexm.o
                0x00002a2c                sl_interrupt_manager_init
 .text.sl_system_init
                0x00002a42       0x1a ./simplicity_sdk_2024.6.2/platform/service/system/src/sl_system_init.o
                0x00002a42                sl_system_init
 .text.sl_system_process_action
                0x00002a5c       0x16 ./simplicity_sdk_2024.6.2/platform/service/system/src/sl_system_process_action.o
                0x00002a5c                sl_system_process_action
 .text.memset   0x00002a72       0x10 d:/siliconlab/developer/toolchains/gnu_arm/12.2.rel1_2023.7/bin/../lib/gcc/arm-none-eabi/12.2.1/thumb/v8-m.main+fp/hard\libc_nano.a(libc_a-memset.o)
                0x00002a72                memset
 .text.strstr   0x00002a82       0x2c d:/siliconlab/developer/toolchains/gnu_arm/12.2.rel1_2023.7/bin/../lib/gcc/arm-none-eabi/12.2.1/thumb/v8-m.main+fp/hard\libc_nano.a(libc_a-strstr.o)
                0x00002a82                strstr
 .text.__retarget_lock_acquire_recursive
                0x00002aae        0x2 d:/siliconlab/developer/toolchains/gnu_arm/12.2.rel1_2023.7/bin/../lib/gcc/arm-none-eabi/12.2.1/thumb/v8-m.main+fp/hard\libc_nano.a(libc_a-lock.o)
                0x00002aae                __retarget_lock_acquire_recursive
 .text.__retarget_lock_release_recursive
                0x00002ab0        0x2 d:/siliconlab/developer/toolchains/gnu_arm/12.2.rel1_2023.7/bin/../lib/gcc/arm-none-eabi/12.2.1/thumb/v8-m.main+fp/hard\libc_nano.a(libc_a-lock.o)
                0x00002ab0                __retarget_lock_release_recursive
 .text          0x00002ab2       0x10 d:/siliconlab/developer/toolchains/gnu_arm/12.2.rel1_2023.7/bin/../lib/gcc/arm-none-eabi/12.2.1/thumb/v8-m.main+fp/hard\libc_nano.a(libc_a-strlen.o)
                0x00002ab2                strlen
 .text.__ssputs_r
                0x00002ac2       0xb6 d:/siliconlab/developer/toolchains/gnu_arm/12.2.rel1_2023.7/bin/../lib/gcc/arm-none-eabi/12.2.1/thumb/v8-m.main+fp/hard\libc_nano.a(libc_a-nano-svfprintf.o)
                0x00002ac2                __ssputs_r
 .text._printf_common
                0x00002b78       0xe4 d:/siliconlab/developer/toolchains/gnu_arm/12.2.rel1_2023.7/bin/../lib/gcc/arm-none-eabi/12.2.1/thumb/v8-m.main+fp/hard\libc_nano.a(libc_a-nano-vfprintf_i.o)
                0x00002b78                _printf_common
 .text.memmove  0x00002c5c       0x34 d:/siliconlab/developer/toolchains/gnu_arm/12.2.rel1_2023.7/bin/../lib/gcc/arm-none-eabi/12.2.1/thumb/v8-m.main+fp/hard\libc_nano.a(libc_a-memmove.o)
                0x00002c5c                memmove
 .text.memchr   0x00002c90       0x1c d:/siliconlab/developer/toolchains/gnu_arm/12.2.rel1_2023.7/bin/../lib/gcc/arm-none-eabi/12.2.1/thumb/v8-m.main+fp/hard\libc_nano.a(libc_a-memchr-stub.o)
                0x00002c90                memchr
 .text.memcpy   0x00002cac       0x1a d:/siliconlab/developer/toolchains/gnu_arm/12.2.rel1_2023.7/bin/../lib/gcc/arm-none-eabi/12.2.1/thumb/v8-m.main+fp/hard\libc_nano.a(libc_a-memcpy-stub.o)
                0x00002cac                memcpy
 .text._realloc_r
                0x00002cc6       0x5c d:/siliconlab/developer/toolchains/gnu_arm/12.2.rel1_2023.7/bin/../lib/gcc/arm-none-eabi/12.2.1/thumb/v8-m.main+fp/hard\libc_nano.a(libc_a-reallocr.o)
                0x00002cc6                _realloc_r
 .text._malloc_usable_size_r
                0x00002d22       0x10 d:/siliconlab/developer/toolchains/gnu_arm/12.2.rel1_2023.7/bin/../lib/gcc/arm-none-eabi/12.2.1/thumb/v8-m.main+fp/hard\libc_nano.a(libc_a-msizer.o)
                0x00002d22                _malloc_usable_size_r
 *(SORT_BY_ALIGNMENT(text_*))
                0x00002d40                . = ALIGN (0x20)
 *fill*         0x00002d32        0xe 
                0x00002d40                linker_code_end = .
 *(.init)
 .init          0x00002d40        0x4 d:/siliconlab/developer/toolchains/gnu_arm/12.2.rel1_2023.7/bin/../lib/gcc/arm-none-eabi/12.2.1/thumb/v8-m.main+fp/hard/crti.o
                0x00002d40                _init
 .init          0x00002d44        0x8 d:/siliconlab/developer/toolchains/gnu_arm/12.2.rel1_2023.7/bin/../lib/gcc/arm-none-eabi/12.2.1/thumb/v8-m.main+fp/hard/crtn.o
 *(.fini)
 .fini          0x00002d4c        0x4 d:/siliconlab/developer/toolchains/gnu_arm/12.2.rel1_2023.7/bin/../lib/gcc/arm-none-eabi/12.2.1/thumb/v8-m.main+fp/hard/crti.o
                0x00002d4c                _fini
 .fini          0x00002d50        0x8 d:/siliconlab/developer/toolchains/gnu_arm/12.2.rel1_2023.7/bin/../lib/gcc/arm-none-eabi/12.2.1/thumb/v8-m.main+fp/hard/crtn.o
 *crtbegin.o(.ctors)
 *crtbegin?.o(.ctors)
 *(EXCLUDE_FILE(*crtend.o *crtend?.o) .ctors)
 *(SORT_BY_NAME(.ctors.*))
 *(.ctors)
 *crtbegin.o(.dtors)
 *crtbegin?.o(.dtors)
 *(EXCLUDE_FILE(*crtend.o *crtend?.o) .dtors)
 *(SORT_BY_NAME(.dtors.*))
 *(.dtors)
 *(.rodata*)
 .rodata.initTimer0.str1.1
                0x00002d58       0x60 ./main.o
 .rodata.GPIO_EVEN_IRQHandler.str1.1
                0x00002db8       0x13 ./main.o
 .rodata.GPIO_ODD_IRQHandler.str1.1
                0x00002dcb       0x13 ./main.o
 .rodata.handle_command.str1.1
                0x00002dde       0x34 ./main.o
                                 0x3b (size before relaxing)
 .rodata.main.str1.1
                0x00002e12       0x1d ./main.o
 .rodata.HFRCODPLLDevinfoGet.str1.1
                0x00002e2f       0x5e ./simplicity_sdk_2024.6.2/platform/emlib/src/em_cmu.o
 .rodata.BUS_RegBitWrite.str1.1
                0x00002e8d       0x5e ./simplicity_sdk_2024.6.2/platform/emlib/src/em_gpio.o
 .rodata.GPIO_PinOutSet.str1.1
                0x00002eeb       0x5f ./simplicity_sdk_2024.6.2/platform/emlib/src/em_gpio.o
 .rodata.GPIO_ExtIntConfig.str1.1
                0x00002f4a       0x5f ./simplicity_sdk_2024.6.2/platform/emlib/src/em_gpio.o
 .rodata.CSWTCH.31
                0x00002fa9        0x4 ./simplicity_sdk_2024.6.2/platform/emlib/src/em_gpio.o
 .rodata.timerPrsConfig.str1.1
                0x00002fad       0x60 ./simplicity_sdk_2024.6.2/platform/emlib/src/em_timer.o
 .rodata.USART_BaudrateAsyncSet.str1.1
                0x0000300d       0x60 ./simplicity_sdk_2024.6.2/platform/emlib/src/em_usart.o
 *fill*         0x0000306d        0x3 
 .rodata        0x00003070       0x3c ./simplicity_sdk_2024.6.2/platform/service/clock_manager/src/sl_clock_manager_init_hal_s2.o
 .rodata.SL_BUS_CLOCK_GPIO_VALUE
                0x000030ac        0x4 ./simplicity_sdk_2024.6.2/platform/service/device_manager/src/sl_device_clock.o
                0x000030ac                SL_BUS_CLOCK_GPIO_VALUE
 .rodata.sl_interrupt_manager_disable_irq.str1.1
                0x000030b0       0x88 ./simplicity_sdk_2024.6.2/platform/service/interrupt_manager/src/sl_interrupt_manager_cortexm.o
 .rodata._svfprintf_r.str1.1
                0x00003138       0x11 d:/siliconlab/developer/toolchains/gnu_arm/12.2.rel1_2023.7/bin/../lib/gcc/arm-none-eabi/12.2.1/thumb/v8-m.main+fp/hard\libc_nano.a(libc_a-nano-svfprintf.o)
 .rodata._printf_i.str1.1
                0x00003149       0x22 d:/siliconlab/developer/toolchains/gnu_arm/12.2.rel1_2023.7/bin/../lib/gcc/arm-none-eabi/12.2.1/thumb/v8-m.main+fp/hard\libc_nano.a(libc_a-nano-vfprintf_i.o)
 *(.eh_frame*)
 *fill*         0x0000316b        0x1 
 .eh_frame      0x0000316c        0x0 d:/siliconlab/developer/toolchains/gnu_arm/12.2.rel1_2023.7/bin/../lib/gcc/arm-none-eabi/12.2.1/thumb/v8-m.main+fp/hard/crtbegin.o

.glue_7         0x0000316c        0x0
 .glue_7        0x0000316c        0x0 linker stubs

.glue_7t        0x0000316c        0x0
 .glue_7t       0x0000316c        0x0 linker stubs

.vfp11_veneer   0x0000316c        0x0
 .vfp11_veneer  0x0000316c        0x0 linker stubs

.v4_bx          0x0000316c        0x0
 .v4_bx         0x0000316c        0x0 linker stubs

.iplt           0x0000316c        0x0
 .iplt          0x0000316c        0x0 d:/siliconlab/developer/toolchains/gnu_arm/12.2.rel1_2023.7/bin/../lib/gcc/arm-none-eabi/12.2.1/thumb/v8-m.main+fp/hard/crtbegin.o

.ARM.extab
 *(.ARM.extab* .gnu.linkonce.armextab.*)
                0x0000316c                __exidx_start = .

.ARM.exidx      0x0000316c        0x8
 *(.ARM.exidx* .gnu.linkonce.armexidx.*)
 .ARM.exidx     0x0000316c        0x8 d:/siliconlab/developer/toolchains/gnu_arm/12.2.rel1_2023.7/bin/../lib/gcc/arm-none-eabi/12.2.1/thumb/v8-m.main+fp/hard/crt0.o
                                 0x10 (size before relaxing)
                0x00003174                __exidx_end = .

.rel.dyn        0x00003174        0x0
 .rel.iplt      0x00003174        0x0 d:/siliconlab/developer/toolchains/gnu_arm/12.2.rel1_2023.7/bin/../lib/gcc/arm-none-eabi/12.2.1/thumb/v8-m.main+fp/hard/crtbegin.o

.copy.table     0x00003174        0xc
                0x00003174                . = ALIGN (0x4)
                0x00003174                __copy_table_start__ = .
                0x00003174        0x4 LONG 0x3180 __etext
                0x00003178        0x4 LONG 0x20001164 __data_start__
                0x0000317c        0x4 LONG 0x1c ((__data_end__ - __data_start__) / 0x4)
                0x00003180                __copy_table_end__ = .

.zero.table     0x00003180        0x0
                0x00003180                . = ALIGN (0x4)
                0x00003180                __zero_table_start__ = .
                0x00003180                __zero_table_end__ = .
                0x00003180                __etext = .

.data           0x20001164       0x70 load address 0x00003180
                0x20001164                . = ALIGN (0x4)
                0x20001164                __data_start__ = .
 *(vtable)
 *(SORT_BY_ALIGNMENT(.data*))
 .data.SystemCoreClock
                0x20001164        0x4 ./simplicity_sdk_2024.6.2/platform/Device/SiliconLabs/EFR32MG21/Source/system_efr32mg21.o
                0x20001164                SystemCoreClock
 .data.SystemHFRCODPLLClock
                0x20001168        0x4 ./simplicity_sdk_2024.6.2/platform/Device/SiliconLabs/EFR32MG21/Source/system_efr32mg21.o
 .data.SystemLFXOClock
                0x2000116c        0x4 ./simplicity_sdk_2024.6.2/platform/Device/SiliconLabs/EFR32MG21/Source/system_efr32mg21.o
 .data.SystemHFXOClock
                0x20001170        0x4 ./simplicity_sdk_2024.6.2/platform/Device/SiliconLabs/EFR32MG21/Source/system_efr32mg21.o
 .data.heap_end.0
                0x20001174        0x4 ./simplicity_sdk_2024.6.2/platform/service/memory_manager/src/sl_memory_manager_region.o
 .data._impure_ptr
                0x20001178        0x4 d:/siliconlab/developer/toolchains/gnu_arm/12.2.rel1_2023.7/bin/../lib/gcc/arm-none-eabi/12.2.1/thumb/v8-m.main+fp/hard\libc_nano.a(libc_a-impure.o)
                0x20001178                _impure_ptr
 .data._impure_data
                0x2000117c       0x4c d:/siliconlab/developer/toolchains/gnu_arm/12.2.rel1_2023.7/bin/../lib/gcc/arm-none-eabi/12.2.1/thumb/v8-m.main+fp/hard\libc_nano.a(libc_a-impure.o)
                0x2000117c                _impure_data
 .data.hfxo_precision
                0x200011c8        0x2 ./simplicity_sdk_2024.6.2/platform/emlib/src/em_cmu.o
 .data.lfxo_precision
                0x200011ca        0x2 ./simplicity_sdk_2024.6.2/platform/emlib/src/em_cmu.o
                0x200011cc                . = ALIGN (0x4)
                0x200011cc                . = ALIGN (0x4)
                0x200011cc                PROVIDE (__preinit_array_start = .)
 *(.preinit_array)
                0x200011cc                PROVIDE (__preinit_array_end = .)
                0x200011cc                . = ALIGN (0x4)
                0x200011cc                PROVIDE (__init_array_start = .)
 *(SORT_BY_NAME(.init_array.*))
 *(.init_array)
 .init_array    0x200011cc        0x4 d:/siliconlab/developer/toolchains/gnu_arm/12.2.rel1_2023.7/bin/../lib/gcc/arm-none-eabi/12.2.1/thumb/v8-m.main+fp/hard/crtbegin.o
                0x200011d0                PROVIDE (__init_array_end = .)
                0x200011d0                . = ALIGN (0x4)
                [!provide]                PROVIDE (__fini_array_start = .)
 *(SORT_BY_NAME(.fini_array.*))
 *(.fini_array)
 .fini_array    0x200011d0        0x4 d:/siliconlab/developer/toolchains/gnu_arm/12.2.rel1_2023.7/bin/../lib/gcc/arm-none-eabi/12.2.1/thumb/v8-m.main+fp/hard/crtbegin.o
                [!provide]                PROVIDE (__fini_array_end = .)
                0x200011d4                . = ALIGN (0x4)
                0x200011d4                __data_end__ = .

.tm_clone_table
                0x200011d4        0x0 load address 0x000031f0
 .tm_clone_table
                0x200011d4        0x0 d:/siliconlab/developer/toolchains/gnu_arm/12.2.rel1_2023.7/bin/../lib/gcc/arm-none-eabi/12.2.1/thumb/v8-m.main+fp/hard/crtbegin.o
 .tm_clone_table
                0x200011d4        0x0 d:/siliconlab/developer/toolchains/gnu_arm/12.2.rel1_2023.7/bin/../lib/gcc/arm-none-eabi/12.2.1/thumb/v8-m.main+fp/hard/crtend.o

.igot.plt       0x200011d4        0x0 load address 0x000031f0
 .igot.plt      0x200011d4        0x0 d:/siliconlab/developer/toolchains/gnu_arm/12.2.rel1_2023.7/bin/../lib/gcc/arm-none-eabi/12.2.1/thumb/v8-m.main+fp/hard/crtbegin.o

.heap           0x200011d4        0x4 load address 0x000031f0
                0x200011d8                . = ALIGN (0x8)
 *fill*         0x200011d4        0x4 
                0x200011d8                __HeapBase = .
                0x200011d8                __end__ = .
                0x200011d8                end = __end__
                0x200011d8                _end = __end__
 *(.heap*)
                0x20018000                __HeapLimit = (ORIGIN (RAM) + LENGTH (RAM))
                0x00016e28                __heap_size = (__HeapLimit - __HeapBase)
                0x20018000                __ram_end__ = 0x20018000
                0x000fe000                __main_flash_end__ = 0xfe000

.internal_storage
 *(.internal_storage*)

.nvm
 *(.simee*)
                0x20001164                __ramfuncs_start__ = __vma_ramfuncs_start__
                0x20001164                __ramfuncs_end__ = __vma_ramfuncs_end__
                0x000fe000                linker_nvm_end = __main_flash_end__
                0x000fe000                linker_nvm_begin = (linker_nvm_end - SIZEOF (.nvm))
                0x000fe000                linker_storage_end = linker_nvm_begin
                0x000fe000                __nvm3Base = linker_nvm_begin
                0x000fe000                linker_storage_begin = (linker_storage_end - SIZEOF (.internal_storage))
                0x00000001                ASSERT ((linker_storage_begin >= (__etext + SIZEOF (.data))), FLASH memory overflowed !)
OUTPUT(lab1.axf elf32-littlearm)
LOAD linker stubs

.ARM.attributes
                0x00000000       0x36
 .ARM.attributes
                0x00000000       0x26 d:/siliconlab/developer/toolchains/gnu_arm/12.2.rel1_2023.7/bin/../lib/gcc/arm-none-eabi/12.2.1/thumb/v8-m.main+fp/hard/crti.o
 .ARM.attributes
                0x00000026       0x38 d:/siliconlab/developer/toolchains/gnu_arm/12.2.rel1_2023.7/bin/../lib/gcc/arm-none-eabi/12.2.1/thumb/v8-m.main+fp/hard/crtbegin.o
 .ARM.attributes
                0x0000005e       0x24 d:/siliconlab/developer/toolchains/gnu_arm/12.2.rel1_2023.7/bin/../lib/gcc/arm-none-eabi/12.2.1/thumb/v8-m.main+fp/hard/crt0.o
 .ARM.attributes
                0x00000082       0x3a ./app.o
 .ARM.attributes
                0x000000bc       0x3a ./main.o
 .ARM.attributes
                0x000000f6       0x3a ./autogen/sl_board_default_init.o
 .ARM.attributes
                0x00000130       0x3a ./autogen/sl_event_handler.o
 .ARM.attributes
                0x0000016a       0x3a ./simplicity_sdk_2024.6.2/hardware/board/src/sl_board_control_gpio.o
 .ARM.attributes
                0x000001a4       0x3a ./simplicity_sdk_2024.6.2/hardware/board/src/sl_board_init.o
 .ARM.attributes
                0x000001de       0x3a ./simplicity_sdk_2024.6.2/hardware/driver/configuration_over_swo/src/sl_cos.o
 .ARM.attributes
                0x00000218       0x3a ./simplicity_sdk_2024.6.2/platform/Device/SiliconLabs/EFR32MG21/Source/startup_efr32mg21.o
 .ARM.attributes
                0x00000252       0x3a ./simplicity_sdk_2024.6.2/platform/Device/SiliconLabs/EFR32MG21/Source/system_efr32mg21.o
 .ARM.attributes
                0x0000028c       0x3a ./simplicity_sdk_2024.6.2/platform/common/src/sl_assert.o
 .ARM.attributes
                0x000002c6       0x3a ./simplicity_sdk_2024.6.2/platform/common/src/sl_core_cortexm.o
 .ARM.attributes
                0x00000300       0x3a ./simplicity_sdk_2024.6.2/platform/common/src/sl_syscalls.o
 .ARM.attributes
                0x0000033a       0x3a ./simplicity_sdk_2024.6.2/platform/driver/debug/src/sl_debug_swo.o
 .ARM.attributes
                0x00000374       0x3a ./simplicity_sdk_2024.6.2/platform/emlib/src/em_cmu.o
 .ARM.attributes
                0x000003ae       0x3a ./simplicity_sdk_2024.6.2/platform/emlib/src/em_emu.o
 .ARM.attributes
                0x000003e8       0x3a ./simplicity_sdk_2024.6.2/platform/emlib/src/em_gpio.o
 .ARM.attributes
                0x00000422       0x3a ./simplicity_sdk_2024.6.2/platform/emlib/src/em_system.o
 .ARM.attributes
                0x0000045c       0x3a ./simplicity_sdk_2024.6.2/platform/emlib/src/em_timer.o
 .ARM.attributes
                0x00000496       0x3a ./simplicity_sdk_2024.6.2/platform/emlib/src/em_usart.o
 .ARM.attributes
                0x000004d0       0x3a ./simplicity_sdk_2024.6.2/platform/service/clock_manager/src/sl_clock_manager.o
 .ARM.attributes
                0x0000050a       0x3a ./simplicity_sdk_2024.6.2/platform/service/clock_manager/src/sl_clock_manager_hal_s2.o
 .ARM.attributes
                0x00000544       0x3a ./simplicity_sdk_2024.6.2/platform/service/clock_manager/src/sl_clock_manager_init.o
 .ARM.attributes
                0x0000057e       0x3a ./simplicity_sdk_2024.6.2/platform/service/clock_manager/src/sl_clock_manager_init_hal_s2.o
 .ARM.attributes
                0x000005b8       0x3a ./simplicity_sdk_2024.6.2/platform/service/device_init/src/sl_device_init_emu_s2.o
 .ARM.attributes
                0x000005f2       0x3a ./simplicity_sdk_2024.6.2/platform/service/device_manager/src/sl_device_clock.o
 .ARM.attributes
                0x0000062c       0x3a ./simplicity_sdk_2024.6.2/platform/service/interrupt_manager/src/sl_interrupt_manager_cortexm.o
 .ARM.attributes
                0x00000666       0x3a ./simplicity_sdk_2024.6.2/platform/service/memory_manager/src/sl_memory_manager_region.o
 .ARM.attributes
                0x000006a0       0x3a ./simplicity_sdk_2024.6.2/platform/service/system/src/sl_system_init.o
 .ARM.attributes
                0x000006da       0x3a ./simplicity_sdk_2024.6.2/platform/service/system/src/sl_system_process_action.o
 .ARM.attributes
                0x00000714       0x26 d:/siliconlab/developer/toolchains/gnu_arm/12.2.rel1_2023.7/bin/../lib/gcc/arm-none-eabi/12.2.1/thumb/v8-m.main+fp/hard\libgcc.a(_arm_addsubdf3.o)
 .ARM.attributes
                0x0000073a       0x38 d:/siliconlab/developer/toolchains/gnu_arm/12.2.rel1_2023.7/bin/../lib/gcc/arm-none-eabi/12.2.1/thumb/v8-m.main+fp/hard\libc_nano.a(libc_a-exit.o)
 .ARM.attributes
                0x00000772       0x38 d:/siliconlab/developer/toolchains/gnu_arm/12.2.rel1_2023.7/bin/../lib/gcc/arm-none-eabi/12.2.1/thumb/v8-m.main+fp/hard\libc_nano.a(libc_a-findfp.o)
 .ARM.attributes
                0x000007aa       0x38 d:/siliconlab/developer/toolchains/gnu_arm/12.2.rel1_2023.7/bin/../lib/gcc/arm-none-eabi/12.2.1/thumb/v8-m.main+fp/hard\libc_nano.a(libc_a-snprintf.o)
 .ARM.attributes
                0x000007e2       0x38 d:/siliconlab/developer/toolchains/gnu_arm/12.2.rel1_2023.7/bin/../lib/gcc/arm-none-eabi/12.2.1/thumb/v8-m.main+fp/hard\libc_nano.a(libc_a-memset.o)
 .ARM.attributes
                0x0000081a       0x38 d:/siliconlab/developer/toolchains/gnu_arm/12.2.rel1_2023.7/bin/../lib/gcc/arm-none-eabi/12.2.1/thumb/v8-m.main+fp/hard\libc_nano.a(libc_a-strstr.o)
 .ARM.attributes
                0x00000852       0x38 d:/siliconlab/developer/toolchains/gnu_arm/12.2.rel1_2023.7/bin/../lib/gcc/arm-none-eabi/12.2.1/thumb/v8-m.main+fp/hard\libc_nano.a(libc_a-reent.o)
 .ARM.attributes
                0x0000088a       0x38 d:/siliconlab/developer/toolchains/gnu_arm/12.2.rel1_2023.7/bin/../lib/gcc/arm-none-eabi/12.2.1/thumb/v8-m.main+fp/hard\libc_nano.a(libc_a-impure.o)
 .ARM.attributes
                0x000008c2       0x38 d:/siliconlab/developer/toolchains/gnu_arm/12.2.rel1_2023.7/bin/../lib/gcc/arm-none-eabi/12.2.1/thumb/v8-m.main+fp/hard\libc_nano.a(libc_a-init.o)
 .ARM.attributes
                0x000008fa       0x38 d:/siliconlab/developer/toolchains/gnu_arm/12.2.rel1_2023.7/bin/../lib/gcc/arm-none-eabi/12.2.1/thumb/v8-m.main+fp/hard\libc_nano.a(libc_a-lock.o)
 .ARM.attributes
                0x00000932       0x17 d:/siliconlab/developer/toolchains/gnu_arm/12.2.rel1_2023.7/bin/../lib/gcc/arm-none-eabi/12.2.1/thumb/v8-m.main+fp/hard\libc_nano.a(libc_a-strlen.o)
 .ARM.attributes
                0x00000949       0x38 d:/siliconlab/developer/toolchains/gnu_arm/12.2.rel1_2023.7/bin/../lib/gcc/arm-none-eabi/12.2.1/thumb/v8-m.main+fp/hard\libc_nano.a(libc_a-freer.o)
 .ARM.attributes
                0x00000981       0x38 d:/siliconlab/developer/toolchains/gnu_arm/12.2.rel1_2023.7/bin/../lib/gcc/arm-none-eabi/12.2.1/thumb/v8-m.main+fp/hard\libc_nano.a(libc_a-mallocr.o)
 .ARM.attributes
                0x000009b9       0x38 d:/siliconlab/developer/toolchains/gnu_arm/12.2.rel1_2023.7/bin/../lib/gcc/arm-none-eabi/12.2.1/thumb/v8-m.main+fp/hard\libc_nano.a(libc_a-mlock.o)
 .ARM.attributes
                0x000009f1       0x38 d:/siliconlab/developer/toolchains/gnu_arm/12.2.rel1_2023.7/bin/../lib/gcc/arm-none-eabi/12.2.1/thumb/v8-m.main+fp/hard\libc_nano.a(libc_a-nano-svfprintf.o)
 .ARM.attributes
                0x00000a29       0x38 d:/siliconlab/developer/toolchains/gnu_arm/12.2.rel1_2023.7/bin/../lib/gcc/arm-none-eabi/12.2.1/thumb/v8-m.main+fp/hard\libc_nano.a(libc_a-nano-vfprintf_i.o)
 .ARM.attributes
                0x00000a61       0x38 d:/siliconlab/developer/toolchains/gnu_arm/12.2.rel1_2023.7/bin/../lib/gcc/arm-none-eabi/12.2.1/thumb/v8-m.main+fp/hard\libc_nano.a(libc_a-memmove.o)
 .ARM.attributes
                0x00000a99       0x38 d:/siliconlab/developer/toolchains/gnu_arm/12.2.rel1_2023.7/bin/../lib/gcc/arm-none-eabi/12.2.1/thumb/v8-m.main+fp/hard\libc_nano.a(libc_a-sbrkr.o)
 .ARM.attributes
                0x00000ad1       0x38 d:/siliconlab/developer/toolchains/gnu_arm/12.2.rel1_2023.7/bin/../lib/gcc/arm-none-eabi/12.2.1/thumb/v8-m.main+fp/hard\libc_nano.a(libc_a-memchr-stub.o)
 .ARM.attributes
                0x00000b09       0x38 d:/siliconlab/developer/toolchains/gnu_arm/12.2.rel1_2023.7/bin/../lib/gcc/arm-none-eabi/12.2.1/thumb/v8-m.main+fp/hard\libc_nano.a(libc_a-memcpy-stub.o)
 .ARM.attributes
                0x00000b41       0x38 d:/siliconlab/developer/toolchains/gnu_arm/12.2.rel1_2023.7/bin/../lib/gcc/arm-none-eabi/12.2.1/thumb/v8-m.main+fp/hard\libc_nano.a(libc_a-reallocr.o)
 .ARM.attributes
                0x00000b79       0x38 d:/siliconlab/developer/toolchains/gnu_arm/12.2.rel1_2023.7/bin/../lib/gcc/arm-none-eabi/12.2.1/thumb/v8-m.main+fp/hard\libc_nano.a(libc_a-msizer.o)
 .ARM.attributes
                0x00000bb1       0x38 d:/siliconlab/developer/toolchains/gnu_arm/12.2.rel1_2023.7/bin/../lib/gcc/arm-none-eabi/12.2.1/thumb/v8-m.main+fp/hard/crtend.o
 .ARM.attributes
                0x00000be9       0x26 d:/siliconlab/developer/toolchains/gnu_arm/12.2.rel1_2023.7/bin/../lib/gcc/arm-none-eabi/12.2.1/thumb/v8-m.main+fp/hard/crtn.o

.comment        0x00000000       0x45
 .comment       0x00000000       0x45 ./app.o
                                 0x46 (size before relaxing)
 .comment       0x00000045       0x46 ./main.o
 .comment       0x00000045       0x46 ./autogen/sl_board_default_init.o
 .comment       0x00000045       0x46 ./autogen/sl_event_handler.o
 .comment       0x00000045       0x46 ./simplicity_sdk_2024.6.2/hardware/board/src/sl_board_control_gpio.o
 .comment       0x00000045       0x46 ./simplicity_sdk_2024.6.2/hardware/board/src/sl_board_init.o
 .comment       0x00000045       0x46 ./simplicity_sdk_2024.6.2/hardware/driver/configuration_over_swo/src/sl_cos.o
 .comment       0x00000045       0x46 ./simplicity_sdk_2024.6.2/platform/Device/SiliconLabs/EFR32MG21/Source/startup_efr32mg21.o
 .comment       0x00000045       0x46 ./simplicity_sdk_2024.6.2/platform/Device/SiliconLabs/EFR32MG21/Source/system_efr32mg21.o
 .comment       0x00000045       0x46 ./simplicity_sdk_2024.6.2/platform/common/src/sl_assert.o
 .comment       0x00000045       0x46 ./simplicity_sdk_2024.6.2/platform/common/src/sl_core_cortexm.o
 .comment       0x00000045       0x46 ./simplicity_sdk_2024.6.2/platform/common/src/sl_syscalls.o
 .comment       0x00000045       0x46 ./simplicity_sdk_2024.6.2/platform/driver/debug/src/sl_debug_swo.o
 .comment       0x00000045       0x46 ./simplicity_sdk_2024.6.2/platform/emlib/src/em_cmu.o
 .comment       0x00000045       0x46 ./simplicity_sdk_2024.6.2/platform/emlib/src/em_emu.o
 .comment       0x00000045       0x46 ./simplicity_sdk_2024.6.2/platform/emlib/src/em_gpio.o
 .comment       0x00000045       0x46 ./simplicity_sdk_2024.6.2/platform/emlib/src/em_system.o
 .comment       0x00000045       0x46 ./simplicity_sdk_2024.6.2/platform/emlib/src/em_timer.o
 .comment       0x00000045       0x46 ./simplicity_sdk_2024.6.2/platform/emlib/src/em_usart.o
 .comment       0x00000045       0x46 ./simplicity_sdk_2024.6.2/platform/service/clock_manager/src/sl_clock_manager.o
 .comment       0x00000045       0x46 ./simplicity_sdk_2024.6.2/platform/service/clock_manager/src/sl_clock_manager_hal_s2.o
 .comment       0x00000045       0x46 ./simplicity_sdk_2024.6.2/platform/service/clock_manager/src/sl_clock_manager_init.o
 .comment       0x00000045       0x46 ./simplicity_sdk_2024.6.2/platform/service/clock_manager/src/sl_clock_manager_init_hal_s2.o
 .comment       0x00000045       0x46 ./simplicity_sdk_2024.6.2/platform/service/device_init/src/sl_device_init_emu_s2.o
 .comment       0x00000045       0x46 ./simplicity_sdk_2024.6.2/platform/service/device_manager/src/sl_device_clock.o
 .comment       0x00000045       0x46 ./simplicity_sdk_2024.6.2/platform/service/interrupt_manager/src/sl_interrupt_manager_cortexm.o
 .comment       0x00000045       0x46 ./simplicity_sdk_2024.6.2/platform/service/memory_manager/src/sl_memory_manager_region.o
 .comment       0x00000045       0x46 ./simplicity_sdk_2024.6.2/platform/service/system/src/sl_system_init.o
 .comment       0x00000045       0x46 ./simplicity_sdk_2024.6.2/platform/service/system/src/sl_system_process_action.o

.debug_line_str
                0x00000000      0x2a8
 .debug_line_str
                0x00000000       0xe7 d:/siliconlab/developer/toolchains/gnu_arm/12.2.rel1_2023.7/bin/../lib/gcc/arm-none-eabi/12.2.1/thumb/v8-m.main+fp/hard/crt0.o
 .debug_line_str
                0x000000e7       0xd2 d:/siliconlab/developer/toolchains/gnu_arm/12.2.rel1_2023.7/bin/../lib/gcc/arm-none-eabi/12.2.1/thumb/v8-m.main+fp/hard\libgcc.a(_arm_addsubdf3.o)
 .debug_line_str
                0x000001b9       0xef d:/siliconlab/developer/toolchains/gnu_arm/12.2.rel1_2023.7/bin/../lib/gcc/arm-none-eabi/12.2.1/thumb/v8-m.main+fp/hard\libc_nano.a(libc_a-strlen.o)

.debug_info     0x00000000    0x23425
 .debug_info    0x00000000       0x50 ./app.o
 .debug_info    0x00000050     0x3284 ./main.o
 .debug_info    0x000032d4       0xc5 ./autogen/sl_board_default_init.o
 .debug_info    0x00003399     0x12b5 ./autogen/sl_event_handler.o
 .debug_info    0x0000464e      0x50a ./simplicity_sdk_2024.6.2/hardware/board/src/sl_board_control_gpio.o
 .debug_info    0x00004b58      0x13f ./simplicity_sdk_2024.6.2/hardware/board/src/sl_board_init.o
 .debug_info    0x00004c97      0x4d5 ./simplicity_sdk_2024.6.2/hardware/driver/configuration_over_swo/src/sl_cos.o
 .debug_info    0x0000516c      0x435 ./simplicity_sdk_2024.6.2/platform/Device/SiliconLabs/EFR32MG21/Source/startup_efr32mg21.o
 .debug_info    0x000055a1     0x1f2e ./simplicity_sdk_2024.6.2/platform/Device/SiliconLabs/EFR32MG21/Source/system_efr32mg21.o
 .debug_info    0x000074cf       0x86 ./simplicity_sdk_2024.6.2/platform/common/src/sl_assert.o
 .debug_info    0x00007555      0x91a ./simplicity_sdk_2024.6.2/platform/common/src/sl_core_cortexm.o
 .debug_info    0x00007e6f      0x306 ./simplicity_sdk_2024.6.2/platform/common/src/sl_syscalls.o
 .debug_info    0x00008175     0x1f05 ./simplicity_sdk_2024.6.2/platform/driver/debug/src/sl_debug_swo.o
 .debug_info    0x0000a07a     0x6a33 ./simplicity_sdk_2024.6.2/platform/emlib/src/em_cmu.o
 .debug_info    0x00010aad     0x260b ./simplicity_sdk_2024.6.2/platform/emlib/src/em_emu.o
 .debug_info    0x000130b8     0x1ea1 ./simplicity_sdk_2024.6.2/platform/emlib/src/em_gpio.o
 .debug_info    0x00014f59      0xec9 ./simplicity_sdk_2024.6.2/platform/emlib/src/em_system.o
 .debug_info    0x00015e22     0x2aaa ./simplicity_sdk_2024.6.2/platform/emlib/src/em_timer.o
 .debug_info    0x000188cc     0x3ec6 ./simplicity_sdk_2024.6.2/platform/emlib/src/em_usart.o
 .debug_info    0x0001c792      0xb2e ./simplicity_sdk_2024.6.2/platform/service/clock_manager/src/sl_clock_manager.o
 .debug_info    0x0001d2c0     0x21f0 ./simplicity_sdk_2024.6.2/platform/service/clock_manager/src/sl_clock_manager_hal_s2.o
 .debug_info    0x0001f4b0       0xc9 ./simplicity_sdk_2024.6.2/platform/service/clock_manager/src/sl_clock_manager_init.o
 .debug_info    0x0001f579     0x1876 ./simplicity_sdk_2024.6.2/platform/service/clock_manager/src/sl_clock_manager_init_hal_s2.o
 .debug_info    0x00020def      0x89c ./simplicity_sdk_2024.6.2/platform/service/device_init/src/sl_device_init_emu_s2.o
 .debug_info    0x0002168b      0xbe4 ./simplicity_sdk_2024.6.2/platform/service/device_manager/src/sl_device_clock.o
 .debug_info    0x0002226f      0xe94 ./simplicity_sdk_2024.6.2/platform/service/interrupt_manager/src/sl_interrupt_manager_cortexm.o
 .debug_info    0x00023103      0x1e8 ./simplicity_sdk_2024.6.2/platform/service/memory_manager/src/sl_memory_manager_region.o
 .debug_info    0x000232eb       0xa7 ./simplicity_sdk_2024.6.2/platform/service/system/src/sl_system_init.o
 .debug_info    0x00023392       0x93 ./simplicity_sdk_2024.6.2/platform/service/system/src/sl_system_process_action.o

.debug_abbrev   0x00000000     0x3d07
 .debug_abbrev  0x00000000       0x4a ./app.o
 .debug_abbrev  0x0000004a      0x402 ./main.o
 .debug_abbrev  0x0000044c       0x87 ./autogen/sl_board_default_init.o
 .debug_abbrev  0x000004d3      0x23f ./autogen/sl_event_handler.o
 .debug_abbrev  0x00000712      0x18a ./simplicity_sdk_2024.6.2/hardware/board/src/sl_board_control_gpio.o
 .debug_abbrev  0x0000089c       0xed ./simplicity_sdk_2024.6.2/hardware/board/src/sl_board_init.o
 .debug_abbrev  0x00000989      0x20f ./simplicity_sdk_2024.6.2/hardware/driver/configuration_over_swo/src/sl_cos.o
 .debug_abbrev  0x00000b98      0x287 ./simplicity_sdk_2024.6.2/platform/Device/SiliconLabs/EFR32MG21/Source/startup_efr32mg21.o
 .debug_abbrev  0x00000e1f      0x30d ./simplicity_sdk_2024.6.2/platform/Device/SiliconLabs/EFR32MG21/Source/system_efr32mg21.o
 .debug_abbrev  0x0000112c       0x6c ./simplicity_sdk_2024.6.2/platform/common/src/sl_assert.o
 .debug_abbrev  0x00001198      0x253 ./simplicity_sdk_2024.6.2/platform/common/src/sl_core_cortexm.o
 .debug_abbrev  0x000013eb      0x143 ./simplicity_sdk_2024.6.2/platform/common/src/sl_syscalls.o
 .debug_abbrev  0x0000152e      0x335 ./simplicity_sdk_2024.6.2/platform/driver/debug/src/sl_debug_swo.o
 .debug_abbrev  0x00001863      0x53f ./simplicity_sdk_2024.6.2/platform/emlib/src/em_cmu.o
 .debug_abbrev  0x00001da2      0x337 ./simplicity_sdk_2024.6.2/platform/emlib/src/em_emu.o
 .debug_abbrev  0x000020d9      0x334 ./simplicity_sdk_2024.6.2/platform/emlib/src/em_gpio.o
 .debug_abbrev  0x0000240d      0x2aa ./simplicity_sdk_2024.6.2/platform/emlib/src/em_system.o
 .debug_abbrev  0x000026b7      0x36e ./simplicity_sdk_2024.6.2/platform/emlib/src/em_timer.o
 .debug_abbrev  0x00002a25      0x33a ./simplicity_sdk_2024.6.2/platform/emlib/src/em_usart.o
 .debug_abbrev  0x00002d5f      0x1ba ./simplicity_sdk_2024.6.2/platform/service/clock_manager/src/sl_clock_manager.o
 .debug_abbrev  0x00002f19      0x3ec ./simplicity_sdk_2024.6.2/platform/service/clock_manager/src/sl_clock_manager_hal_s2.o
 .debug_abbrev  0x00003305       0x89 ./simplicity_sdk_2024.6.2/platform/service/clock_manager/src/sl_clock_manager_init.o
 .debug_abbrev  0x0000338e      0x29a ./simplicity_sdk_2024.6.2/platform/service/clock_manager/src/sl_clock_manager_init_hal_s2.o
 .debug_abbrev  0x00003628      0x14b ./simplicity_sdk_2024.6.2/platform/service/device_init/src/sl_device_init_emu_s2.o
 .debug_abbrev  0x00003773       0x69 ./simplicity_sdk_2024.6.2/platform/service/device_manager/src/sl_device_clock.o
 .debug_abbrev  0x000037dc      0x355 ./simplicity_sdk_2024.6.2/platform/service/interrupt_manager/src/sl_interrupt_manager_cortexm.o
 .debug_abbrev  0x00003b31      0x11e ./simplicity_sdk_2024.6.2/platform/service/memory_manager/src/sl_memory_manager_region.o
 .debug_abbrev  0x00003c4f       0x5c ./simplicity_sdk_2024.6.2/platform/service/system/src/sl_system_init.o
 .debug_abbrev  0x00003cab       0x5c ./simplicity_sdk_2024.6.2/platform/service/system/src/sl_system_process_action.o

.debug_aranges  0x00000000      0xbc8
 .debug_aranges
                0x00000000       0x28 ./app.o
 .debug_aranges
                0x00000028       0x70 ./main.o
 .debug_aranges
                0x00000098       0x20 ./autogen/sl_board_default_init.o
 .debug_aranges
                0x000000b8       0x60 ./autogen/sl_event_handler.o
 .debug_aranges
                0x00000118       0x70 ./simplicity_sdk_2024.6.2/hardware/board/src/sl_board_control_gpio.o
 .debug_aranges
                0x00000188       0x28 ./simplicity_sdk_2024.6.2/hardware/board/src/sl_board_init.o
 .debug_aranges
                0x000001b0       0x38 ./simplicity_sdk_2024.6.2/hardware/driver/configuration_over_swo/src/sl_cos.o
 .debug_aranges
                0x000001e8       0x38 ./simplicity_sdk_2024.6.2/platform/Device/SiliconLabs/EFR32MG21/Source/startup_efr32mg21.o
 .debug_aranges
                0x00000220       0x90 ./simplicity_sdk_2024.6.2/platform/Device/SiliconLabs/EFR32MG21/Source/system_efr32mg21.o
 .debug_aranges
                0x000002b0       0x20 ./simplicity_sdk_2024.6.2/platform/common/src/sl_assert.o
 .debug_aranges
                0x000002d0       0x98 ./simplicity_sdk_2024.6.2/platform/common/src/sl_core_cortexm.o
 .debug_aranges
                0x00000368       0x68 ./simplicity_sdk_2024.6.2/platform/common/src/sl_syscalls.o
 .debug_aranges
                0x000003d0       0x48 ./simplicity_sdk_2024.6.2/platform/driver/debug/src/sl_debug_swo.o
 .debug_aranges
                0x00000418      0x1b8 ./simplicity_sdk_2024.6.2/platform/emlib/src/em_cmu.o
 .debug_aranges
                0x000005d0       0xc0 ./simplicity_sdk_2024.6.2/platform/emlib/src/em_emu.o
 .debug_aranges
                0x00000690       0x68 ./simplicity_sdk_2024.6.2/platform/emlib/src/em_gpio.o
 .debug_aranges
                0x000006f8       0x78 ./simplicity_sdk_2024.6.2/platform/emlib/src/em_system.o
 .debug_aranges
                0x00000770       0x50 ./simplicity_sdk_2024.6.2/platform/emlib/src/em_timer.o
 .debug_aranges
                0x000007c0       0xc0 ./simplicity_sdk_2024.6.2/platform/emlib/src/em_usart.o
 .debug_aranges
                0x00000880       0xe8 ./simplicity_sdk_2024.6.2/platform/service/clock_manager/src/sl_clock_manager.o
 .debug_aranges
                0x00000968       0xd8 ./simplicity_sdk_2024.6.2/platform/service/clock_manager/src/sl_clock_manager_hal_s2.o
 .debug_aranges
                0x00000a40       0x20 ./simplicity_sdk_2024.6.2/platform/service/clock_manager/src/sl_clock_manager_init.o
 .debug_aranges
                0x00000a60       0x20 ./simplicity_sdk_2024.6.2/platform/service/clock_manager/src/sl_clock_manager_init_hal_s2.o
 .debug_aranges
                0x00000a80       0x20 ./simplicity_sdk_2024.6.2/platform/service/device_init/src/sl_device_init_emu_s2.o
 .debug_aranges
                0x00000aa0       0x18 ./simplicity_sdk_2024.6.2/platform/service/device_manager/src/sl_device_clock.o
 .debug_aranges
                0x00000ab8       0xa0 ./simplicity_sdk_2024.6.2/platform/service/interrupt_manager/src/sl_interrupt_manager_cortexm.o
 .debug_aranges
                0x00000b58       0x30 ./simplicity_sdk_2024.6.2/platform/service/memory_manager/src/sl_memory_manager_region.o
 .debug_aranges
                0x00000b88       0x20 ./simplicity_sdk_2024.6.2/platform/service/system/src/sl_system_init.o
 .debug_aranges
                0x00000ba8       0x20 ./simplicity_sdk_2024.6.2/platform/service/system/src/sl_system_process_action.o

.debug_ranges   0x00000000      0xf50
 .debug_ranges  0x00000000       0x18 ./app.o
 .debug_ranges  0x00000018      0x170 ./main.o
 .debug_ranges  0x00000188       0x10 ./autogen/sl_board_default_init.o
 .debug_ranges  0x00000198       0x50 ./autogen/sl_event_handler.o
 .debug_ranges  0x000001e8       0x60 ./simplicity_sdk_2024.6.2/hardware/board/src/sl_board_control_gpio.o
 .debug_ranges  0x00000248       0x18 ./simplicity_sdk_2024.6.2/hardware/board/src/sl_board_init.o
 .debug_ranges  0x00000260       0x40 ./simplicity_sdk_2024.6.2/hardware/driver/configuration_over_swo/src/sl_cos.o
 .debug_ranges  0x000002a0       0x90 ./simplicity_sdk_2024.6.2/platform/Device/SiliconLabs/EFR32MG21/Source/startup_efr32mg21.o
 .debug_ranges  0x00000330       0x80 ./simplicity_sdk_2024.6.2/platform/Device/SiliconLabs/EFR32MG21/Source/system_efr32mg21.o
 .debug_ranges  0x000003b0       0x10 ./simplicity_sdk_2024.6.2/platform/common/src/sl_assert.o
 .debug_ranges  0x000003c0       0x88 ./simplicity_sdk_2024.6.2/platform/common/src/sl_core_cortexm.o
 .debug_ranges  0x00000448       0x58 ./simplicity_sdk_2024.6.2/platform/common/src/sl_syscalls.o
 .debug_ranges  0x000004a0       0x50 ./simplicity_sdk_2024.6.2/platform/driver/debug/src/sl_debug_swo.o
 .debug_ranges  0x000004f0      0x330 ./simplicity_sdk_2024.6.2/platform/emlib/src/em_cmu.o
 .debug_ranges  0x00000820      0x130 ./simplicity_sdk_2024.6.2/platform/emlib/src/em_emu.o
 .debug_ranges  0x00000950       0x70 ./simplicity_sdk_2024.6.2/platform/emlib/src/em_gpio.o
 .debug_ranges  0x000009c0       0x80 ./simplicity_sdk_2024.6.2/platform/emlib/src/em_system.o
 .debug_ranges  0x00000a40       0xa0 ./simplicity_sdk_2024.6.2/platform/emlib/src/em_timer.o
 .debug_ranges  0x00000ae0       0xd0 ./simplicity_sdk_2024.6.2/platform/emlib/src/em_usart.o
 .debug_ranges  0x00000bb0       0xd8 ./simplicity_sdk_2024.6.2/platform/service/clock_manager/src/sl_clock_manager.o
 .debug_ranges  0x00000c88       0xe8 ./simplicity_sdk_2024.6.2/platform/service/clock_manager/src/sl_clock_manager_hal_s2.o
 .debug_ranges  0x00000d70       0x10 ./simplicity_sdk_2024.6.2/platform/service/clock_manager/src/sl_clock_manager_init.o
 .debug_ranges  0x00000d80       0x88 ./simplicity_sdk_2024.6.2/platform/service/clock_manager/src/sl_clock_manager_init_hal_s2.o
 .debug_ranges  0x00000e08       0x10 ./simplicity_sdk_2024.6.2/platform/service/device_init/src/sl_device_init_emu_s2.o
 .debug_ranges  0x00000e18       0xf8 ./simplicity_sdk_2024.6.2/platform/service/interrupt_manager/src/sl_interrupt_manager_cortexm.o
 .debug_ranges  0x00000f10       0x20 ./simplicity_sdk_2024.6.2/platform/service/memory_manager/src/sl_memory_manager_region.o
 .debug_ranges  0x00000f30       0x10 ./simplicity_sdk_2024.6.2/platform/service/system/src/sl_system_init.o
 .debug_ranges  0x00000f40       0x10 ./simplicity_sdk_2024.6.2/platform/service/system/src/sl_system_process_action.o

.debug_line     0x00000000     0xb27e
 .debug_line    0x00000000       0x4c ./app.o
 .debug_line    0x0000004c      0x9f2 ./main.o
 .debug_line    0x00000a3e      0x1f8 ./autogen/sl_board_default_init.o
 .debug_line    0x00000c36      0x6ce ./autogen/sl_event_handler.o
 .debug_line    0x00001304      0x46a ./simplicity_sdk_2024.6.2/hardware/board/src/sl_board_control_gpio.o
 .debug_line    0x0000176e      0x2e6 ./simplicity_sdk_2024.6.2/hardware/board/src/sl_board_init.o
 .debug_line    0x00001a54      0x4b6 ./simplicity_sdk_2024.6.2/hardware/driver/configuration_over_swo/src/sl_cos.o
 .debug_line    0x00001f0a      0x35d ./simplicity_sdk_2024.6.2/platform/Device/SiliconLabs/EFR32MG21/Source/startup_efr32mg21.o
 .debug_line    0x00002267      0x630 ./simplicity_sdk_2024.6.2/platform/Device/SiliconLabs/EFR32MG21/Source/system_efr32mg21.o
 .debug_line    0x00002897       0xb4 ./simplicity_sdk_2024.6.2/platform/common/src/sl_assert.o
 .debug_line    0x0000294b      0x553 ./simplicity_sdk_2024.6.2/platform/common/src/sl_core_cortexm.o
 .debug_line    0x00002e9e      0x1b4 ./simplicity_sdk_2024.6.2/platform/common/src/sl_syscalls.o
 .debug_line    0x00003052      0x739 ./simplicity_sdk_2024.6.2/platform/driver/debug/src/sl_debug_swo.o
 .debug_line    0x0000378b     0x27d1 ./simplicity_sdk_2024.6.2/platform/emlib/src/em_cmu.o
 .debug_line    0x00005f5c      0x77b ./simplicity_sdk_2024.6.2/platform/emlib/src/em_emu.o
 .debug_line    0x000066d7      0x6b1 ./simplicity_sdk_2024.6.2/platform/emlib/src/em_gpio.o
 .debug_line    0x00006d88      0x496 ./simplicity_sdk_2024.6.2/platform/emlib/src/em_system.o
 .debug_line    0x0000721e      0x84e ./simplicity_sdk_2024.6.2/platform/emlib/src/em_timer.o
 .debug_line    0x00007a6c      0xd26 ./simplicity_sdk_2024.6.2/platform/emlib/src/em_usart.o
 .debug_line    0x00008792      0x60f ./simplicity_sdk_2024.6.2/platform/service/clock_manager/src/sl_clock_manager.o
 .debug_line    0x00008da1      0xbdf ./simplicity_sdk_2024.6.2/platform/service/clock_manager/src/sl_clock_manager_hal_s2.o
 .debug_line    0x00009980      0x20b ./simplicity_sdk_2024.6.2/platform/service/clock_manager/src/sl_clock_manager_init.o
 .debug_line    0x00009b8b      0x4ff ./simplicity_sdk_2024.6.2/platform/service/clock_manager/src/sl_clock_manager_init_hal_s2.o
 .debug_line    0x0000a08a      0x2f0 ./simplicity_sdk_2024.6.2/platform/service/device_init/src/sl_device_init_emu_s2.o
 .debug_line    0x0000a37a      0x1e4 ./simplicity_sdk_2024.6.2/platform/service/device_manager/src/sl_device_clock.o
 .debug_line    0x0000a55e      0x843 ./simplicity_sdk_2024.6.2/platform/service/interrupt_manager/src/sl_interrupt_manager_cortexm.o
 .debug_line    0x0000ada1      0x2fa ./simplicity_sdk_2024.6.2/platform/service/memory_manager/src/sl_memory_manager_region.o
 .debug_line    0x0000b09b       0xed ./simplicity_sdk_2024.6.2/platform/service/system/src/sl_system_init.o
 .debug_line    0x0000b188       0xf6 ./simplicity_sdk_2024.6.2/platform/service/system/src/sl_system_process_action.o

.debug_str      0x00000000     0xb010
 .debug_str     0x00000000      0x128 ./app.o
                                0x144 (size before relaxing)
 .debug_str     0x00000128     0x1fb4 ./main.o
                               0x2321 (size before relaxing)
 .debug_str     0x000020dc       0x5b ./autogen/sl_board_default_init.o
                                0x212 (size before relaxing)
 .debug_str     0x00002137      0x7c5 ./autogen/sl_event_handler.o
                                0xc73 (size before relaxing)
 .debug_str     0x000028fc      0x2ab ./simplicity_sdk_2024.6.2/hardware/board/src/sl_board_control_gpio.o
                                0x6df (size before relaxing)
 .debug_str     0x00002ba7       0xae ./simplicity_sdk_2024.6.2/hardware/board/src/sl_board_init.o
                                0x2b7 (size before relaxing)
 .debug_str     0x00002c55      0x1f1 ./simplicity_sdk_2024.6.2/hardware/driver/configuration_over_swo/src/sl_cos.o
                                0x411 (size before relaxing)
 .debug_str     0x00002e46      0x1d5 ./simplicity_sdk_2024.6.2/platform/Device/SiliconLabs/EFR32MG21/Source/startup_efr32mg21.o
                                0x393 (size before relaxing)
 .debug_str     0x0000301b      0x693 ./simplicity_sdk_2024.6.2/platform/Device/SiliconLabs/EFR32MG21/Source/system_efr32mg21.o
                               0x1432 (size before relaxing)
 .debug_str     0x000036ae       0x6c ./simplicity_sdk_2024.6.2/platform/common/src/sl_assert.o
                                0x19a (size before relaxing)
 .debug_str     0x0000371a      0x252 ./simplicity_sdk_2024.6.2/platform/common/src/sl_core_cortexm.o
                                0x53f (size before relaxing)
 .debug_str     0x0000396c       0xba ./simplicity_sdk_2024.6.2/platform/common/src/sl_syscalls.o
                                0x27a (size before relaxing)
 .debug_str     0x00003a26      0x70a ./simplicity_sdk_2024.6.2/platform/driver/debug/src/sl_debug_swo.o
                               0x161a (size before relaxing)
 .debug_str     0x00004130     0x179b ./simplicity_sdk_2024.6.2/platform/emlib/src/em_cmu.o
                               0x30dd (size before relaxing)
 .debug_str     0x000058cb      0x51f ./simplicity_sdk_2024.6.2/platform/emlib/src/em_emu.o
                               0x160f (size before relaxing)
 .debug_str     0x00005dea       0xfe ./simplicity_sdk_2024.6.2/platform/emlib/src/em_gpio.o
                               0x123b (size before relaxing)
 .debug_str     0x00005ee8      0x322 ./simplicity_sdk_2024.6.2/platform/emlib/src/em_system.o
                                0xcb8 (size before relaxing)
 .debug_str     0x0000620a     0x223e ./simplicity_sdk_2024.6.2/platform/emlib/src/em_timer.o
                               0x2b21 (size before relaxing)
 .debug_str     0x00008448      0x497 ./simplicity_sdk_2024.6.2/platform/emlib/src/em_usart.o
                               0x3856 (size before relaxing)
 .debug_str     0x000088df      0x936 ./simplicity_sdk_2024.6.2/platform/service/clock_manager/src/sl_clock_manager.o
                                0xc0b (size before relaxing)
 .debug_str     0x00009215      0x59c ./simplicity_sdk_2024.6.2/platform/service/clock_manager/src/sl_clock_manager_hal_s2.o
                               0x2083 (size before relaxing)
 .debug_str     0x000097b1       0x98 ./simplicity_sdk_2024.6.2/platform/service/clock_manager/src/sl_clock_manager_init.o
                                0x271 (size before relaxing)
 .debug_str     0x00009849      0x75a ./simplicity_sdk_2024.6.2/platform/service/clock_manager/src/sl_clock_manager_init_hal_s2.o
                               0x1a4e (size before relaxing)
 .debug_str     0x00009fa3       0x84 ./simplicity_sdk_2024.6.2/platform/service/device_init/src/sl_device_init_emu_s2.o
                                0x750 (size before relaxing)
 .debug_str     0x0000a027      0xaef ./simplicity_sdk_2024.6.2/platform/service/device_manager/src/sl_device_clock.o
                                0xcbe (size before relaxing)
 .debug_str     0x0000ab16      0x304 ./simplicity_sdk_2024.6.2/platform/service/interrupt_manager/src/sl_interrupt_manager_cortexm.o
                                0xa78 (size before relaxing)
 .debug_str     0x0000ae1a      0x10e ./simplicity_sdk_2024.6.2/platform/service/memory_manager/src/sl_memory_manager_region.o
                                0x2ed (size before relaxing)
 .debug_str     0x0000af28       0x6f ./simplicity_sdk_2024.6.2/platform/service/system/src/sl_system_init.o
                                0x1f0 (size before relaxing)
 .debug_str     0x0000af97       0x79 ./simplicity_sdk_2024.6.2/platform/service/system/src/sl_system_process_action.o
                                0x21d (size before relaxing)

.debug_frame    0x00000000     0x2110
 .debug_frame   0x00000000       0x30 ./app.o
 .debug_frame   0x00000030      0x150 ./main.o
 .debug_frame   0x00000180       0x20 ./autogen/sl_board_default_init.o
 .debug_frame   0x000001a0       0xbc ./autogen/sl_event_handler.o
 .debug_frame   0x0000025c      0x100 ./simplicity_sdk_2024.6.2/hardware/board/src/sl_board_control_gpio.o
 .debug_frame   0x0000035c       0x3c ./simplicity_sdk_2024.6.2/hardware/board/src/sl_board_init.o
 .debug_frame   0x00000398       0x84 ./simplicity_sdk_2024.6.2/hardware/driver/configuration_over_swo/src/sl_cos.o
 .debug_frame   0x0000041c       0x64 ./simplicity_sdk_2024.6.2/platform/Device/SiliconLabs/EFR32MG21/Source/startup_efr32mg21.o
 .debug_frame   0x00000480      0x114 ./simplicity_sdk_2024.6.2/platform/Device/SiliconLabs/EFR32MG21/Source/system_efr32mg21.o
 .debug_frame   0x00000594       0x20 ./simplicity_sdk_2024.6.2/platform/common/src/sl_assert.o
 .debug_frame   0x000005b4      0x110 ./simplicity_sdk_2024.6.2/platform/common/src/sl_core_cortexm.o
 .debug_frame   0x000006c4       0xb0 ./simplicity_sdk_2024.6.2/platform/common/src/sl_syscalls.o
 .debug_frame   0x00000774       0xa0 ./simplicity_sdk_2024.6.2/platform/driver/debug/src/sl_debug_swo.o
 .debug_frame   0x00000814      0x54c ./simplicity_sdk_2024.6.2/platform/emlib/src/em_cmu.o
 .debug_frame   0x00000d60      0x194 ./simplicity_sdk_2024.6.2/platform/emlib/src/em_emu.o
 .debug_frame   0x00000ef4      0x168 ./simplicity_sdk_2024.6.2/platform/emlib/src/em_gpio.o
 .debug_frame   0x0000105c       0xd8 ./simplicity_sdk_2024.6.2/platform/emlib/src/em_system.o
 .debug_frame   0x00001134       0xd4 ./simplicity_sdk_2024.6.2/platform/emlib/src/em_timer.o
 .debug_frame   0x00001208      0x1fc ./simplicity_sdk_2024.6.2/platform/emlib/src/em_usart.o
 .debug_frame   0x00001404      0x1b0 ./simplicity_sdk_2024.6.2/platform/service/clock_manager/src/sl_clock_manager.o
 .debug_frame   0x000015b4      0x24c ./simplicity_sdk_2024.6.2/platform/service/clock_manager/src/sl_clock_manager_hal_s2.o
 .debug_frame   0x00001800       0x20 ./simplicity_sdk_2024.6.2/platform/service/clock_manager/src/sl_clock_manager_init.o
 .debug_frame   0x00001820       0x34 ./simplicity_sdk_2024.6.2/platform/service/clock_manager/src/sl_clock_manager_init_hal_s2.o
 .debug_frame   0x00001854       0x2c ./simplicity_sdk_2024.6.2/platform/service/device_init/src/sl_device_init_emu_s2.o
 .debug_frame   0x00001880      0x160 ./simplicity_sdk_2024.6.2/platform/service/interrupt_manager/src/sl_interrupt_manager_cortexm.o
 .debug_frame   0x000019e0       0x40 ./simplicity_sdk_2024.6.2/platform/service/memory_manager/src/sl_memory_manager_region.o
 .debug_frame   0x00001a20       0x2c ./simplicity_sdk_2024.6.2/platform/service/system/src/sl_system_init.o
 .debug_frame   0x00001a4c       0x2c ./simplicity_sdk_2024.6.2/platform/service/system/src/sl_system_process_action.o
 .debug_frame   0x00001a78       0xac d:/siliconlab/developer/toolchains/gnu_arm/12.2.rel1_2023.7/bin/../lib/gcc/arm-none-eabi/12.2.1/thumb/v8-m.main+fp/hard\libgcc.a(_arm_addsubdf3.o)
 .debug_frame   0x00001b24       0x28 d:/siliconlab/developer/toolchains/gnu_arm/12.2.rel1_2023.7/bin/../lib/gcc/arm-none-eabi/12.2.1/thumb/v8-m.main+fp/hard\libc_nano.a(libc_a-exit.o)
 .debug_frame   0x00001b4c      0x144 d:/siliconlab/developer/toolchains/gnu_arm/12.2.rel1_2023.7/bin/../lib/gcc/arm-none-eabi/12.2.1/thumb/v8-m.main+fp/hard\libc_nano.a(libc_a-findfp.o)
 .debug_frame   0x00001c90       0x7c d:/siliconlab/developer/toolchains/gnu_arm/12.2.rel1_2023.7/bin/../lib/gcc/arm-none-eabi/12.2.1/thumb/v8-m.main+fp/hard\libc_nano.a(libc_a-snprintf.o)
 .debug_frame   0x00001d0c       0x20 d:/siliconlab/developer/toolchains/gnu_arm/12.2.rel1_2023.7/bin/../lib/gcc/arm-none-eabi/12.2.1/thumb/v8-m.main+fp/hard\libc_nano.a(libc_a-memset.o)
 .debug_frame   0x00001d2c       0x2c d:/siliconlab/developer/toolchains/gnu_arm/12.2.rel1_2023.7/bin/../lib/gcc/arm-none-eabi/12.2.1/thumb/v8-m.main+fp/hard\libc_nano.a(libc_a-strstr.o)
 .debug_frame   0x00001d58       0x38 d:/siliconlab/developer/toolchains/gnu_arm/12.2.rel1_2023.7/bin/../lib/gcc/arm-none-eabi/12.2.1/thumb/v8-m.main+fp/hard\libc_nano.a(libc_a-reent.o)
 .debug_frame   0x00001d90       0x2c d:/siliconlab/developer/toolchains/gnu_arm/12.2.rel1_2023.7/bin/../lib/gcc/arm-none-eabi/12.2.1/thumb/v8-m.main+fp/hard\libc_nano.a(libc_a-init.o)
 .debug_frame   0x00001dbc       0xb0 d:/siliconlab/developer/toolchains/gnu_arm/12.2.rel1_2023.7/bin/../lib/gcc/arm-none-eabi/12.2.1/thumb/v8-m.main+fp/hard\libc_nano.a(libc_a-lock.o)
 .debug_frame   0x00001e6c       0x38 d:/siliconlab/developer/toolchains/gnu_arm/12.2.rel1_2023.7/bin/../lib/gcc/arm-none-eabi/12.2.1/thumb/v8-m.main+fp/hard\libc_nano.a(libc_a-freer.o)
 .debug_frame   0x00001ea4       0x4c d:/siliconlab/developer/toolchains/gnu_arm/12.2.rel1_2023.7/bin/../lib/gcc/arm-none-eabi/12.2.1/thumb/v8-m.main+fp/hard\libc_nano.a(libc_a-mallocr.o)
 .debug_frame   0x00001ef0       0x30 d:/siliconlab/developer/toolchains/gnu_arm/12.2.rel1_2023.7/bin/../lib/gcc/arm-none-eabi/12.2.1/thumb/v8-m.main+fp/hard\libc_nano.a(libc_a-mlock.o)
 .debug_frame   0x00001f20       0x90 d:/siliconlab/developer/toolchains/gnu_arm/12.2.rel1_2023.7/bin/../lib/gcc/arm-none-eabi/12.2.1/thumb/v8-m.main+fp/hard\libc_nano.a(libc_a-nano-svfprintf.o)
 .debug_frame   0x00001fb0       0x60 d:/siliconlab/developer/toolchains/gnu_arm/12.2.rel1_2023.7/bin/../lib/gcc/arm-none-eabi/12.2.1/thumb/v8-m.main+fp/hard\libc_nano.a(libc_a-nano-vfprintf_i.o)
 .debug_frame   0x00002010       0x28 d:/siliconlab/developer/toolchains/gnu_arm/12.2.rel1_2023.7/bin/../lib/gcc/arm-none-eabi/12.2.1/thumb/v8-m.main+fp/hard\libc_nano.a(libc_a-memmove.o)
 .debug_frame   0x00002038       0x2c d:/siliconlab/developer/toolchains/gnu_arm/12.2.rel1_2023.7/bin/../lib/gcc/arm-none-eabi/12.2.1/thumb/v8-m.main+fp/hard\libc_nano.a(libc_a-sbrkr.o)
 .debug_frame   0x00002064       0x28 d:/siliconlab/developer/toolchains/gnu_arm/12.2.rel1_2023.7/bin/../lib/gcc/arm-none-eabi/12.2.1/thumb/v8-m.main+fp/hard\libc_nano.a(libc_a-memchr-stub.o)
 .debug_frame   0x0000208c       0x28 d:/siliconlab/developer/toolchains/gnu_arm/12.2.rel1_2023.7/bin/../lib/gcc/arm-none-eabi/12.2.1/thumb/v8-m.main+fp/hard\libc_nano.a(libc_a-memcpy-stub.o)
 .debug_frame   0x000020b4       0x3c d:/siliconlab/developer/toolchains/gnu_arm/12.2.rel1_2023.7/bin/../lib/gcc/arm-none-eabi/12.2.1/thumb/v8-m.main+fp/hard\libc_nano.a(libc_a-reallocr.o)
 .debug_frame   0x000020f0       0x20 d:/siliconlab/developer/toolchains/gnu_arm/12.2.rel1_2023.7/bin/../lib/gcc/arm-none-eabi/12.2.1/thumb/v8-m.main+fp/hard\libc_nano.a(libc_a-msizer.o)

.debug_loc      0x00000000     0x8a03
 .debug_loc     0x00000000      0x69e ./main.o
 .debug_loc     0x0000069e      0x152 ./autogen/sl_event_handler.o
 .debug_loc     0x000007f0      0x24a ./simplicity_sdk_2024.6.2/hardware/board/src/sl_board_control_gpio.o
 .debug_loc     0x00000a3a       0x2c ./simplicity_sdk_2024.6.2/hardware/board/src/sl_board_init.o
 .debug_loc     0x00000a66      0x31e ./simplicity_sdk_2024.6.2/hardware/driver/configuration_over_swo/src/sl_cos.o
 .debug_loc     0x00000d84      0x18c ./simplicity_sdk_2024.6.2/platform/Device/SiliconLabs/EFR32MG21/Source/startup_efr32mg21.o
 .debug_loc     0x00000f10      0x17b ./simplicity_sdk_2024.6.2/platform/Device/SiliconLabs/EFR32MG21/Source/system_efr32mg21.o
 .debug_loc     0x0000108b       0x2a ./simplicity_sdk_2024.6.2/platform/common/src/sl_assert.o
 .debug_loc     0x000010b5      0x141 ./simplicity_sdk_2024.6.2/platform/common/src/sl_core_cortexm.o
 .debug_loc     0x000011f6      0x118 ./simplicity_sdk_2024.6.2/platform/common/src/sl_syscalls.o
 .debug_loc     0x0000130e      0x229 ./simplicity_sdk_2024.6.2/platform/driver/debug/src/sl_debug_swo.o
 .debug_loc     0x00001537     0x3936 ./simplicity_sdk_2024.6.2/platform/emlib/src/em_cmu.o
 .debug_loc     0x00004e6d      0x348 ./simplicity_sdk_2024.6.2/platform/emlib/src/em_emu.o
 .debug_loc     0x000051b5      0x8b9 ./simplicity_sdk_2024.6.2/platform/emlib/src/em_gpio.o
 .debug_loc     0x00005a6e      0x160 ./simplicity_sdk_2024.6.2/platform/emlib/src/em_system.o
 .debug_loc     0x00005bce      0x69a ./simplicity_sdk_2024.6.2/platform/emlib/src/em_timer.o
 .debug_loc     0x00006268      0xa32 ./simplicity_sdk_2024.6.2/platform/emlib/src/em_usart.o
 .debug_loc     0x00006c9a      0x603 ./simplicity_sdk_2024.6.2/platform/service/clock_manager/src/sl_clock_manager.o
 .debug_loc     0x0000729d     0x10e9 ./simplicity_sdk_2024.6.2/platform/service/clock_manager/src/sl_clock_manager_hal_s2.o
 .debug_loc     0x00008386       0xda ./simplicity_sdk_2024.6.2/platform/service/clock_manager/src/sl_clock_manager_init_hal_s2.o
 .debug_loc     0x00008460       0x2c ./simplicity_sdk_2024.6.2/platform/service/device_init/src/sl_device_init_emu_s2.o
 .debug_loc     0x0000848c      0x476 ./simplicity_sdk_2024.6.2/platform/service/interrupt_manager/src/sl_interrupt_manager_cortexm.o
 .debug_loc     0x00008902       0xa9 ./simplicity_sdk_2024.6.2/platform/service/memory_manager/src/sl_memory_manager_region.o
 .debug_loc     0x000089ab       0x2c ./simplicity_sdk_2024.6.2/platform/service/system/src/sl_system_init.o
 .debug_loc     0x000089d7       0x2c ./simplicity_sdk_2024.6.2/platform/service/system/src/sl_system_process_action.o