Archive member included to satisfy reference by file (symbol)

d:/siliconlab/developer/toolchains/gnu_arm/12.2.rel1_2023.7/bin/../lib/gcc/arm-none-eabi/12.2.1/thumb/v8-m.main+fp/hard\libgcc.a(_aeabi_ldivmod.o)
                              ./simplicity_sdk_2024.6.2/platform/emlib/src/em_usart.o (__aeabi_ldivmod)
d:/siliconlab/developer/toolchains/gnu_arm/12.2.rel1_2023.7/bin/../lib/gcc/arm-none-eabi/12.2.1/thumb/v8-m.main+fp/hard\libgcc.a(_aeabi_uldivmod.o)
                              ./simplicity_sdk_2024.6.2/platform/emlib/src/em_usart.o (__aeabi_uldivmod)
d:/siliconlab/developer/toolchains/gnu_arm/12.2.rel1_2023.7/bin/../lib/gcc/arm-none-eabi/12.2.1/thumb/v8-m.main+fp/hard\libgcc.a(_udivmoddi4.o)
                              d:/siliconlab/developer/toolchains/gnu_arm/12.2.rel1_2023.7/bin/../lib/gcc/arm-none-eabi/12.2.1/thumb/v8-m.main+fp/hard\libgcc.a(_aeabi_ldivmod.o) (__udivmoddi4)
d:/siliconlab/developer/toolchains/gnu_arm/12.2.rel1_2023.7/bin/../lib/gcc/arm-none-eabi/12.2.1/thumb/v8-m.main+fp/hard\libgcc.a(_dvmd_tls.o)
                              d:/siliconlab/developer/toolchains/gnu_arm/12.2.rel1_2023.7/bin/../lib/gcc/arm-none-eabi/12.2.1/thumb/v8-m.main+fp/hard\libgcc.a(_aeabi_ldivmod.o) (__aeabi_ldiv0)
d:/siliconlab/developer/toolchains/gnu_arm/12.2.rel1_2023.7/bin/../lib/gcc/arm-none-eabi/12.2.1/thumb/v8-m.main+fp/hard\libc_nano.a(libc_a-exit.o)
                              d:/siliconlab/developer/toolchains/gnu_arm/12.2.rel1_2023.7/bin/../lib/gcc/arm-none-eabi/12.2.1/thumb/v8-m.main+fp/hard/crt0.o (exit)
d:/siliconlab/developer/toolchains/gnu_arm/12.2.rel1_2023.7/bin/../lib/gcc/arm-none-eabi/12.2.1/thumb/v8-m.main+fp/hard\libc_nano.a(libc_a-findfp.o)
                              d:/siliconlab/developer/toolchains/gnu_arm/12.2.rel1_2023.7/bin/../lib/gcc/arm-none-eabi/12.2.1/thumb/v8-m.main+fp/hard\libc_nano.a(libc_a-exit.o) (__stdio_exit_handler)
d:/siliconlab/developer/toolchains/gnu_arm/12.2.rel1_2023.7/bin/../lib/gcc/arm-none-eabi/12.2.1/thumb/v8-m.main+fp/hard\libc_nano.a(libc_a-fwalk.o)
                              d:/siliconlab/developer/toolchains/gnu_arm/12.2.rel1_2023.7/bin/../lib/gcc/arm-none-eabi/12.2.1/thumb/v8-m.main+fp/hard\libc_nano.a(libc_a-findfp.o) (_fwalk_sglue)
d:/siliconlab/developer/toolchains/gnu_arm/12.2.rel1_2023.7/bin/../lib/gcc/arm-none-eabi/12.2.1/thumb/v8-m.main+fp/hard\libc_nano.a(libc_a-snprintf.o)
                              ./app_lcd.o (snprintf)
d:/siliconlab/developer/toolchains/gnu_arm/12.2.rel1_2023.7/bin/../lib/gcc/arm-none-eabi/12.2.1/thumb/v8-m.main+fp/hard\libc_nano.a(libc_a-stdio.o)
                              d:/siliconlab/developer/toolchains/gnu_arm/12.2.rel1_2023.7/bin/../lib/gcc/arm-none-eabi/12.2.1/thumb/v8-m.main+fp/hard\libc_nano.a(libc_a-findfp.o) (__sread)
d:/siliconlab/developer/toolchains/gnu_arm/12.2.rel1_2023.7/bin/../lib/gcc/arm-none-eabi/12.2.1/thumb/v8-m.main+fp/hard\libc_nano.a(libc_a-memset.o)
                              d:/siliconlab/developer/toolchains/gnu_arm/12.2.rel1_2023.7/bin/../lib/gcc/arm-none-eabi/12.2.1/thumb/v8-m.main+fp/hard/crt0.o (memset)
d:/siliconlab/developer/toolchains/gnu_arm/12.2.rel1_2023.7/bin/../lib/gcc/arm-none-eabi/12.2.1/thumb/v8-m.main+fp/hard\libc_nano.a(libc_a-closer.o)
                              d:/siliconlab/developer/toolchains/gnu_arm/12.2.rel1_2023.7/bin/../lib/gcc/arm-none-eabi/12.2.1/thumb/v8-m.main+fp/hard\libc_nano.a(libc_a-stdio.o) (_close_r)
d:/siliconlab/developer/toolchains/gnu_arm/12.2.rel1_2023.7/bin/../lib/gcc/arm-none-eabi/12.2.1/thumb/v8-m.main+fp/hard\libc_nano.a(libc_a-reent.o)
                              d:/siliconlab/developer/toolchains/gnu_arm/12.2.rel1_2023.7/bin/../lib/gcc/arm-none-eabi/12.2.1/thumb/v8-m.main+fp/hard\libc_nano.a(libc_a-closer.o) (errno)
d:/siliconlab/developer/toolchains/gnu_arm/12.2.rel1_2023.7/bin/../lib/gcc/arm-none-eabi/12.2.1/thumb/v8-m.main+fp/hard\libc_nano.a(libc_a-impure.o)
                              d:/siliconlab/developer/toolchains/gnu_arm/12.2.rel1_2023.7/bin/../lib/gcc/arm-none-eabi/12.2.1/thumb/v8-m.main+fp/hard\libc_nano.a(libc_a-snprintf.o) (_impure_ptr)
d:/siliconlab/developer/toolchains/gnu_arm/12.2.rel1_2023.7/bin/../lib/gcc/arm-none-eabi/12.2.1/thumb/v8-m.main+fp/hard\libc_nano.a(libc_a-lseekr.o)
                              d:/siliconlab/developer/toolchains/gnu_arm/12.2.rel1_2023.7/bin/../lib/gcc/arm-none-eabi/12.2.1/thumb/v8-m.main+fp/hard\libc_nano.a(libc_a-stdio.o) (_lseek_r)
d:/siliconlab/developer/toolchains/gnu_arm/12.2.rel1_2023.7/bin/../lib/gcc/arm-none-eabi/12.2.1/thumb/v8-m.main+fp/hard\libc_nano.a(libc_a-readr.o)
                              d:/siliconlab/developer/toolchains/gnu_arm/12.2.rel1_2023.7/bin/../lib/gcc/arm-none-eabi/12.2.1/thumb/v8-m.main+fp/hard\libc_nano.a(libc_a-stdio.o) (_read_r)
d:/siliconlab/developer/toolchains/gnu_arm/12.2.rel1_2023.7/bin/../lib/gcc/arm-none-eabi/12.2.1/thumb/v8-m.main+fp/hard\libc_nano.a(libc_a-writer.o)
[...]
Memory Configuration

Name             Origin             Length             Attributes
FLASH            0x00000000         0x000fe000         xr
RAM              0x20000000         0x00018000         xrw
*default*        0x00000000         0xffffffff

Linker script and memory map

LOAD d:/siliconlab/developer/toolchains/gnu_arm/12.2.rel1_2023.7/bin/../lib/gcc/arm-none-eabi/12.2.1/thumb/v8-m.main+fp/hard/crti.o
LOAD d:/siliconlab/developer/toolchains/gnu_arm/12.2.rel1_2023.7/bin/../lib/gcc/arm-none-eabi/12.2.1/thumb/v8-m.main+fp/hard/crtbegin.o
LOAD d:/siliconlab/developer/toolchains/gnu_arm/12.2.rel1_2023.7/bin/../lib/gcc/arm-none-eabi/12.2.1/thumb/v8-m.main+fp/hard/crt0.o
START GROUP
LOAD ./app.o
LOAD ./app_lcd.o
LOAD ./bmp.o
LOAD ./dmd_memlcd.o
LOAD ./glib.o
LOAD ./glib_bitmap.o
LOAD ./glib_circle.o
LOAD ./glib_font_narrow_6x8.o
LOAD ./glib_font_normal_8x8.o
LOAD ./glib_font_number_16x20.o
LOAD ./glib_line.o
LOAD ./glib_polygon.o
LOAD ./glib_rectangle.o
LOAD ./glib_string.o
LOAD ./lcd.o
LOAD ./lcd_display.o
LOAD ./lcd_spi.o
LOAD ./main.o
LOAD ./autogen/sl_board_default_init.o
LOAD ./autogen/sl_event_handler.o
LOAD ./simplicity_sdk_2024.6.2/hardware/board/src/sl_board_control_gpio.o
LOAD ./simplicity_sdk_2024.6.2/hardware/board/src/sl_board_init.o
LOAD ./simplicity_sdk_2024.6.2/hardware/driver/configuration_over_swo/src/sl_cos.o
LOAD ./simplicity_sdk_2024.6.2/platform/Device/SiliconLabs/EFR32MG21/Source/startup_efr32mg21.o
LOAD ./simplicity_sdk_2024.6.2/platform/Device/SiliconLabs/EFR32MG21/Source/system_efr32mg21.o
LOAD ./simplicity_sdk_2024.6.2/platform/common/src/sl_assert.o
LOAD ./simplicity_sdk_2024.6.2/platform/common/src/sl_core_cortexm.o
LOAD ./simplicity_sdk_2024.6.2/platform/common/src/sl_syscalls.o
LOAD ./simplicity_sdk_2024.6.2/platform/driver/debug/src/sl_debug_swo.o
LOAD ./simplicity_sdk_2024.6.2/platform/emlib/src/em_burtc.o
LOAD ./simplicity_sdk_2024.6.2/platform/emlib/src/em_cmu.o
LOAD ./simplicity_sdk_2024.6.2/platform/emlib/src/em_core.o
LOAD ./simplicity_sdk_2024.6.2/platform/emlib/src/em_emu.o
LOAD ./simplicity_sdk_2024.6.2/platform/emlib/src/em_gpio.o
LOAD ./simplicity_sdk_2024.6.2/platform/emlib/src/em_msc.o
LOAD ./simplicity_sdk_2024.6.2/platform/emlib/src/em_rtcc.o
LOAD ./simplicity_sdk_2024.6.2/platform/emlib/src/em_system.o
LOAD ./simplicity_sdk_2024.6.2/platform/emlib/src/em_timer.o
LOAD ./simplicity_sdk_2024.6.2/platform/emlib/src/em_usart.o
LOAD ./simplicity_sdk_2024.6.2/platform/service/clock_manager/src/sl_clock_manager.o
LOAD ./simplicity_sdk_2024.6.2/platform/service/clock_manager/src/sl_clock_manager_hal_s2.o
LOAD ./simplicity_sdk_2024.6.2/platform/service/clock_manager/src/sl_clock_manager_init.o
LOAD ./simplicity_sdk_2024.6.2/platform/service/clock_manager/src/sl_clock_manager_init_hal_s2.o
LOAD ./simplicity_sdk_2024.6.2/platform/service/device_init/src/sl_device_init_emu_s2.o
LOAD ./simplicity_sdk_2024.6.2/platform/service/device_manager/devices/sl_device_peripheral_hal_efr32xg21.o
LOAD ./simplicity_sdk_2024.6.2/platform/service/device_manager/src/sl_device_clock.o
LOAD ./simplicity_sdk_2024.6.2/platform/service/device_manager/src/sl_device_peripheral.o
LOAD ./simplicity_sdk_2024.6.2/platform/service/interrupt_manager/src/sl_interrupt_manager_cortexm.o
LOAD ./simplicity_sdk_2024.6.2/platform/service/memory_manager/src/sl_memory_manager_region.o
LOAD ./simplicity_sdk_2024.6.2/platform/service/sleeptimer/src/sl_sleeptimer.o
LOAD ./simplicity_sdk_2024.6.2/platform/service/sleeptimer/src/sl_sleeptimer_hal_burtc.o
LOAD ./simplicity_sdk_2024.6.2/platform/service/sleeptimer/src/sl_sleeptimer_hal_prortc.o
LOAD ./simplicity_sdk_2024.6.2/platform/service/sleeptimer/src/sl_sleeptimer_hal_rtcc.o
LOAD ./simplicity_sdk_2024.6.2/platform/service/sleeptimer/src/sl_sleeptimer_hal_timer.o
LOAD ./simplicity_sdk_2024.6.2/platform/service/system/src/sl_system_init.o
LOAD ./simplicity_sdk_2024.6.2/platform/service/system/src/sl_system_process_action.o
LOAD ./simplicity_sdk_2024.6.2/platform/service/udelay/src/sl_udelay.o
LOAD ./simplicity_sdk_2024.6.2/platform/service/udelay/src/sl_udelay_armv6m_gcc.o
LOAD d:/siliconlab/developer/toolchains/gnu_arm/12.2.rel1_2023.7/bin/../lib/gcc/arm-none-eabi/12.2.1/thumb/v8-m.main+fp/hard\libgcc.a
LOAD d:/siliconlab/developer/toolchains/gnu_arm/12.2.rel1_2023.7/bin/../lib/gcc/arm-none-eabi/12.2.1/thumb/v8-m.main+fp/hard\libc_nano.a
LOAD d:/siliconlab/developer/toolchains/gnu_arm/12.2.rel1_2023.7/bin/../lib/gcc/arm-none-eabi/12.2.1/thumb/v8-m.main+fp/hard\libm.a
LOAD d:/siliconlab/developer/toolchains/gnu_arm/12.2.rel1_2023.7/bin/../lib/gcc/arm-none-eabi/12.2.1/thumb/v8-m.main+fp/hard\libnosys.a
END GROUP
START GROUP
LOAD d:/siliconlab/developer/toolchains/gnu_arm/12.2.rel1_2023.7/bin/../lib/gcc/arm-none-eabi/12.2.1/thumb/v8-m.main+fp/hard\libgcc.a
LOAD d:/siliconlab/developer/toolchains/gnu_arm/12.2.rel1_2023.7/bin/../lib/gcc/arm-none-eabi/12.2.1/thumb/v8-m.main+fp/hard\libc_nano.a
LOAD d:/siliconlab/developer/toolchains/gnu_arm/12.2.rel1_2023.7/bin/../lib/gcc/arm-none-eabi/12.2.1/thumb/v8-m.main+fp/hard\libnosys.a
END GROUP
START GROUP
LOAD d:/siliconlab/developer/toolchains/gnu_arm/12.2.rel1_2023.7/bin/../lib/gcc/arm-none-eabi/12.2.1/thumb/v8-m.main+fp/hard\libgcc.a
LOAD d:/siliconlab/developer/toolchains/gnu_arm/12.2.rel1_2023.7/bin/../lib/gcc/arm-none-eabi/12.2.1/thumb/v8-m.main+fp/hard\libg_nano.a
LOAD d:/siliconlab/developer/toolchains/gnu_arm/12.2.rel1_2023.7/bin/../lib/gcc/arm-none-eabi/12.2.1/thumb/v8-m.main+fp/hard\libc_nano.a
END GROUP
START GROUP
LOAD d:/siliconlab/developer/toolchains/gnu_arm/12.2.rel1_2023.7/bin/../lib/gcc/arm-none-eabi/12.2.1/thumb/v8-m.main+fp/hard\libgcc.a
LOAD d:/siliconlab/developer/toolchains/gnu_arm/12.2.rel1_2023.7/bin/../lib/gcc/arm-none-eabi/12.2.1/thumb/v8-m.main+fp/hard\libc_nano.a
END GROUP
LOAD d:/siliconlab/developer/toolchains/gnu_arm/12.2.rel1_2023.7/bin/../lib/gcc/arm-none-eabi/12.2.1/thumb/v8-m.main+fp/hard/crtend.o
LOAD d:/siliconlab/developer/toolchains/gnu_arm/12.2.rel1_2023.7/bin/../lib/gcc/arm-none-eabi/12.2.1/thumb/v8-m.main+fp/hard/crtn.o

.vectors        0x00000000      0x134
                0x00000000                linker_vectors_begin = .
 *(.vectors)
 .vectors       0x00000000      0x134 ./simplicity_sdk_2024.6.2/platform/Device/SiliconLabs/EFR32MG21/Source/startup_efr32mg21.o
                0x00000000                __Vectors
                0x00000134                linker_vectors_end = .
                0x00000134                __Vectors_End = .
                0x00000134                __Vectors_Size = (__Vectors_End - __Vectors)
                0x00000134                __lma_ramfuncs_start__ = .

.stack          0x20000000     0x1000
                0x20000000                . = ALIGN (0x8)
                0x20000000                __StackLimit = .
 *(.stack*)
 .stack         0x20000000     0x1000 ./simplicity_sdk_2024.6.2/platform/service/memory_manager/src/sl_memory_manager_region.o
                0x20001000                . = ALIGN (0x4)
                0x20001000                __StackTop = .
                0x20001000                PROVIDE (__stack = __StackTop)

.noinit
 *(.noinit*)

.bss            0x20001000      0x9fc
                0x20001000                . = ALIGN (0x4)
                0x20001000                __bss_start__ = .
 *(SORT_BY_ALIGNMENT(.bss*))
 .bss.object.0  0x20001000       0x18 d:/siliconlab/developer/toolchains/gnu_arm/12.2.rel1_2023.7/bin/../lib/gcc/arm-none-eabi/12.2.1/thumb/v8-m.main+fp/hard/crtbegin.o
 .bss.glibContext
                0x20001018       0x2c ./app_lcd.o
 .bss.dirtyRows
                0x20001044       0x10 ./dmd_memlcd.o
 .bss.memlcd    0x20001054        0x4 ./dmd_memlcd.o
 .bss.memlcd_instance
                0x20001058       0x14 ./lcd.o
 .bss.extcomin_timer
                0x2000106c       0x20 ./lcd.o
 .bss.max_millisecond_conversion
                0x2000108c        0x4 ./simplicity_sdk_2024.6.2/platform/service/sleeptimer/src/sl_sleeptimer.o
 .bss.last_delta_update_count
                0x20001090        0x4 ./simplicity_sdk_2024.6.2/platform/service/sleeptimer/src/sl_sleeptimer.o
 .bss.timer_head
                0x20001094        0x4 ./simplicity_sdk_2024.6.2/platform/service/sleeptimer/src/sl_sleeptimer.o
 .bss.timer_frequency
                0x20001098        0x4 ./simplicity_sdk_2024.6.2/platform/service/sleeptimer/src/sl_sleeptimer.o
 .bss.__sf      0x2000109c      0x138 d:/siliconlab/developer/toolchains/gnu_arm/12.2.rel1_2023.7/bin/../lib/gcc/arm-none-eabi/12.2.1/thumb/v8-m.main+fp/hard\libc_nano.a(libc_a-findfp.o)
                0x2000109c                __sf
 .bss.__stdio_exit_handler
                0x200011d4        0x4 d:/siliconlab/developer/toolchains/gnu_arm/12.2.rel1_2023.7/bin/../lib/gcc/arm-none-eabi/12.2.1/thumb/v8-m.main+fp/hard\libc_nano.a(libc_a-findfp.o)
                0x200011d4                __stdio_exit_handler
 .bss.errno     0x200011d8        0x4 d:/siliconlab/developer/toolchains/gnu_arm/12.2.rel1_2023.7/bin/../lib/gcc/arm-none-eabi/12.2.1/thumb/v8-m.main+fp/hard\libc_nano.a(libc_a-reent.o)
                0x200011d8                errno
 .bss.__malloc_sbrk_start
                0x200011dc        0x4 d:/siliconlab/developer/toolchains/gnu_arm/12.2.rel1_2023.7/bin/../lib/gcc/arm-none-eabi/12.2.1/thumb/v8-m.main+fp/hard\libc_nano.a(libc_a-mallocr.o)
                0x200011dc                __malloc_sbrk_start
 .bss.__malloc_free_list
                0x200011e0        0x4 d:/siliconlab/developer/toolchains/gnu_arm/12.2.rel1_2023.7/bin/../lib/gcc/arm-none-eabi/12.2.1/thumb/v8-m.main+fp/hard\libc_nano.a(libc_a-mallocr.o)
                0x200011e0                __malloc_free_list
 .bss.dimensions
                0x200011e4        0xc ./dmd_memlcd.o
 .bss.overflow_counter
                0x200011f0        0x2 ./simplicity_sdk_2024.6.2/platform/service/sleeptimer/src/sl_sleeptimer.o
 .bss.completed.1
                0x200011f2        0x1 d:/siliconlab/developer/toolchains/gnu_arm/12.2.rel1_2023.7/bin/../lib/gcc/arm-none-eabi/12.2.1/thumb/v8-m.main+fp/hard/crtbegin.o
 .bss.seconds   0x200011f3        0x1 ./app_lcd.o
 .bss.minutes   0x200011f4        0x1 ./app_lcd.o
 .bss.hours     0x200011f5        0x1 ./app_lcd.o
 .bss.framebuffer
                0x200011f6      0x800 ./dmd_memlcd.o
 .bss.initialized
                0x200019f6        0x1 ./lcd.o
 .bss.ctuneDelta
                0x200019f7        0x1 ./simplicity_sdk_2024.6.2/platform/emlib/src/em_cmu.o
 .bss.sleep_on_isr_exit
                0x200019f8        0x1 ./simplicity_sdk_2024.6.2/platform/service/sleeptimer/src/sl_sleeptimer.o
 .bss.next_timer_to_expire_is_power_manager
                0x200019f9        0x1 ./simplicity_sdk_2024.6.2/platform/service/sleeptimer/src/sl_sleeptimer.o
 .bss.is_sleeptimer_initialized
                0x200019fa        0x1 ./simplicity_sdk_2024.6.2/platform/service/sleeptimer/src/sl_sleeptimer.o
 .bss.__lock___malloc_recursive_mutex
                0x200019fb        0x1 d:/siliconlab/developer/toolchains/gnu_arm/12.2.rel1_2023.7/bin/../lib/gcc/arm-none-eabi/12.2.1/thumb/v8-m.main+fp/hard\libc_nano.a(libc_a-lock.o)
                0x200019fb                __lock___malloc_recursive_mutex
 *(COMMON)
                0x200019fc                . = ALIGN (0x4)
                0x200019fc                __bss_end__ = .

text_application_ram
                0x200019fc        0x0 load address 0x00000134
                0x200019fc                . = ALIGN (0x4)
                0x200019fc                __vma_ramfuncs_start__ = .
                0x200019fc                __text_application_ram_start__ = .
 *(text_application_ram)
                0x200019fc                . = ALIGN (0x4)
                0x200019fc                __vma_ramfuncs_end__ = .
                0x200019fc                __text_application_ram_end__ = .

.rodata         0x00000134        0x0
                0x00000134                __lma_ramfuncs_end__ = .
                0x00000134                __rodata_start__ = .
                0x00000134                __rodata_end__ = .

.text           0x00000140     0x4298
                0x00000140                linker_code_begin = .
 *(SORT_BY_ALIGNMENT(.text*))
 .text          0x00000140        0x8 ./simplicity_sdk_2024.6.2/platform/service/udelay/src/sl_udelay_armv6m_gcc.o
                0x00000140                sli_delay_loop
 .text.deregister_tm_clones
                0x00000148       0x1c d:/siliconlab/developer/toolchains/gnu_arm/12.2.rel1_2023.7/bin/../lib/gcc/arm-none-eabi/12.2.1/thumb/v8-m.main+fp/hard/crtbegin.o
 .text.register_tm_clones
                0x00000164       0x28 d:/siliconlab/developer/toolchains/gnu_arm/12.2.rel1_2023.7/bin/../lib/gcc/arm-none-eabi/12.2.1/thumb/v8-m.main+fp/hard/crtbegin.o
 .text.__do_global_dtors_aux
                0x0000018c       0x28 d:/siliconlab/developer/toolchains/gnu_arm/12.2.rel1_2023.7/bin/../lib/gcc/arm-none-eabi/12.2.1/thumb/v8-m.main+fp/hard/crtbegin.o
 .text.frame_dummy
                0x000001b4       0x24 d:/siliconlab/developer/toolchains/gnu_arm/12.2.rel1_2023.7/bin/../lib/gcc/arm-none-eabi/12.2.1/thumb/v8-m.main+fp/hard/crtbegin.o
 .text          0x000001d8       0x7c d:/siliconlab/developer/toolchains/gnu_arm/12.2.rel1_2023.7/bin/../lib/gcc/arm-none-eabi/12.2.1/thumb/v8-m.main+fp/hard/crt0.o
                0x000001d8                _stack_init
                0x000001e0                _start
                0x000001e0                _mainCRTStartup
 .text.memlcd_app_init
                0x00000254       0xd4 ./app_lcd.o
                0x00000254                memlcd_app_init
 .text.memlcd_app_process_action
                0x00000328       0x80 ./app_lcd.o
                0x00000328                memlcd_app_process_action
 .text.setLineDirty
                0x000003a8       0x1c ./dmd_memlcd.o
 .text.DMD_getDisplayGeometry
                0x000003c4       0x1c ./dmd_memlcd.o
                0x000003c4                DMD_getDisplayGeometry
 .text.DMD_setClippingArea
                0x000003e0       0x40 ./dmd_memlcd.o
                0x000003e0                DMD_setClippingArea
 .text.DMD_writeColor
                0x00000420      0x138 ./dmd_memlcd.o
                0x00000420                DMD_writeColor
 .text.DMD_init
                0x00000558       0x50 ./dmd_memlcd.o
                0x00000558                DMD_init
 .text.DMD_updateDisplay
                0x000005a8       0x80 ./dmd_memlcd.o
                0x000005a8                DMD_updateDisplay
 .text.GLIB_contextInit
                0x00000628       0x54 ./glib.o
                0x00000628                GLIB_contextInit
 .text.lcd_power_on.part.0
                0x0000067c       0x2c ./lcd.o
 .text.extcomin_toggle
                0x000006a8        0xc ./lcd.o
 .text.lcd_clear
                0x000006b4       0x48 ./lcd.o
                0x000006b4                lcd_clear
 .text.lcd_configure
                0x000006fc       0x60 ./lcd.o
                0x000006fc                lcd_configure
 .text.lcd_tx   0x0000075c       0xb8 ./lcd.o
                0x0000075c                lcd_tx
 .text.lcd_get  0x00000814       0x18 ./lcd.o
                0x00000814                lcd_get
 .text.sl_memlcd_init
                0x0000082c       0x20 ./lcd_display.o
                0x0000082c                sl_memlcd_init
 .text.sli_memlcd_spi_init
                0x0000084c       0xd0 ./lcd_spi.o
                0x0000084c                sli_memlcd_spi_init
 .text.sl_platform_init
                0x0000091c       0xa8 ./autogen/sl_event_handler.o
                0x0000091c                sl_platform_init
 .text.sl_board_init
                0x000009c4       0x14 ./simplicity_sdk_2024.6.2/hardware/board/src/sl_board_init.o
                0x000009c4                sl_board_init
 .text.sl_board_preinit
                0x000009d8        0xc ./simplicity_sdk_2024.6.2/hardware/board/src/sl_board_init.o
                0x000009d8                sl_board_preinit
 .text.CopyToRam
                0x000009e4       0x1c ./simplicity_sdk_2024.6.2/platform/Device/SiliconLabs/EFR32MG21/Source/startup_efr32mg21.o
                0x000009e4                CopyToRam
 .text.Reset_Handler
                0x00000a00       0x64 ./simplicity_sdk_2024.6.2/platform/Device/SiliconLabs/EFR32MG21/Source/startup_efr32mg21.o
                0x00000a00                Reset_Handler
 .text.SystemInit
                0x00000a64       0x58 ./simplicity_sdk_2024.6.2/platform/Device/SiliconLabs/EFR32MG21/Source/system_efr32mg21.o
                0x00000a64                SystemInit
 .text.SystemHFRCODPLLClockGet
                0x00000abc        0xc ./simplicity_sdk_2024.6.2/platform/Device/SiliconLabs/EFR32MG21/Source/system_efr32mg21.o
                0x00000abc                SystemHFRCODPLLClockGet
 .text.SystemHFRCODPLLClockSet
                0x00000ac8        0xc ./simplicity_sdk_2024.6.2/platform/Device/SiliconLabs/EFR32MG21/Source/system_efr32mg21.o
                0x00000ac8                SystemHFRCODPLLClockSet
 .text.SystemSYSCLKGet
                0x00000ad4       0x34 ./simplicity_sdk_2024.6.2/platform/Device/SiliconLabs/EFR32MG21/Source/system_efr32mg21.o
                0x00000ad4                SystemSYSCLKGet
 .text.SystemHCLKGet
                0x00000b08       0x24 ./simplicity_sdk_2024.6.2/platform/Device/SiliconLabs/EFR32MG21/Source/system_efr32mg21.o
                0x00000b08                SystemHCLKGet
 .text.SystemMaxCoreClockGet
                0x00000b2c        0x8 ./simplicity_sdk_2024.6.2/platform/Device/SiliconLabs/EFR32MG21/Source/system_efr32mg21.o
                0x00000b2c                SystemMaxCoreClockGet
 .text.SystemHFXOClockGet
                0x00000b34        0xc ./simplicity_sdk_2024.6.2/platform/Device/SiliconLabs/EFR32MG21/Source/system_efr32mg21.o
                0x00000b34                SystemHFXOClockGet
 .text.SystemHFXOClockSet
                0x00000b40       0x20 ./simplicity_sdk_2024.6.2/platform/Device/SiliconLabs/EFR32MG21/Source/system_efr32mg21.o
                0x00000b40                SystemHFXOClockSet
 .text.SystemFSRCOClockGet
                0x00000b60        0x8 ./simplicity_sdk_2024.6.2/platform/Device/SiliconLabs/EFR32MG21/Source/system_efr32mg21.o
                0x00000b60                SystemFSRCOClockGet
 .text.SystemHFRCOEM23ClockGet
                0x00000b68       0x88 ./simplicity_sdk_2024.6.2/platform/Device/SiliconLabs/EFR32MG21/Source/system_efr32mg21.o
                0x00000b68                SystemHFRCOEM23ClockGet
 .text.SystemLFXOClockGet
                0x00000bf0        0xc ./simplicity_sdk_2024.6.2/platform/Device/SiliconLabs/EFR32MG21/Source/system_efr32mg21.o
                0x00000bf0                SystemLFXOClockGet
 .text.sl_debug_swo_init
                0x00000bfc       0xcc ./simplicity_sdk_2024.6.2/platform/driver/debug/src/sl_debug_swo.o
                0x00000bfc                sl_debug_swo_init
 .text.flashWaitStateControl
                0x00000cc8       0x60 ./simplicity_sdk_2024.6.2/platform/emlib/src/em_cmu.o
 .text.HFRCODPLLDevinfoGet
                0x00000d28      0x108 ./simplicity_sdk_2024.6.2/platform/emlib/src/em_cmu.o
 .text.traceClkGet
                0x00000e30       0x48 ./simplicity_sdk_2024.6.2/platform/emlib/src/em_cmu.o
 .text.em01GrpaClkGet
                0x00000e78       0x64 ./simplicity_sdk_2024.6.2/platform/emlib/src/em_cmu.o
 .text.iadcClkGet
                0x00000edc       0x60 ./simplicity_sdk_2024.6.2/platform/emlib/src/em_cmu.o
 .text.em23GrpaClkGet
                0x00000f3c       0x48 ./simplicity_sdk_2024.6.2/platform/emlib/src/em_cmu.o
 .text.em4GrpaClkGet
                0x00000f84       0x48 ./simplicity_sdk_2024.6.2/platform/emlib/src/em_cmu.o
 .text.wdog0ClkGet
                0x00000fcc       0x64 ./simplicity_sdk_2024.6.2/platform/emlib/src/em_cmu.o
 .text.wdog1ClkGet
                0x00001030       0x64 ./simplicity_sdk_2024.6.2/platform/emlib/src/em_cmu.o
 .text.rtccClkGet
                0x00001094       0x54 ./simplicity_sdk_2024.6.2/platform/emlib/src/em_cmu.o
 .text.dpllRefClkGet
                0x000010e8       0x48 ./simplicity_sdk_2024.6.2/platform/emlib/src/em_cmu.o
 .text.CMU_ClockDivGet
                0x00001130       0x50 ./simplicity_sdk_2024.6.2/platform/emlib/src/em_cmu.o
                0x00001130                CMU_ClockDivGet
 .text.CMU_ClockFreqGet
                0x00001180      0x104 ./simplicity_sdk_2024.6.2/platform/emlib/src/em_cmu.o
                0x00001180                CMU_ClockFreqGet
 .text.pclkDivOptimize
                0x00001284       0x20 ./simplicity_sdk_2024.6.2/platform/emlib/src/em_cmu.o
 .text.CMU_ClockDivSet
                0x000012a4       0xac ./simplicity_sdk_2024.6.2/platform/emlib/src/em_cmu.o
                0x000012a4                CMU_ClockDivSet
 .text.CMU_ClockSelectGet
                0x00001350       0xf8 ./simplicity_sdk_2024.6.2/platform/emlib/src/em_cmu.o
                0x00001350                CMU_ClockSelectGet
 .text.sli_em_cmu_SYSTICEXTCLKENClear
                0x00001448       0x10 ./simplicity_sdk_2024.6.2/platform/emlib/src/em_cmu.o
                0x00001448                sli_em_cmu_SYSTICEXTCLKENClear
 .text.CMU_HFRCODPLLBandSet
                0x00001458       0xd0 ./simplicity_sdk_2024.6.2/platform/emlib/src/em_cmu.o
                0x00001458                CMU_HFRCODPLLBandSet
 .text.CMU_HFXOInit
                0x00001528      0x1cc ./simplicity_sdk_2024.6.2/platform/emlib/src/em_cmu.o
                0x00001528                CMU_HFXOInit
 .text.CMU_HFXOCTuneDeltaGet
                0x000016f4        0xc ./simplicity_sdk_2024.6.2/platform/emlib/src/em_cmu.o
                0x000016f4                CMU_HFXOCTuneDeltaGet
 .text.CMU_LFXOInit
                0x00001700       0xb8 ./simplicity_sdk_2024.6.2/platform/emlib/src/em_cmu.o
                0x00001700                CMU_LFXOInit
 .text.CMU_LFXOPrecisionSet
                0x000017b8        0xc ./simplicity_sdk_2024.6.2/platform/emlib/src/em_cmu.o
                0x000017b8                CMU_LFXOPrecisionSet
 .text.CMU_HFXOPrecisionSet
                0x000017c4        0xc ./simplicity_sdk_2024.6.2/platform/emlib/src/em_cmu.o
                0x000017c4                CMU_HFXOPrecisionSet
 .text.CMU_HFRCOEM23BandSet
                0x000017d0      0x144 ./simplicity_sdk_2024.6.2/platform/emlib/src/em_cmu.o
                0x000017d0                CMU_HFRCOEM23BandSet
 .text.EMU_EM4Init
                0x00001914       0x14 ./simplicity_sdk_2024.6.2/platform/emlib/src/em_emu.o
                0x00001914                EMU_EM4Init
 .text.GPIO_PinOutSet
                0x00001928       0x40 ./simplicity_sdk_2024.6.2/platform/emlib/src/em_gpio.o
 .text.GPIO_PinOutClear
                0x00001968       0x40 ./simplicity_sdk_2024.6.2/platform/emlib/src/em_gpio.o
 .text.GPIO_PinModeSet
                0x000019a8       0x90 ./simplicity_sdk_2024.6.2/platform/emlib/src/em_gpio.o
                0x000019a8                GPIO_PinModeSet
 .text.RTCC_ChannelInit
                0x00001a38       0x48 ./simplicity_sdk_2024.6.2/platform/emlib/src/em_rtcc.o
                0x00001a38                RTCC_ChannelInit
 .text.RTCC_Enable
                0x00001a80       0x54 ./simplicity_sdk_2024.6.2/platform/emlib/src/em_rtcc.o
                0x00001a80                RTCC_Enable
 .text.RTCC_Init
                0x00001ad4       0x48 ./simplicity_sdk_2024.6.2/platform/emlib/src/em_rtcc.o
                0x00001ad4                RTCC_Init
 .text.SYSTEM_ChipRevisionGet
                0x00001b1c       0x1c ./simplicity_sdk_2024.6.2/platform/emlib/src/em_system.o
                0x00001b1c                SYSTEM_ChipRevisionGet
 .text.prsRxInput
                0x00001b38       0x44 ./simplicity_sdk_2024.6.2/platform/emlib/src/em_usart.o
 .text.USART_BaudrateSyncSet
                0x00001b7c       0x48 ./simplicity_sdk_2024.6.2/platform/emlib/src/em_usart.o
                0x00001b7c                USART_BaudrateSyncSet
 .text.USART_Reset
                0x00001bc4       0x80 ./simplicity_sdk_2024.6.2/platform/emlib/src/em_usart.o
                0x00001bc4                USART_Reset
 .text.USART_InitSync
                0x00001c44       0xb0 ./simplicity_sdk_2024.6.2/platform/emlib/src/em_usart.o
                0x00001c44                USART_InitSync
 .text.sli_clock_manager_hal_init
                0x00001cf4      0x1a4 ./simplicity_sdk_2024.6.2/platform/service/clock_manager/src/sl_clock_manager_init_hal_s2.o
                0x00001cf4                sli_clock_manager_hal_init
 .text.sl_device_init_emu
                0x00001e98       0x24 ./simplicity_sdk_2024.6.2/platform/service/device_init/src/sl_device_init_emu_s2.o
                0x00001e98                sl_device_init_emu
 .text.sl_interrupt_manager_enable_irq
                0x00001ebc       0x34 ./simplicity_sdk_2024.6.2/platform/service/interrupt_manager/src/sl_interrupt_manager_cortexm.o
                0x00001ebc                sl_interrupt_manager_enable_irq
 .text.sl_interrupt_manager_clear_irq_pending
                0x00001ef0       0x1c ./simplicity_sdk_2024.6.2/platform/service/interrupt_manager/src/sl_interrupt_manager_cortexm.o
                0x00001ef0                sl_interrupt_manager_clear_irq_pending
 .text.sl_interrupt_manager_set_irq_priority
                0x00001f0c       0x50 ./simplicity_sdk_2024.6.2/platform/service/interrupt_manager/src/sl_interrupt_manager_cortexm.o
                0x00001f0c                sl_interrupt_manager_set_irq_priority
 .text._sbrk    0x00001f5c       0x20 ./simplicity_sdk_2024.6.2/platform/service/memory_manager/src/sl_memory_manager_region.o
                0x00001f5c                _sbrk
 .text.delta_list_insert_timer
                0x00001f7c       0x40 ./simplicity_sdk_2024.6.2/platform/service/sleeptimer/src/sl_sleeptimer.o
 .text.update_delta_list
                0x00001fbc       0x34 ./simplicity_sdk_2024.6.2/platform/service/sleeptimer/src/sl_sleeptimer.o
 .text.set_comparator_for_next_timer
                0x00001ff0       0x5c ./simplicity_sdk_2024.6.2/platform/service/sleeptimer/src/sl_sleeptimer.o
 .text.create_timer
                0x0000204c       0x88 ./simplicity_sdk_2024.6.2/platform/service/sleeptimer/src/sl_sleeptimer.o
 .text.delta_list_remove_timer
                0x000020d4       0x38 ./simplicity_sdk_2024.6.2/platform/service/sleeptimer/src/sl_sleeptimer.o
 .text.sl_sleeptimer_init
                0x0000210c       0x74 ./simplicity_sdk_2024.6.2/platform/service/sleeptimer/src/sl_sleeptimer.o
                0x0000210c                sl_sleeptimer_init
 .text.sl_sleeptimer_stop_timer
                0x00002180       0x60 ./simplicity_sdk_2024.6.2/platform/service/sleeptimer/src/sl_sleeptimer.o
                0x00002180                sl_sleeptimer_stop_timer
 .text.sl_sleeptimer_is_timer_running
                0x000021e0       0x3c ./simplicity_sdk_2024.6.2/platform/service/sleeptimer/src/sl_sleeptimer.o
                0x000021e0                sl_sleeptimer_is_timer_running
 .text.sl_sleeptimer_get_timer_frequency
                0x0000221c        0xc ./simplicity_sdk_2024.6.2/platform/service/sleeptimer/src/sl_sleeptimer.o
                0x0000221c                sl_sleeptimer_get_timer_frequency
 .text.sl_sleeptimer_ms_to_tick
                0x00002228       0x24 ./simplicity_sdk_2024.6.2/platform/service/sleeptimer/src/sl_sleeptimer.o
                0x00002228                sl_sleeptimer_ms_to_tick
 .text.sl_sleeptimer_delay_millisecond
                0x0000224c       0x38 ./simplicity_sdk_2024.6.2/platform/service/sleeptimer/src/sl_sleeptimer.o
                0x0000224c                sl_sleeptimer_delay_millisecond
 .text.process_timer_irq
                0x00002284      0x150 ./simplicity_sdk_2024.6.2/platform/service/sleeptimer/src/sl_sleeptimer.o
                0x00002284                process_timer_irq
 .text.sleeptimer_hal_init_timer
                0x000023d4       0x80 ./simplicity_sdk_2024.6.2/platform/service/sleeptimer/src/sl_sleeptimer_hal_rtcc.o
                0x000023d4                sleeptimer_hal_init_timer
 .text.sleeptimer_hal_set_compare
                0x00002454       0x64 ./simplicity_sdk_2024.6.2/platform/service/sleeptimer/src/sl_sleeptimer_hal_rtcc.o
                0x00002454                sleeptimer_hal_set_compare
 .text.sleeptimer_hal_disable_int
                0x000024b8       0x30 ./simplicity_sdk_2024.6.2/platform/service/sleeptimer/src/sl_sleeptimer_hal_rtcc.o
                0x000024b8                sleeptimer_hal_disable_int
 .text.sleeptimer_hal_set_int
                0x000024e8       0x10 ./simplicity_sdk_2024.6.2/platform/service/sleeptimer/src/sl_sleeptimer_hal_rtcc.o
                0x000024e8                sleeptimer_hal_set_int
 .text.RTCC_IRQHandler
                0x000024f8       0x34 ./simplicity_sdk_2024.6.2/platform/service/sleeptimer/src/sl_sleeptimer_hal_rtcc.o
                0x000024f8                RTCC_IRQHandler
 .text.sleeptimer_hal_get_timer_frequency
                0x0000252c       0x20 ./simplicity_sdk_2024.6.2/platform/service/sleeptimer/src/sl_sleeptimer_hal_rtcc.o
                0x0000252c                sleeptimer_hal_get_timer_frequency
 .text.sl_udelay_wait
                0x0000254c       0x58 ./simplicity_sdk_2024.6.2/platform/service/udelay/src/sl_udelay.o
                0x0000254c                sl_udelay_wait
 .text          0x000025a4       0x30 d:/siliconlab/developer/toolchains/gnu_arm/12.2.rel1_2023.7/bin/../lib/gcc/arm-none-eabi/12.2.1/thumb/v8-m.main+fp/hard\libgcc.a(_aeabi_uldivmod.o)
                0x000025a4                __aeabi_uldivmod
 .text.__udivmoddi4
                0x000025d4      0x2ec d:/siliconlab/developer/toolchains/gnu_arm/12.2.rel1_2023.7/bin/../lib/gcc/arm-none-eabi/12.2.1/thumb/v8-m.main+fp/hard\libgcc.a(_udivmoddi4.o)
                0x000025d4                __udivmoddi4
 .text          0x000028c0        0x4 d:/siliconlab/developer/toolchains/gnu_arm/12.2.rel1_2023.7/bin/../lib/gcc/arm-none-eabi/12.2.1/thumb/v8-m.main+fp/hard\libgcc.a(_dvmd_tls.o)
                0x000028c0                __aeabi_idiv0
                0x000028c0                __aeabi_ldiv0
 .text.exit     0x000028c4       0x24 d:/siliconlab/developer/toolchains/gnu_arm/12.2.rel1_2023.7/bin/../lib/gcc/arm-none-eabi/12.2.1/thumb/v8-m.main+fp/hard\libc_nano.a(libc_a-exit.o)
                0x000028c4                exit
 .text.snprintf
                0x000028e8       0x68 d:/siliconlab/developer/toolchains/gnu_arm/12.2.rel1_2023.7/bin/../lib/gcc/arm-none-eabi/12.2.1/thumb/v8-m.main+fp/hard\libc_nano.a(libc_a-snprintf.o)
                0x000028e8                sniprintf
                0x000028e8                snprintf
 .text.__libc_init_array
                0x00002950       0x48 d:/siliconlab/developer/toolchains/gnu_arm/12.2.rel1_2023.7/bin/../lib/gcc/arm-none-eabi/12.2.1/thumb/v8-m.main+fp/hard\libc_nano.a(libc_a-init.o)
                0x00002950                __libc_init_array
 .text._free_r  0x00002998       0x94 d:/siliconlab/developer/toolchains/gnu_arm/12.2.rel1_2023.7/bin/../lib/gcc/arm-none-eabi/12.2.1/thumb/v8-m.main+fp/hard\libc_nano.a(libc_a-freer.o)
                0x00002998                _free_r
 .text.sbrk_aligned
                0x00002a2c       0x44 d:/siliconlab/developer/toolchains/gnu_arm/12.2.rel1_2023.7/bin/../lib/gcc/arm-none-eabi/12.2.1/thumb/v8-m.main+fp/hard\libc_nano.a(libc_a-mallocr.o)
 .text._malloc_r
                0x00002a70       0xf0 d:/siliconlab/developer/toolchains/gnu_arm/12.2.rel1_2023.7/bin/../lib/gcc/arm-none-eabi/12.2.1/thumb/v8-m.main+fp/hard\libc_nano.a(libc_a-mallocr.o)
                0x00002a70                _malloc_r
 .text.__malloc_lock
                0x00002b60        0xc d:/siliconlab/developer/toolchains/gnu_arm/12.2.rel1_2023.7/bin/../lib/gcc/arm-none-eabi/12.2.1/thumb/v8-m.main+fp/hard\libc_nano.a(libc_a-mlock.o)
                0x00002b60                __malloc_lock
 .text.__malloc_unlock
                0x00002b6c        0xc d:/siliconlab/developer/toolchains/gnu_arm/12.2.rel1_2023.7/bin/../lib/gcc/arm-none-eabi/12.2.1/thumb/v8-m.main+fp/hard\libc_nano.a(libc_a-mlock.o)
                0x00002b6c                __malloc_unlock
 .text._svfprintf_r
                0x00002b78      0x1f8 d:/siliconlab/developer/toolchains/gnu_arm/12.2.rel1_2023.7/bin/../lib/gcc/arm-none-eabi/12.2.1/thumb/v8-m.main+fp/hard\libc_nano.a(libc_a-nano-svfprintf.o)
                0x00002b78                _svfiprintf_r
                0x00002b78                _svfprintf_r
 .text._printf_i
                0x00002d70      0x258 d:/siliconlab/developer/toolchains/gnu_arm/12.2.rel1_2023.7/bin/../lib/gcc/arm-none-eabi/12.2.1/thumb/v8-m.main+fp/hard\libc_nano.a(libc_a-nano-vfprintf_i.o)
                0x00002d70                _printf_i
 .text._sbrk_r  0x00002fc8       0x20 d:/siliconlab/developer/toolchains/gnu_arm/12.2.rel1_2023.7/bin/../lib/gcc/arm-none-eabi/12.2.1/thumb/v8-m.main+fp/hard\libc_nano.a(libc_a-sbrkr.o)
                0x00002fc8                _sbrk_r
 .text.app_init
                0x00002fe8        0x2 ./app.o
                0x00002fe8                app_init
 .text.GLIB_resetDisplayClippingArea
                0x00002fea       0x14 ./glib.o
                0x00002fea                GLIB_resetDisplayClippingArea
 .text.GLIB_clear
                0x00002ffe       0x36 ./glib.o
                0x00002ffe                GLIB_clear
 .text.GLIB_applyClippingRegion
                0x00003034       0x20 ./glib.o
                0x00003034                GLIB_applyClippingRegion
 .text.GLIB_setClippingRegion
                0x00003054       0x46 ./glib.o
                0x00003054                GLIB_setClippingRegion
 .text.GLIB_drawPixel
                0x0000309a       0x38 ./glib.o
                0x0000309a                GLIB_drawPixel
 .text.GLIB_drawPixelColor
                0x000030d2       0x36 ./glib.o
                0x000030d2                GLIB_drawPixelColor
 .text.GLIB_rectContainsPoint
                0x00003108       0x24 ./glib_rectangle.o
                0x00003108                GLIB_rectContainsPoint
 .text.GLIB_drawChar
                0x0000312c      0x122 ./glib_string.o
                0x0000312c                GLIB_drawChar
 .text.GLIB_drawString
                0x0000324e       0x78 ./glib_string.o
                0x0000324e                GLIB_drawString
 .text.GLIB_setFont
                0x000032c6       0x1a ./glib_string.o
                0x000032c6                GLIB_setFont
 .text.GLIB_drawStringOnLine
                0x000032e0       0x5e ./glib_string.o
                0x000032e0                GLIB_drawStringOnLine
 .text.sli_memlcd_spi_tx
                0x0000333e       0x22 ./lcd_spi.o
                0x0000333e                sli_memlcd_spi_tx
 .text.sli_memlcd_spi_wait
                0x00003360        0xa ./lcd_spi.o
                0x00003360                sli_memlcd_spi_wait
 .text.startup.main
                0x0000336a       0x20 ./main.o
                0x0000336a                main
 .text.sl_board_default_init
                0x0000338a        0x4 ./autogen/sl_board_default_init.o
                0x0000338a                sl_board_default_init
 .text.sl_driver_init
                0x0000338e        0xe ./autogen/sl_event_handler.o
                0x0000338e                sl_driver_init
 .text.sl_service_init
                0x0000339c        0xe ./autogen/sl_event_handler.o
                0x0000339c                sl_service_init
 .text.sl_stack_init
                0x000033aa        0x2 ./autogen/sl_event_handler.o
                0x000033aa                sl_stack_init
 .text.sl_internal_app_init
                0x000033ac        0x2 ./autogen/sl_event_handler.o
                0x000033ac                sl_internal_app_init
 .text.sl_platform_process_action
                0x000033ae        0x2 ./autogen/sl_event_handler.o
                0x000033ae                sl_platform_process_action
 .text.sl_service_process_action
                0x000033b0        0x2 ./autogen/sl_event_handler.o
                0x000033b0                sl_service_process_action
 .text.sl_stack_process_action
                0x000033b2        0x2 ./autogen/sl_event_handler.o
                0x000033b2                sl_stack_process_action
 .text.sl_internal_app_process_action
                0x000033b4        0x2 ./autogen/sl_event_handler.o
                0x000033b4                sl_internal_app_process_action
 .text.sl_board_configure_vcom
                0x000033b6        0x4 ./simplicity_sdk_2024.6.2/hardware/board/src/sl_board_control_gpio.o
                0x000033b6                sl_board_configure_vcom
 .text.sl_board_enable_vcom
                0x000033ba       0x12 ./simplicity_sdk_2024.6.2/hardware/board/src/sl_board_control_gpio.o
                0x000033ba                sl_board_enable_vcom
 .text.sl_board_disable_vcom
                0x000033cc       0x12 ./simplicity_sdk_2024.6.2/hardware/board/src/sl_board_control_gpio.o
                0x000033cc                sl_board_disable_vcom
 .text.sl_board_enable_display
                0x000033de        0x4 ./simplicity_sdk_2024.6.2/hardware/board/src/sl_board_control_gpio.o
                0x000033de                sl_board_enable_display
 .text.sl_cos_send_config
                0x000033e2       0x12 ./simplicity_sdk_2024.6.2/hardware/driver/configuration_over_swo/src/sl_cos.o
                0x000033e2                sl_cos_send_config
 .text.Default_Handler
                0x000033f4        0x2 ./simplicity_sdk_2024.6.2/platform/Device/SiliconLabs/EFR32MG21/Source/startup_efr32mg21.o
                0x000033f4                ULFRCO_IRQHandler
                0x000033f4                SW2_IRQHandler
                0x000033f4                TIMER2_IRQHandler
                0x000033f4                DebugMon_Handler
                0x000033f4                USART0_TX_IRQHandler
                0x000033f4                PRORTC_IRQHandler
                0x000033f4                IADC_IRQHandler
                0x000033f4                I2C0_IRQHandler
                0x000033f4                LFXO_IRQHandler
                0x000033f4                HardFault_Handler
                0x000033f4                SMU_SECURE_IRQHandler
                0x000033f4                SysTick_Handler
                0x000033f4                USART1_RX_IRQHandler
                0x000033f4                PendSV_Handler
                0x000033f4                NMI_Handler
                0x000033f4                SYNTH_IRQHandler
                0x000033f4                I2C1_IRQHandler
                0x000033f4                WDOG0_IRQHandler
                0x000033f4                TIMER3_IRQHandler
                0x000033f4                SYSCFG_IRQHandler
                0x000033f4                EMUSE_IRQHandler
                0x000033f4                EMUDG_IRQHandler
                0x000033f4                USART1_TX_IRQHandler
                0x000033f4                SMU_PRIVILEGED_IRQHandler
                0x000033f4                MSC_IRQHandler
                0x000033f4                DPLL0_IRQHandler
                0x000033f4                UsageFault_Handler
                0x000033f4                WDOG1_IRQHandler
                0x000033f4                M33CTI1_IRQHandler
                0x000033f4                GPIO_EVEN_IRQHandler
                0x000033f4                LDMA_IRQHandler
                0x000033f4                SEMBTX_IRQHandler
                0x000033f4                SW0_IRQHandler
                0x000033f4                TIMER0_IRQHandler
                0x000033f4                LETIMER0_IRQHandler
                0x000033f4                TIMER1_IRQHandler
                0x000033f4                HFRCO0_IRQHandler
                0x000033f4                SecureFault_Handler
                0x000033f4                BUFC_IRQHandler
                0x000033f4                MODEM_IRQHandler
                0x000033f4                USART2_RX_IRQHandler
                0x000033f4                Default_Handler
                0x000033f4                RAC_SEQ_IRQHandler
                0x000033f4                FRC_PRI_IRQHandler
                0x000033f4                EMU_IRQHandler
                0x000033f4                SW3_IRQHandler
                0x000033f4                KERNEL0_IRQHandler
                0x000033f4                FRC_IRQHandler
                0x000033f4                KERNEL1_IRQHandler
                0x000033f4                AGC_IRQHandler
                0x000033f4                sl_app_properties
                0x000033f4                HFRCOEM23_IRQHandler
                0x000033f4                BURTC_IRQHandler
                0x000033f4                SEMBRX_IRQHandler
                0x000033f4                LFRCO_IRQHandler
                0x000033f4                ACMP0_IRQHandler
                0x000033f4                USART0_RX_IRQHandler
                0x000033f4                MemManage_Handler
                0x000033f4                SVC_Handler
                0x000033f4                HFXO00_IRQHandler
                0x000033f4                SW1_IRQHandler
                0x000033f4                CMU_IRQHandler
                0x000033f4                RAC_RSM_IRQHandler
                0x000033f4                SETAMPERHOST_IRQHandler
                0x000033f4                GPIO_ODD_IRQHandler
                0x000033f4                AES_IRQHandler
                0x000033f4                M33CTI0_IRQHandler
                0x000033f4                ICACHE0_IRQHandler
                0x000033f4                PROTIMER_IRQHandler
                0x000033f4                ACMP1_IRQHandler
                0x000033f4                BusFault_Handler
                0x000033f4                USART2_TX_IRQHandler
 .text.CopyBlock
                0x000033f6       0x18 ./simplicity_sdk_2024.6.2/platform/Device/SiliconLabs/EFR32MG21/Source/startup_efr32mg21.o
                0x000033f6                CopyBlock
 .text.SystemCLKIN0Get
                0x0000340e        0x4 ./simplicity_sdk_2024.6.2/platform/Device/SiliconLabs/EFR32MG21/Source/system_efr32mg21.o
                0x0000340e                SystemCLKIN0Get
 .text.SystemLFRCOClockGet
                0x00003412        0x6 ./simplicity_sdk_2024.6.2/platform/Device/SiliconLabs/EFR32MG21/Source/system_efr32mg21.o
                0x00003412                SystemLFRCOClockGet
 .text.SystemULFRCOClockGet
                0x00003418        0x6 ./simplicity_sdk_2024.6.2/platform/Device/SiliconLabs/EFR32MG21/Source/system_efr32mg21.o
                0x00003418                SystemULFRCOClockGet
 .text.assertEFM
                0x0000341e        0x2 ./simplicity_sdk_2024.6.2/platform/common/src/sl_assert.o
                0x0000341e                assertEFM
 .text.CORE_EnterCritical
                0x00003420        0x8 ./simplicity_sdk_2024.6.2/platform/common/src/sl_core_cortexm.o
                0x00003420                CORE_EnterCritical
 .text.CORE_ExitCritical
                0x00003428        0x6 ./simplicity_sdk_2024.6.2/platform/common/src/sl_core_cortexm.o
                0x00003428                CORE_ExitCritical
 .text.CORE_EnterAtomic
                0x0000342e        0xc ./simplicity_sdk_2024.6.2/platform/common/src/sl_core_cortexm.o
                0x0000342e                CORE_EnterAtomic
 .text.CORE_ExitAtomic
                0x0000343a        0x6 ./simplicity_sdk_2024.6.2/platform/common/src/sl_core_cortexm.o
                0x0000343a                CORE_ExitAtomic
 .text._exit    0x00003440        0x2 ./simplicity_sdk_2024.6.2/platform/common/src/sl_syscalls.o
                0x00003440                _exit
 .text.sl_debug_swo_enable_itm
                0x00003442       0x16 ./simplicity_sdk_2024.6.2/platform/driver/debug/src/sl_debug_swo.o
                0x00003442                sl_debug_swo_enable_itm
 .text.sl_debug_swo_disable_itm
                0x00003458       0x18 ./simplicity_sdk_2024.6.2/platform/driver/debug/src/sl_debug_swo.o
                0x00003458                sl_debug_swo_disable_itm
 .text.waitStateMax
                0x00003470       0x10 ./simplicity_sdk_2024.6.2/platform/emlib/src/em_cmu.o
 .text.pclkDivMax
                0x00003480        0x8 ./simplicity_sdk_2024.6.2/platform/emlib/src/em_cmu.o
 .text.sli_em_cmu_SYSCLKInitPreClockSelect
                0x00003488        0xe ./simplicity_sdk_2024.6.2/platform/emlib/src/em_cmu.o
                0x00003488                sli_em_cmu_SYSCLKInitPreClockSelect
 .text.sli_em_cmu_SYSCLKInitPostClockSelect
                0x00003496       0x1a ./simplicity_sdk_2024.6.2/platform/emlib/src/em_cmu.o
                0x00003496                sli_em_cmu_SYSCLKInitPostClockSelect
 .text.BUS_RegMaskedWrite
                0x000034b0       0x1e ./simplicity_sdk_2024.6.2/platform/emlib/src/em_gpio.o
 .text.GPIO_DbgLocationSet
                0x000034ce        0x2 ./simplicity_sdk_2024.6.2/platform/emlib/src/em_gpio.o
                0x000034ce                GPIO_DbgLocationSet
 .text.RTCC_SyncWait
                0x000034d0       0x10 ./simplicity_sdk_2024.6.2/platform/emlib/src/em_rtcc.o
 .text.USART_Tx
                0x000034e0        0xa ./simplicity_sdk_2024.6.2/platform/emlib/src/em_usart.o
                0x000034e0                USART_Tx
 .text.sl_clock_manager_runtime_init
                0x000034ea        0x4 ./simplicity_sdk_2024.6.2/platform/service/clock_manager/src/sl_clock_manager.o
                0x000034ea                sl_clock_manager_runtime_init
 .text.sl_clock_manager_get_clock_branch_frequency
                0x000034ee        0xa ./simplicity_sdk_2024.6.2/platform/service/clock_manager/src/sl_clock_manager.o
                0x000034ee                sl_clock_manager_get_clock_branch_frequency
 .text.sl_clock_manager_enable_bus_clock
                0x000034f8        0x6 ./simplicity_sdk_2024.6.2/platform/service/clock_manager/src/sl_clock_manager.o
                0x000034f8                sl_clock_manager_enable_bus_clock
 .text.sli_clock_manager_hal_runtime_init
                0x000034fe        0x4 ./simplicity_sdk_2024.6.2/platform/service/clock_manager/src/sl_clock_manager_hal_s2.o
                0x000034fe                sli_clock_manager_hal_runtime_init
 .text.sli_clock_manager_hal_get_clock_branch_frequency
                0x00003502       0x82 ./simplicity_sdk_2024.6.2/platform/service/clock_manager/src/sl_clock_manager_hal_s2.o
                0x00003502                sli_clock_manager_hal_get_clock_branch_frequency
 .text.sli_clock_manager_hal_enable_bus_clock
                0x00003584        0x4 ./simplicity_sdk_2024.6.2/platform/service/clock_manager/src/sl_clock_manager_hal_s2.o
                0x00003584                sli_clock_manager_hal_enable_bus_clock
 .text.sl_clock_manager_init
                0x00003588        0x4 ./simplicity_sdk_2024.6.2/platform/service/clock_manager/src/sl_clock_manager_init.o
                0x00003588                sl_clock_manager_init
 .text.sl_interrupt_manager_init
                0x0000358c       0x16 ./simplicity_sdk_2024.6.2/platform/service/interrupt_manager/src/sl_interrupt_manager_cortexm.o
                0x0000358c                sl_interrupt_manager_init
 .text.delay_callback
                0x000035a2        0x6 ./simplicity_sdk_2024.6.2/platform/service/sleeptimer/src/sl_sleeptimer.o
 .text.sl_sleeptimer_restart_periodic_timer
                0x000035a8       0x38 ./simplicity_sdk_2024.6.2/platform/service/sleeptimer/src/sl_sleeptimer.o
                0x000035a8                sl_sleeptimer_restart_periodic_timer
 .text.sl_sleeptimer_start_timer
                0x000035e0       0x48 ./simplicity_sdk_2024.6.2/platform/service/sleeptimer/src/sl_sleeptimer.o
                0x000035e0                sl_sleeptimer_start_timer
 .text.sleeptimer_hal_presc_to_log2.constprop.0
                0x00003628        0x4 ./simplicity_sdk_2024.6.2/platform/service/sleeptimer/src/sl_sleeptimer_hal_rtcc.o
 .text.sleeptimer_hal_get_counter
                0x0000362c        0xe ./simplicity_sdk_2024.6.2/platform/service/sleeptimer/src/sl_sleeptimer_hal_rtcc.o
                0x0000362c                sleeptimer_hal_get_counter
 .text.sleeptimer_hal_enable_int
                0x0000363a       0x18 ./simplicity_sdk_2024.6.2/platform/service/sleeptimer/src/sl_sleeptimer_hal_rtcc.o
                0x0000363a                sleeptimer_hal_enable_int
 .text.sl_system_init
                0x00003652       0x1a ./simplicity_sdk_2024.6.2/platform/service/system/src/sl_system_init.o
                0x00003652                sl_system_init
 .text.sl_system_process_action
                0x0000366c       0x16 ./simplicity_sdk_2024.6.2/platform/service/system/src/sl_system_process_action.o
                0x0000366c                sl_system_process_action
 .text.memset   0x00003682       0x10 d:/siliconlab/developer/toolchains/gnu_arm/12.2.rel1_2023.7/bin/../lib/gcc/arm-none-eabi/12.2.1/thumb/v8-m.main+fp/hard\libc_nano.a(libc_a-memset.o)
                0x00003682                memset
 .text.__retarget_lock_acquire_recursive
                0x00003692        0x2 d:/siliconlab/developer/toolchains/gnu_arm/12.2.rel1_2023.7/bin/../lib/gcc/arm-none-eabi/12.2.1/thumb/v8-m.main+fp/hard\libc_nano.a(libc_a-lock.o)
                0x00003692                __retarget_lock_acquire_recursive
 .text.__retarget_lock_release_recursive
                0x00003694        0x2 d:/siliconlab/developer/toolchains/gnu_arm/12.2.rel1_2023.7/bin/../lib/gcc/arm-none-eabi/12.2.1/thumb/v8-m.main+fp/hard\libc_nano.a(libc_a-lock.o)
                0x00003694                __retarget_lock_release_recursive
 .text.memcpy   0x00003696       0x1a d:/siliconlab/developer/toolchains/gnu_arm/12.2.rel1_2023.7/bin/../lib/gcc/arm-none-eabi/12.2.1/thumb/v8-m.main+fp/hard\libc_nano.a(libc_a-memcpy-stub.o)
                0x00003696                memcpy
 .text          0x000036b0       0x10 d:/siliconlab/developer/toolchains/gnu_arm/12.2.rel1_2023.7/bin/../lib/gcc/arm-none-eabi/12.2.1/thumb/v8-m.main+fp/hard\libc_nano.a(libc_a-strlen.o)
                0x000036b0                strlen
 .text.__ssputs_r
                0x000036c0       0xb6 d:/siliconlab/developer/toolchains/gnu_arm/12.2.rel1_2023.7/bin/../lib/gcc/arm-none-eabi/12.2.1/thumb/v8-m.main+fp/hard\libc_nano.a(libc_a-nano-svfprintf.o)
                0x000036c0                __ssputs_r
 .text._printf_common
                0x00003776       0xe4 d:/siliconlab/developer/toolchains/gnu_arm/12.2.rel1_2023.7/bin/../lib/gcc/arm-none-eabi/12.2.1/thumb/v8-m.main+fp/hard\libc_nano.a(libc_a-nano-vfprintf_i.o)
                0x00003776                _printf_common
 .text.memmove  0x0000385a       0x34 d:/siliconlab/developer/toolchains/gnu_arm/12.2.rel1_2023.7/bin/../lib/gcc/arm-none-eabi/12.2.1/thumb/v8-m.main+fp/hard\libc_nano.a(libc_a-memmove.o)
                0x0000385a                memmove
 .text.memchr   0x0000388e       0x1c d:/siliconlab/developer/toolchains/gnu_arm/12.2.rel1_2023.7/bin/../lib/gcc/arm-none-eabi/12.2.1/thumb/v8-m.main+fp/hard\libc_nano.a(libc_a-memchr-stub.o)
                0x0000388e                memchr
 .text._realloc_r
                0x000038aa       0x5c d:/siliconlab/developer/toolchains/gnu_arm/12.2.rel1_2023.7/bin/../lib/gcc/arm-none-eabi/12.2.1/thumb/v8-m.main+fp/hard\libc_nano.a(libc_a-reallocr.o)
                0x000038aa                _realloc_r
 .text._malloc_usable_size_r
                0x00003906       0x10 d:/siliconlab/developer/toolchains/gnu_arm/12.2.rel1_2023.7/bin/../lib/gcc/arm-none-eabi/12.2.1/thumb/v8-m.main+fp/hard\libc_nano.a(libc_a-msizer.o)
                0x00003906                _malloc_usable_size_r
 *(SORT_BY_ALIGNMENT(text_*))
                0x00003920                . = ALIGN (0x20)
 *fill*         0x00003916        0xa 
                0x00003920                linker_code_end = .
 *(.init)
 .init          0x00003920        0x4 d:/siliconlab/developer/toolchains/gnu_arm/12.2.rel1_2023.7/bin/../lib/gcc/arm-none-eabi/12.2.1/thumb/v8-m.main+fp/hard/crti.o
                0x00003920                _init
 .init          0x00003924        0x8 d:/siliconlab/developer/toolchains/gnu_arm/12.2.rel1_2023.7/bin/../lib/gcc/arm-none-eabi/12.2.1/thumb/v8-m.main+fp/hard/crtn.o
 *(.fini)
 .fini          0x0000392c        0x4 d:/siliconlab/developer/toolchains/gnu_arm/12.2.rel1_2023.7/bin/../lib/gcc/arm-none-eabi/12.2.1/thumb/v8-m.main+fp/hard/crti.o
                0x0000392c                _fini
 .fini          0x00003930        0x8 d:/siliconlab/developer/toolchains/gnu_arm/12.2.rel1_2023.7/bin/../lib/gcc/arm-none-eabi/12.2.1/thumb/v8-m.main+fp/hard/crtn.o
 *crtbegin.o(.ctors)
 *crtbegin?.o(.ctors)
 *(EXCLUDE_FILE(*crtend.o *crtend?.o) .ctors)
 *(SORT_BY_NAME(.ctors.*))
 *(.ctors)
 *crtbegin.o(.dtors)
 *crtbegin?.o(.dtors)
 *(EXCLUDE_FILE(*crtend.o *crtend?.o) .dtors)
 *(SORT_BY_NAME(.dtors.*))
 *(.dtors)
 *(.rodata*)
 .rodata.memlcd_app_init.str1.1
                0x00003938       0x27 ./app_lcd.o
 .rodata.memlcd_app_process_action.str1.1
                0x0000395f        0xf ./app_lcd.o
 *fill*         0x0000396e        0x2 
 .rodata.GLIB_FontNarrow6x8
                0x00003970       0x10 ./glib_font_narrow_6x8.o
                0x00003970                GLIB_FontNarrow6x8
 .rodata.GLIB_FontNarrow6x8PixMap
                0x00003980      0x320 ./glib_font_narrow_6x8.o
 .rodata.GLIB_FontNormal8x8
                0x00003ca0       0x10 ./glib_font_normal_8x8.o
                0x00003ca0                GLIB_FontNormal8x8
 .rodata.GLIB_FontNormal8x8PixMap
                0x00003cb0      0x320 ./glib_font_normal_8x8.o
 .rodata        0x00003fd0       0x14 ./lcd_display.o
 .rodata        0x00003fe4       0x1c ./lcd_spi.o
 .rodata.HFRCODPLLDevinfoGet.str1.1
                0x00004000       0x5e ./simplicity_sdk_2024.6.2/platform/emlib/src/em_cmu.o
 .rodata.GPIO_PinOutSet.str1.1
                0x0000405e       0x5f ./simplicity_sdk_2024.6.2/platform/emlib/src/em_gpio.o
 .rodata.GPIO_ExtIntConfig.str1.1
                0x000040bd       0x5f ./simplicity_sdk_2024.6.2/platform/emlib/src/em_gpio.o
 .rodata.CSWTCH.31
                0x0000411c        0x4 ./simplicity_sdk_2024.6.2/platform/emlib/src/em_gpio.o
 .rodata.RTCC_ChannelInit.str1.1
                0x00004120       0x5f ./simplicity_sdk_2024.6.2/platform/emlib/src/em_rtcc.o
 .rodata.USART_BaudrateAsyncSet.str1.1
                0x0000417f       0x60 ./simplicity_sdk_2024.6.2/platform/emlib/src/em_usart.o
 *fill*         0x000041df        0x1 
 .rodata        0x000041e0       0x3c ./simplicity_sdk_2024.6.2/platform/service/clock_manager/src/sl_clock_manager_init_hal_s2.o
 .rodata.sl_peripheral_val_rtcc
                0x0000421c        0xc ./simplicity_sdk_2024.6.2/platform/service/device_manager/devices/sl_device_peripheral_hal_efr32xg21.o
                0x0000421c                sl_peripheral_val_rtcc
 .rodata.SL_BUS_CLOCK_USART2_VALUE
                0x00004228        0x4 ./simplicity_sdk_2024.6.2/platform/service/device_manager/src/sl_device_clock.o
                0x00004228                SL_BUS_CLOCK_USART2_VALUE
 .rodata.SL_BUS_CLOCK_RTCC_VALUE
                0x0000422c        0x4 ./simplicity_sdk_2024.6.2/platform/service/device_manager/src/sl_device_clock.o
                0x0000422c                SL_BUS_CLOCK_RTCC_VALUE
 .rodata.SL_BUS_CLOCK_GPIO_VALUE
                0x00004230        0x4 ./simplicity_sdk_2024.6.2/platform/service/device_manager/src/sl_device_clock.o
                0x00004230                SL_BUS_CLOCK_GPIO_VALUE
 .rodata.sl_interrupt_manager_disable_irq.str1.1
                0x00004234       0x88 ./simplicity_sdk_2024.6.2/platform/service/interrupt_manager/src/sl_interrupt_manager_cortexm.o
 .rodata.process_timer_irq.str1.1
                0x000042bc       0x72 ./simplicity_sdk_2024.6.2/platform/service/sleeptimer/src/sl_sleeptimer.o
 .rodata        0x0000432e        0xb ./simplicity_sdk_2024.6.2/platform/service/sleeptimer/src/sl_sleeptimer_hal_rtcc.o
 .rodata.sl_udelay_wait.str1.1
                0x00004339       0x6a ./simplicity_sdk_2024.6.2/platform/service/udelay/src/sl_udelay.o
 .rodata._svfprintf_r.str1.1
                0x000043a3       0x11 d:/siliconlab/developer/toolchains/gnu_arm/12.2.rel1_2023.7/bin/../lib/gcc/arm-none-eabi/12.2.1/thumb/v8-m.main+fp/hard\libc_nano.a(libc_a-nano-svfprintf.o)
 .rodata._printf_i.str1.1
                0x000043b4       0x22 d:/siliconlab/developer/toolchains/gnu_arm/12.2.rel1_2023.7/bin/../lib/gcc/arm-none-eabi/12.2.1/thumb/v8-m.main+fp/hard\libc_nano.a(libc_a-nano-vfprintf_i.o)
 *(.eh_frame*)
 *fill*         0x000043d6        0x2 
 .eh_frame      0x000043d8        0x0 d:/siliconlab/developer/toolchains/gnu_arm/12.2.rel1_2023.7/bin/../lib/gcc/arm-none-eabi/12.2.1/thumb/v8-m.main+fp/hard/crtbegin.o

.glue_7         0x000043d8        0x0
 .glue_7        0x000043d8        0x0 linker stubs

.glue_7t        0x000043d8        0x0
 .glue_7t       0x000043d8        0x0 linker stubs

.vfp11_veneer   0x000043d8        0x0
 .vfp11_veneer  0x000043d8        0x0 linker stubs

.v4_bx          0x000043d8        0x0
 .v4_bx         0x000043d8        0x0 linker stubs

.iplt           0x000043d8        0x0
 .iplt          0x000043d8        0x0 d:/siliconlab/developer/toolchains/gnu_arm/12.2.rel1_2023.7/bin/../lib/gcc/arm-none-eabi/12.2.1/thumb/v8-m.main+fp/hard/crtbegin.o

.ARM.extab
 *(.ARM.extab* .gnu.linkonce.armextab.*)
                0x000043d8                __exidx_start = .

.ARM.exidx      0x000043d8        0x8
 *(.ARM.exidx* .gnu.linkonce.armexidx.*)
 .ARM.exidx     0x000043d8        0x8 d:/siliconlab/developer/toolchains/gnu_arm/12.2.rel1_2023.7/bin/../lib/gcc/arm-none-eabi/12.2.1/thumb/v8-m.main+fp/hard/crt0.o
                                 0x10 (size before relaxing)
 .ARM.exidx.text.__udivmoddi4
                0x000043e0        0x0 d:/siliconlab/developer/toolchains/gnu_arm/12.2.rel1_2023.7/bin/../lib/gcc/arm-none-eabi/12.2.1/thumb/v8-m.main+fp/hard\libgcc.a(_udivmoddi4.o)
                                  0x8 (size before relaxing)
                0x000043e0                __exidx_end = .

.rel.dyn        0x000043e0        0x0
 .rel.iplt      0x000043e0        0x0 d:/siliconlab/developer/toolchains/gnu_arm/12.2.rel1_2023.7/bin/../lib/gcc/arm-none-eabi/12.2.1/thumb/v8-m.main+fp/hard/crtbegin.o

.copy.table     0x000043e0        0xc
                0x000043e0                . = ALIGN (0x4)
                0x000043e0                __copy_table_start__ = .
                0x000043e0        0x4 LONG 0x43ec __etext
                0x000043e4        0x4 LONG 0x200019fc __data_start__
                0x000043e8        0x4 LONG 0x21 ((__data_end__ - __data_start__) / 0x4)
                0x000043ec                __copy_table_end__ = .

.zero.table     0x000043ec        0x0
                0x000043ec                . = ALIGN (0x4)
                0x000043ec                __zero_table_start__ = .
                0x000043ec                __zero_table_end__ = .
                0x000043ec                __etext = .

.data           0x200019fc       0x84 load address 0x000043ec
                0x200019fc                . = ALIGN (0x4)
                0x200019fc                __data_start__ = .
 *(vtable)
 *(SORT_BY_ALIGNMENT(.data*))
 .data.spi_handle
                0x200019fc       0x10 ./lcd.o
 .data.SystemCoreClock
                0x20001a0c        0x4 ./simplicity_sdk_2024.6.2/platform/Device/SiliconLabs/EFR32MG21/Source/system_efr32mg21.o
                0x20001a0c                SystemCoreClock
 .data.SystemHFRCODPLLClock
                0x20001a10        0x4 ./simplicity_sdk_2024.6.2/platform/Device/SiliconLabs/EFR32MG21/Source/system_efr32mg21.o
 .data.SystemLFXOClock
                0x20001a14        0x4 ./simplicity_sdk_2024.6.2/platform/Device/SiliconLabs/EFR32MG21/Source/system_efr32mg21.o
 .data.SystemHFXOClock
                0x20001a18        0x4 ./simplicity_sdk_2024.6.2/platform/Device/SiliconLabs/EFR32MG21/Source/system_efr32mg21.o
 .data.heap_end.0
                0x20001a1c        0x4 ./simplicity_sdk_2024.6.2/platform/service/memory_manager/src/sl_memory_manager_region.o
 .data._impure_ptr
                0x20001a20        0x4 d:/siliconlab/developer/toolchains/gnu_arm/12.2.rel1_2023.7/bin/../lib/gcc/arm-none-eabi/12.2.1/thumb/v8-m.main+fp/hard\libc_nano.a(libc_a-impure.o)
                0x20001a20                _impure_ptr
 .data._impure_data
                0x20001a24       0x4c d:/siliconlab/developer/toolchains/gnu_arm/12.2.rel1_2023.7/bin/../lib/gcc/arm-none-eabi/12.2.1/thumb/v8-m.main+fp/hard\libc_nano.a(libc_a-impure.o)
                0x20001a24                _impure_data
 .data.hfxo_precision
                0x20001a70        0x2 ./simplicity_sdk_2024.6.2/platform/emlib/src/em_cmu.o
 .data.lfxo_precision
                0x20001a72        0x2 ./simplicity_sdk_2024.6.2/platform/emlib/src/em_cmu.o
 .data.cc_disabled
                0x20001a74        0x1 ./simplicity_sdk_2024.6.2/platform/service/sleeptimer/src/sl_sleeptimer_hal_rtcc.o
                0x20001a78                . = ALIGN (0x4)
 *fill*         0x20001a75        0x3 
                0x20001a78                . = ALIGN (0x4)
                0x20001a78                PROVIDE (__preinit_array_start = .)
 *(.preinit_array)
                0x20001a78                PROVIDE (__preinit_array_end = .)
                0x20001a78                . = ALIGN (0x4)
                0x20001a78                PROVIDE (__init_array_start = .)
 *(SORT_BY_NAME(.init_array.*))
 *(.init_array)
 .init_array    0x20001a78        0x4 d:/siliconlab/developer/toolchains/gnu_arm/12.2.rel1_2023.7/bin/../lib/gcc/arm-none-eabi/12.2.1/thumb/v8-m.main+fp/hard/crtbegin.o
                0x20001a7c                PROVIDE (__init_array_end = .)
                0x20001a7c                . = ALIGN (0x4)
                [!provide]                PROVIDE (__fini_array_start = .)
 *(SORT_BY_NAME(.fini_array.*))
 *(.fini_array)
 .fini_array    0x20001a7c        0x4 d:/siliconlab/developer/toolchains/gnu_arm/12.2.rel1_2023.7/bin/../lib/gcc/arm-none-eabi/12.2.1/thumb/v8-m.main+fp/hard/crtbegin.o
                [!provide]                PROVIDE (__fini_array_end = .)
                0x20001a80                . = ALIGN (0x4)
                0x20001a80                __data_end__ = .

.tm_clone_table
                0x20001a80        0x0 load address 0x00004470
 .tm_clone_table
                0x20001a80        0x0 d:/siliconlab/developer/toolchains/gnu_arm/12.2.rel1_2023.7/bin/../lib/gcc/arm-none-eabi/12.2.1/thumb/v8-m.main+fp/hard/crtbegin.o
 .tm_clone_table
                0x20001a80        0x0 d:/siliconlab/developer/toolchains/gnu_arm/12.2.rel1_2023.7/bin/../lib/gcc/arm-none-eabi/12.2.1/thumb/v8-m.main+fp/hard/crtend.o

.igot.plt       0x20001a80        0x0 load address 0x00004470
 .igot.plt      0x20001a80        0x0 d:/siliconlab/developer/toolchains/gnu_arm/12.2.rel1_2023.7/bin/../lib/gcc/arm-none-eabi/12.2.1/thumb/v8-m.main+fp/hard/crtbegin.o

.heap           0x20001a80        0x0 load address 0x00004470
                0x20001a80                . = ALIGN (0x8)
                0x20001a80                __HeapBase = .
                0x20001a80                __end__ = .
                0x20001a80                end = __end__
                0x20001a80                _end = __end__
 *(.heap*)
                0x20018000                __HeapLimit = (ORIGIN (RAM) + LENGTH (RAM))
                0x00016580                __heap_size = (__HeapLimit - __HeapBase)
                0x20018000                __ram_end__ = 0x20018000
                0x000fe000                __main_flash_end__ = 0xfe000

.internal_storage
 *(.internal_storage*)

.nvm
 *(.simee*)
                0x200019fc                __ramfuncs_start__ = __vma_ramfuncs_start__
                0x200019fc                __ramfuncs_end__ = __vma_ramfuncs_end__
                0x000fe000                linker_nvm_end = __main_flash_end__
                0x000fe000                linker_nvm_begin = (linker_nvm_end - SIZEOF (.nvm))
                0x000fe000                linker_storage_end = linker_nvm_begin
                0x000fe000                __nvm3Base = linker_nvm_begin
                0x000fe000                linker_storage_begin = (linker_storage_end - SIZEOF (.internal_storage))
                0x00000001                ASSERT ((linker_storage_begin >= (__etext + SIZEOF (.data))), FLASH memory overflowed !)
OUTPUT(bai3.axf elf32-littlearm)
LOAD linker stubs

.ARM.attributes
                0x00000000       0x36
 .ARM.attributes
                0x00000000       0x26 d:/siliconlab/developer/toolchains/gnu_arm/12.2.rel1_2023.7/bin/../lib/gcc/arm-none-eabi/12.2.1/thumb/v8-m.main+fp/hard/crti.o
 .ARM.attributes
                0x00000026       0x38 d:/siliconlab/developer/toolchains/gnu_arm/12.2.rel1_2023.7/bin/../lib/gcc/arm-none-eabi/12.2.1/thumb/v8-m.main+fp/hard/crtbegin.o
 .ARM.attributes
                0x0000005e       0x24 d:/siliconlab/developer/toolchains/gnu_arm/12.2.rel1_2023.7/bin/../lib/gcc/arm-none-eabi/12.2.1/thumb/v8-m.main+fp/hard/crt0.o
 .ARM.attributes
                0x00000082       0x3a ./app.o
 .ARM.attributes
                0x000000bc       0x3a ./app_lcd.o
 .ARM.attributes
                0x000000f6       0x3a ./dmd_memlcd.o
 .ARM.attributes
                0x00000130       0x3a ./glib.o
 .ARM.attributes
                0x0000016a       0x3a ./glib_font_narrow_6x8.o
 .ARM.attributes
                0x000001a4       0x3a ./glib_font_normal_8x8.o
 .ARM.attributes
                0x000001de       0x3a ./glib_rectangle.o
 .ARM.attributes
                0x00000218       0x3a ./glib_string.o
 .ARM.attributes
                0x00000252       0x3a ./lcd.o
 .ARM.attributes
                0x0000028c       0x3a ./lcd_display.o
 .ARM.attributes
                0x000002c6       0x3a ./lcd_spi.o
 .ARM.attributes
                0x00000300       0x3a ./main.o
 .ARM.attributes
                0x0000033a       0x3a ./autogen/sl_board_default_init.o
 .ARM.attributes
                0x00000374       0x3a ./autogen/sl_event_handler.o
 .ARM.attributes
                0x000003ae       0x3a ./simplicity_sdk_2024.6.2/hardware/board/src/sl_board_control_gpio.o
 .ARM.attributes
                0x000003e8       0x3a ./simplicity_sdk_2024.6.2/hardware/board/src/sl_board_init.o
 .ARM.attributes
                0x00000422       0x3a ./simplicity_sdk_2024.6.2/hardware/driver/configuration_over_swo/src/sl_cos.o
 .ARM.attributes
                0x0000045c       0x3a ./simplicity_sdk_2024.6.2/platform/Device/SiliconLabs/EFR32MG21/Source/startup_efr32mg21.o
 .ARM.attributes
                0x00000496       0x3a ./simplicity_sdk_2024.6.2/platform/Device/SiliconLabs/EFR32MG21/Source/system_efr32mg21.o
 .ARM.attributes
                0x000004d0       0x3a ./simplicity_sdk_2024.6.2/platform/common/src/sl_assert.o
 .ARM.attributes
                0x0000050a       0x3a ./simplicity_sdk_2024.6.2/platform/common/src/sl_core_cortexm.o
 .ARM.attributes
                0x00000544       0x3a ./simplicity_sdk_2024.6.2/platform/common/src/sl_syscalls.o
 .ARM.attributes
                0x0000057e       0x3a ./simplicity_sdk_2024.6.2/platform/driver/debug/src/sl_debug_swo.o
 .ARM.attributes
                0x000005b8       0x3a ./simplicity_sdk_2024.6.2/platform/emlib/src/em_cmu.o
 .ARM.attributes
                0x000005f2       0x3a ./simplicity_sdk_2024.6.2/platform/emlib/src/em_emu.o
 .ARM.attributes
                0x0000062c       0x3a ./simplicity_sdk_2024.6.2/platform/emlib/src/em_gpio.o
 .ARM.attributes
                0x00000666       0x3a ./simplicity_sdk_2024.6.2/platform/emlib/src/em_rtcc.o
 .ARM.attributes
                0x000006a0       0x3a ./simplicity_sdk_2024.6.2/platform/emlib/src/em_system.o
 .ARM.attributes
                0x000006da       0x3a ./simplicity_sdk_2024.6.2/platform/emlib/src/em_usart.o
 .ARM.attributes
                0x00000714       0x3a ./simplicity_sdk_2024.6.2/platform/service/clock_manager/src/sl_clock_manager.o
 .ARM.attributes
                0x0000074e       0x3a ./simplicity_sdk_2024.6.2/platform/service/clock_manager/src/sl_clock_manager_hal_s2.o
 .ARM.attributes
                0x00000788       0x3a ./simplicity_sdk_2024.6.2/platform/service/clock_manager/src/sl_clock_manager_init.o
 .ARM.attributes
                0x000007c2       0x3a ./simplicity_sdk_2024.6.2/platform/service/clock_manager/src/sl_clock_manager_init_hal_s2.o
 .ARM.attributes
                0x000007fc       0x3a ./simplicity_sdk_2024.6.2/platform/service/device_init/src/sl_device_init_emu_s2.o
 .ARM.attributes
                0x00000836       0x3a ./simplicity_sdk_2024.6.2/platform/service/device_manager/devices/sl_device_peripheral_hal_efr32xg21.o
 .ARM.attributes
                0x00000870       0x3a ./simplicity_sdk_2024.6.2/platform/service/device_manager/src/sl_device_clock.o
 .ARM.attributes
                0x000008aa       0x3a ./simplicity_sdk_2024.6.2/platform/service/interrupt_manager/src/sl_interrupt_manager_cortexm.o
 .ARM.attributes
                0x000008e4       0x3a ./simplicity_sdk_2024.6.2/platform/service/memory_manager/src/sl_memory_manager_region.o
 .ARM.attributes
                0x0000091e       0x3a ./simplicity_sdk_2024.6.2/platform/service/sleeptimer/src/sl_sleeptimer.o
 .ARM.attributes
                0x00000958       0x3a ./simplicity_sdk_2024.6.2/platform/service/sleeptimer/src/sl_sleeptimer_hal_rtcc.o
 .ARM.attributes
                0x00000992       0x3a ./simplicity_sdk_2024.6.2/platform/service/system/src/sl_system_init.o
 .ARM.attributes
                0x000009cc       0x3a ./simplicity_sdk_2024.6.2/platform/service/system/src/sl_system_process_action.o
 .ARM.attributes
                0x00000a06       0x3a ./simplicity_sdk_2024.6.2/platform/service/udelay/src/sl_udelay.o
 .ARM.attributes
                0x00000a40       0x26 ./simplicity_sdk_2024.6.2/platform/service/udelay/src/sl_udelay_armv6m_gcc.o
 .ARM.attributes
                0x00000a66       0x26 d:/siliconlab/developer/toolchains/gnu_arm/12.2.rel1_2023.7/bin/../lib/gcc/arm-none-eabi/12.2.1/thumb/v8-m.main+fp/hard\libgcc.a(_aeabi_uldivmod.o)
 .ARM.attributes
                0x00000a8c       0x38 d:/siliconlab/developer/toolchains/gnu_arm/12.2.rel1_2023.7/bin/../lib/gcc/arm-none-eabi/12.2.1/thumb/v8-m.main+fp/hard\libgcc.a(_udivmoddi4.o)
 .ARM.attributes
                0x00000ac4       0x26 d:/siliconlab/developer/toolchains/gnu_arm/12.2.rel1_2023.7/bin/../lib/gcc/arm-none-eabi/12.2.1/thumb/v8-m.main+fp/hard\libgcc.a(_dvmd_tls.o)
 .ARM.attributes
                0x00000aea       0x38 d:/siliconlab/developer/toolchains/gnu_arm/12.2.rel1_2023.7/bin/../lib/gcc/arm-none-eabi/12.2.1/thumb/v8-m.main+fp/hard\libc_nano.a(libc_a-exit.o)
 .ARM.attributes
                0x00000b22       0x38 d:/siliconlab/developer/toolchains/gnu_arm/12.2.rel1_2023.7/bin/../lib/gcc/arm-none-eabi/12.2.1/thumb/v8-m.main+fp/hard\libc_nano.a(libc_a-findfp.o)
 .ARM.attributes
                0x00000b5a       0x38 d:/siliconlab/developer/toolchains/gnu_arm/12.2.rel1_2023.7/bin/../lib/gcc/arm-none-eabi/12.2.1/thumb/v8-m.main+fp/hard\libc_nano.a(libc_a-snprintf.o)
 .ARM.attributes
                0x00000b92       0x38 d:/siliconlab/developer/toolchains/gnu_arm/12.2.rel1_2023.7/bin/../lib/gcc/arm-none-eabi/12.2.1/thumb/v8-m.main+fp/hard\libc_nano.a(libc_a-memset.o)
 .ARM.attributes
                0x00000bca       0x38 d:/siliconlab/developer/toolchains/gnu_arm/12.2.rel1_2023.7/bin/../lib/gcc/arm-none-eabi/12.2.1/thumb/v8-m.main+fp/hard\libc_nano.a(libc_a-reent.o)
 .ARM.attributes
                0x00000c02       0x38 d:/siliconlab/developer/toolchains/gnu_arm/12.2.rel1_2023.7/bin/../lib/gcc/arm-none-eabi/12.2.1/thumb/v8-m.main+fp/hard\libc_nano.a(libc_a-impure.o)
 .ARM.attributes
                0x00000c3a       0x38 d:/siliconlab/developer/toolchains/gnu_arm/12.2.rel1_2023.7/bin/../lib/gcc/arm-none-eabi/12.2.1/thumb/v8-m.main+fp/hard\libc_nano.a(libc_a-init.o)
 .ARM.attributes
                0x00000c72       0x38 d:/siliconlab/developer/toolchains/gnu_arm/12.2.rel1_2023.7/bin/../lib/gcc/arm-none-eabi/12.2.1/thumb/v8-m.main+fp/hard\libc_nano.a(libc_a-lock.o)
 .ARM.attributes
                0x00000caa       0x38 d:/siliconlab/developer/toolchains/gnu_arm/12.2.rel1_2023.7/bin/../lib/gcc/arm-none-eabi/12.2.1/thumb/v8-m.main+fp/hard\libc_nano.a(libc_a-memcpy-stub.o)
 .ARM.attributes
                0x00000ce2       0x17 d:/siliconlab/developer/toolchains/gnu_arm/12.2.rel1_2023.7/bin/../lib/gcc/arm-none-eabi/12.2.1/thumb/v8-m.main+fp/hard\libc_nano.a(libc_a-strlen.o)
 .ARM.attributes
                0x00000cf9       0x38 d:/siliconlab/developer/toolchains/gnu_arm/12.2.rel1_2023.7/bin/../lib/gcc/arm-none-eabi/12.2.1/thumb/v8-m.main+fp/hard\libc_nano.a(libc_a-freer.o)
 .ARM.attributes
                0x00000d31       0x38 d:/siliconlab/developer/toolchains/gnu_arm/12.2.rel1_2023.7/bin/../lib/gcc/arm-none-eabi/12.2.1/thumb/v8-m.main+fp/hard\libc_nano.a(libc_a-mallocr.o)
 .ARM.attributes
                0x00000d69       0x38 d:/siliconlab/developer/toolchains/gnu_arm/12.2.rel1_2023.7/bin/../lib/gcc/arm-none-eabi/12.2.1/thumb/v8-m.main+fp/hard\libc_nano.a(libc_a-mlock.o)
 .ARM.attributes
                0x00000da1       0x38 d:/siliconlab/developer/toolchains/gnu_arm/12.2.rel1_2023.7/bin/../lib/gcc/arm-none-eabi/12.2.1/thumb/v8-m.main+fp/hard\libc_nano.a(libc_a-nano-svfprintf.o)
 .ARM.attributes
                0x00000dd9       0x38 d:/siliconlab/developer/toolchains/gnu_arm/12.2.rel1_2023.7/bin/../lib/gcc/arm-none-eabi/12.2.1/thumb/v8-m.main+fp/hard\libc_nano.a(libc_a-nano-vfprintf_i.o)
 .ARM.attributes
                0x00000e11       0x38 d:/siliconlab/developer/toolchains/gnu_arm/12.2.rel1_2023.7/bin/../lib/gcc/arm-none-eabi/12.2.1/thumb/v8-m.main+fp/hard\libc_nano.a(libc_a-memmove.o)
 .ARM.attributes
                0x00000e49       0x38 d:/siliconlab/developer/toolchains/gnu_arm/12.2.rel1_2023.7/bin/../lib/gcc/arm-none-eabi/12.2.1/thumb/v8-m.main+fp/hard\libc_nano.a(libc_a-sbrkr.o)
 .ARM.attributes
                0x00000e81       0x38 d:/siliconlab/developer/toolchains/gnu_arm/12.2.rel1_2023.7/bin/../lib/gcc/arm-none-eabi/12.2.1/thumb/v8-m.main+fp/hard\libc_nano.a(libc_a-memchr-stub.o)
 .ARM.attributes
                0x00000eb9       0x38 d:/siliconlab/developer/toolchains/gnu_arm/12.2.rel1_2023.7/bin/../lib/gcc/arm-none-eabi/12.2.1/thumb/v8-m.main+fp/hard\libc_nano.a(libc_a-reallocr.o)
 .ARM.attributes
                0x00000ef1       0x38 d:/siliconlab/developer/toolchains/gnu_arm/12.2.rel1_2023.7/bin/../lib/gcc/arm-none-eabi/12.2.1/thumb/v8-m.main+fp/hard\libc_nano.a(libc_a-msizer.o)
 .ARM.attributes
                0x00000f29       0x38 d:/siliconlab/developer/toolchains/gnu_arm/12.2.rel1_2023.7/bin/../lib/gcc/arm-none-eabi/12.2.1/thumb/v8-m.main+fp/hard/crtend.o
 .ARM.attributes
                0x00000f61       0x26 d:/siliconlab/developer/toolchains/gnu_arm/12.2.rel1_2023.7/bin/../lib/gcc/arm-none-eabi/12.2.1/thumb/v8-m.main+fp/hard/crtn.o

.comment        0x00000000       0x45
 .comment       0x00000000       0x45 ./app.o
                                 0x46 (size before relaxing)
 .comment       0x00000045       0x46 ./app_lcd.o
 .comment       0x00000045       0x46 ./dmd_memlcd.o
 .comment       0x00000045       0x46 ./glib.o
 .comment       0x00000045       0x46 ./glib_font_narrow_6x8.o
 .comment       0x00000045       0x46 ./glib_font_normal_8x8.o
 .comment       0x00000045       0x46 ./glib_rectangle.o
 .comment       0x00000045       0x46 ./glib_string.o
 .comment       0x00000045       0x46 ./lcd.o
 .comment       0x00000045       0x46 ./lcd_display.o
 .comment       0x00000045       0x46 ./lcd_spi.o
 .comment       0x00000045       0x46 ./main.o
 .comment       0x00000045       0x46 ./autogen/sl_board_default_init.o
 .comment       0x00000045       0x46 ./autogen/sl_event_handler.o
 .comment       0x00000045       0x46 ./simplicity_sdk_2024.6.2/hardware/board/src/sl_board_control_gpio.o
 .comment       0x00000045       0x46 ./simplicity_sdk_2024.6.2/hardware/board/src/sl_board_init.o
 .comment       0x00000045       0x46 ./simplicity_sdk_2024.6.2/hardware/driver/configuration_over_swo/src/sl_cos.o
 .comment       0x00000045       0x46 ./simplicity_sdk_2024.6.2/platform/Device/SiliconLabs/EFR32MG21/Source/startup_efr32mg21.o
 .comment       0x00000045       0x46 ./simplicity_sdk_2024.6.2/platform/Device/SiliconLabs/EFR32MG21/Source/system_efr32mg21.o
 .comment       0x00000045       0x46 ./simplicity_sdk_2024.6.2/platform/common/src/sl_assert.o
 .comment       0x00000045       0x46 ./simplicity_sdk_2024.6.2/platform/common/src/sl_core_cortexm.o
 .comment       0x00000045       0x46 ./simplicity_sdk_2024.6.2/platform/common/src/sl_syscalls.o
 .comment       0x00000045       0x46 ./simplicity_sdk_2024.6.2/platform/driver/debug/src/sl_debug_swo.o
 .comment       0x00000045       0x46 ./simplicity_sdk_2024.6.2/platform/emlib/src/em_cmu.o
 .comment       0x00000045       0x46 ./simplicity_sdk_2024.6.2/platform/emlib/src/em_emu.o
 .comment       0x00000045       0x46 ./simplicity_sdk_2024.6.2/platform/emlib/src/em_gpio.o
 .comment       0x00000045       0x46 ./simplicity_sdk_2024.6.2/platform/emlib/src/em_rtcc.o
 .comment       0x00000045       0x46 ./simplicity_sdk_2024.6.2/platform/emlib/src/em_system.o
 .comment       0x00000045       0x46 ./simplicity_sdk_2024.6.2/platform/emlib/src/em_usart.o
 .comment       0x00000045       0x46 ./simplicity_sdk_2024.6.2/platform/service/clock_manager/src/sl_clock_manager.o
 .comment       0x00000045       0x46 ./simplicity_sdk_2024.6.2/platform/service/clock_manager/src/sl_clock_manager_hal_s2.o
 .comment       0x00000045       0x46 ./simplicity_sdk_2024.6.2/platform/service/clock_manager/src/sl_clock_manager_init.o
 .comment       0x00000045       0x46 ./simplicity_sdk_2024.6.2/platform/service/clock_manager/src/sl_clock_manager_init_hal_s2.o
 .comment       0x00000045       0x46 ./simplicity_sdk_2024.6.2/platform/service/device_init/src/sl_device_init_emu_s2.o
 .comment       0x00000045       0x46 ./simplicity_sdk_2024.6.2/platform/service/device_manager/devices/sl_device_peripheral_hal_efr32xg21.o
 .comment       0x00000045       0x46 ./simplicity_sdk_2024.6.2/platform/service/device_manager/src/sl_device_clock.o
 .comment       0x00000045       0x46 ./simplicity_sdk_2024.6.2/platform/service/interrupt_manager/src/sl_interrupt_manager_cortexm.o
 .comment       0x00000045       0x46 ./simplicity_sdk_2024.6.2/platform/service/memory_manager/src/sl_memory_manager_region.o
 .comment       0x00000045       0x46 ./simplicity_sdk_2024.6.2/platform/service/sleeptimer/src/sl_sleeptimer.o
 .comment       0x00000045       0x46 ./simplicity_sdk_2024.6.2/platform/service/sleeptimer/src/sl_sleeptimer_hal_rtcc.o
 .comment       0x00000045       0x46 ./simplicity_sdk_2024.6.2/platform/service/system/src/sl_system_init.o
 .comment       0x00000045       0x46 ./simplicity_sdk_2024.6.2/platform/service/system/src/sl_system_process_action.o
 .comment       0x00000045       0x46 ./simplicity_sdk_2024.6.2/platform/service/udelay/src/sl_udelay.o

.debug_line_str
                0x00000000      0x2af
 .debug_line_str
                0x00000000       0xe7 d:/siliconlab/developer/toolchains/gnu_arm/12.2.rel1_2023.7/bin/../lib/gcc/arm-none-eabi/12.2.1/thumb/v8-m.main+fp/hard/crt0.o
 .debug_line_str
                0x000000e7       0xcd d:/siliconlab/developer/toolchains/gnu_arm/12.2.rel1_2023.7/bin/../lib/gcc/arm-none-eabi/12.2.1/thumb/v8-m.main+fp/hard\libgcc.a(_aeabi_uldivmod.o)
 .debug_line_str
                0x000001b4        0xc d:/siliconlab/developer/toolchains/gnu_arm/12.2.rel1_2023.7/bin/../lib/gcc/arm-none-eabi/12.2.1/thumb/v8-m.main+fp/hard\libgcc.a(_dvmd_tls.o)
                                 0xd1 (size before relaxing)
 .debug_line_str
                0x000001c0       0xef d:/siliconlab/developer/toolchains/gnu_arm/12.2.rel1_2023.7/bin/../lib/gcc/arm-none-eabi/12.2.1/thumb/v8-m.main+fp/hard\libc_nano.a(libc_a-strlen.o)

.debug_info     0x00000000    0x2a90c
 .debug_info    0x00000000       0x50 ./app.o
 .debug_info    0x00000050      0x807 ./app_lcd.o
 .debug_info    0x00000857      0xa74 ./dmd_memlcd.o
 .debug_info    0x000012cb      0xe15 ./glib.o
 .debug_info    0x000020e0      0x1cc ./glib_font_narrow_6x8.o
 .debug_info    0x000022ac      0x1cc ./glib_font_normal_8x8.o
 .debug_info    0x00002478      0x6e5 ./glib_rectangle.o
 .debug_info    0x00002b5d      0x9f0 ./glib_string.o
 .debug_info    0x0000354d     0x22cd ./lcd.o
 .debug_info    0x0000581a      0x1bf ./lcd_display.o
 .debug_info    0x000059d9     0x1e7a ./lcd_spi.o
 .debug_info    0x00007853      0x186 ./main.o
 .debug_info    0x000079d9       0xc5 ./autogen/sl_board_default_init.o
 .debug_info    0x00007a9e     0x12ce ./autogen/sl_event_handler.o
 .debug_info    0x00008d6c      0x50a ./simplicity_sdk_2024.6.2/hardware/board/src/sl_board_control_gpio.o
 .debug_info    0x00009276      0x13f ./simplicity_sdk_2024.6.2/hardware/board/src/sl_board_init.o
 .debug_info    0x000093b5      0x4d5 ./simplicity_sdk_2024.6.2/hardware/driver/configuration_over_swo/src/sl_cos.o
 .debug_info    0x0000988a      0x435 ./simplicity_sdk_2024.6.2/platform/Device/SiliconLabs/EFR32MG21/Source/startup_efr32mg21.o
 .debug_info    0x00009cbf     0x1f2e ./simplicity_sdk_2024.6.2/platform/Device/SiliconLabs/EFR32MG21/Source/system_efr32mg21.o
 .debug_info    0x0000bbed       0x86 ./simplicity_sdk_2024.6.2/platform/common/src/sl_assert.o
 .debug_info    0x0000bc73      0x91a ./simplicity_sdk_2024.6.2/platform/common/src/sl_core_cortexm.o
 .debug_info    0x0000c58d      0x306 ./simplicity_sdk_2024.6.2/platform/common/src/sl_syscalls.o
 .debug_info    0x0000c893     0x1f05 ./simplicity_sdk_2024.6.2/platform/driver/debug/src/sl_debug_swo.o
 .debug_info    0x0000e798     0x6a33 ./simplicity_sdk_2024.6.2/platform/emlib/src/em_cmu.o
 .debug_info    0x000151cb     0x260b ./simplicity_sdk_2024.6.2/platform/emlib/src/em_emu.o
 .debug_info    0x000177d6     0x1ea1 ./simplicity_sdk_2024.6.2/platform/emlib/src/em_gpio.o
 .debug_info    0x00019677     0x2015 ./simplicity_sdk_2024.6.2/platform/emlib/src/em_rtcc.o
 .debug_info    0x0001b68c      0xec9 ./simplicity_sdk_2024.6.2/platform/emlib/src/em_system.o
 .debug_info    0x0001c555     0x3ec6 ./simplicity_sdk_2024.6.2/platform/emlib/src/em_usart.o
 .debug_info    0x0002041b      0xb2e ./simplicity_sdk_2024.6.2/platform/service/clock_manager/src/sl_clock_manager.o
 .debug_info    0x00020f49     0x21f0 ./simplicity_sdk_2024.6.2/platform/service/clock_manager/src/sl_clock_manager_hal_s2.o
 .debug_info    0x00023139       0xc9 ./simplicity_sdk_2024.6.2/platform/service/clock_manager/src/sl_clock_manager_init.o
 .debug_info    0x00023202     0x1876 ./simplicity_sdk_2024.6.2/platform/service/clock_manager/src/sl_clock_manager_init_hal_s2.o
 .debug_info    0x00024a78      0x89c ./simplicity_sdk_2024.6.2/platform/service/device_init/src/sl_device_init_emu_s2.o
 .debug_info    0x00025314      0x697 ./simplicity_sdk_2024.6.2/platform/service/device_manager/devices/sl_device_peripheral_hal_efr32xg21.o
 .debug_info    0x000259ab      0xbe4 ./simplicity_sdk_2024.6.2/platform/service/device_manager/src/sl_device_clock.o
 .debug_info    0x0002658f      0xe94 ./simplicity_sdk_2024.6.2/platform/service/interrupt_manager/src/sl_interrupt_manager_cortexm.o
 .debug_info    0x00027423      0x1e8 ./simplicity_sdk_2024.6.2/platform/service/memory_manager/src/sl_memory_manager_region.o
 .debug_info    0x0002760b     0x1a6d ./simplicity_sdk_2024.6.2/platform/service/sleeptimer/src/sl_sleeptimer.o
 .debug_info    0x00029078     0x158e ./simplicity_sdk_2024.6.2/platform/service/sleeptimer/src/sl_sleeptimer_hal_rtcc.o
 .debug_info    0x0002a606       0xa7 ./simplicity_sdk_2024.6.2/platform/service/system/src/sl_system_init.o
 .debug_info    0x0002a6ad       0x93 ./simplicity_sdk_2024.6.2/platform/service/system/src/sl_system_process_action.o
 .debug_info    0x0002a740      0x1a6 ./simplicity_sdk_2024.6.2/platform/service/udelay/src/sl_udelay.o
 .debug_info    0x0002a8e6       0x26 ./simplicity_sdk_2024.6.2/platform/service/udelay/src/sl_udelay_armv6m_gcc.o

.debug_abbrev   0x00000000     0x5ad6
 .debug_abbrev  0x00000000       0x4a ./app.o
 .debug_abbrev  0x0000004a      0x252 ./app_lcd.o
 .debug_abbrev  0x0000029c      0x2e2 ./dmd_memlcd.o
 .debug_abbrev  0x0000057e      0x355 ./glib.o
 .debug_abbrev  0x000008d3       0xe8 ./glib_font_narrow_6x8.o
 .debug_abbrev  0x000009bb       0xe8 ./glib_font_normal_8x8.o
 .debug_abbrev  0x00000aa3      0x203 ./glib_rectangle.o
 .debug_abbrev  0x00000ca6      0x294 ./glib_string.o
 .debug_abbrev  0x00000f3a      0x3f3 ./lcd.o
 .debug_abbrev  0x0000132d       0xef ./lcd_display.o
 .debug_abbrev  0x0000141c      0x2fa ./lcd_spi.o
 .debug_abbrev  0x00001716       0xa2 ./main.o
 .debug_abbrev  0x000017b8       0x87 ./autogen/sl_board_default_init.o
 .debug_abbrev  0x0000183f      0x223 ./autogen/sl_event_handler.o
 .debug_abbrev  0x00001a62      0x18a ./simplicity_sdk_2024.6.2/hardware/board/src/sl_board_control_gpio.o
 .debug_abbrev  0x00001bec       0xed ./simplicity_sdk_2024.6.2/hardware/board/src/sl_board_init.o
 .debug_abbrev  0x00001cd9      0x20f ./simplicity_sdk_2024.6.2/hardware/driver/configuration_over_swo/src/sl_cos.o
 .debug_abbrev  0x00001ee8      0x287 ./simplicity_sdk_2024.6.2/platform/Device/SiliconLabs/EFR32MG21/Source/startup_efr32mg21.o
 .debug_abbrev  0x0000216f      0x30d ./simplicity_sdk_2024.6.2/platform/Device/SiliconLabs/EFR32MG21/Source/system_efr32mg21.o
 .debug_abbrev  0x0000247c       0x6c ./simplicity_sdk_2024.6.2/platform/common/src/sl_assert.o
 .debug_abbrev  0x000024e8      0x253 ./simplicity_sdk_2024.6.2/platform/common/src/sl_core_cortexm.o
 .debug_abbrev  0x0000273b      0x143 ./simplicity_sdk_2024.6.2/platform/common/src/sl_syscalls.o
 .debug_abbrev  0x0000287e      0x335 ./simplicity_sdk_2024.6.2/platform/driver/debug/src/sl_debug_swo.o
 .debug_abbrev  0x00002bb3      0x53f ./simplicity_sdk_2024.6.2/platform/emlib/src/em_cmu.o
 .debug_abbrev  0x000030f2      0x337 ./simplicity_sdk_2024.6.2/platform/emlib/src/em_emu.o
 .debug_abbrev  0x00003429      0x334 ./simplicity_sdk_2024.6.2/platform/emlib/src/em_gpio.o
 .debug_abbrev  0x0000375d      0x27b ./simplicity_sdk_2024.6.2/platform/emlib/src/em_rtcc.o
 .debug_abbrev  0x000039d8      0x2aa ./simplicity_sdk_2024.6.2/platform/emlib/src/em_system.o
 .debug_abbrev  0x00003c82      0x33a ./simplicity_sdk_2024.6.2/platform/emlib/src/em_usart.o
 .debug_abbrev  0x00003fbc      0x1ba ./simplicity_sdk_2024.6.2/platform/service/clock_manager/src/sl_clock_manager.o
 .debug_abbrev  0x00004176      0x3ec ./simplicity_sdk_2024.6.2/platform/service/clock_manager/src/sl_clock_manager_hal_s2.o
 .debug_abbrev  0x00004562       0x89 ./simplicity_sdk_2024.6.2/platform/service/clock_manager/src/sl_clock_manager_init.o
 .debug_abbrev  0x000045eb      0x29a ./simplicity_sdk_2024.6.2/platform/service/clock_manager/src/sl_clock_manager_init_hal_s2.o
 .debug_abbrev  0x00004885      0x14b ./simplicity_sdk_2024.6.2/platform/service/device_init/src/sl_device_init_emu_s2.o
 .debug_abbrev  0x000049d0       0xc5 ./simplicity_sdk_2024.6.2/platform/service/device_manager/devices/sl_device_peripheral_hal_efr32xg21.o
 .debug_abbrev  0x00004a95       0x69 ./simplicity_sdk_2024.6.2/platform/service/device_manager/src/sl_device_clock.o
 .debug_abbrev  0x00004afe      0x355 ./simplicity_sdk_2024.6.2/platform/service/interrupt_manager/src/sl_interrupt_manager_cortexm.o
 .debug_abbrev  0x00004e53      0x11e ./simplicity_sdk_2024.6.2/platform/service/memory_manager/src/sl_memory_manager_region.o
 .debug_abbrev  0x00004f71      0x4bf ./simplicity_sdk_2024.6.2/platform/service/sleeptimer/src/sl_sleeptimer.o
 .debug_abbrev  0x00005430      0x4bc ./simplicity_sdk_2024.6.2/platform/service/sleeptimer/src/sl_sleeptimer_hal_rtcc.o
 .debug_abbrev  0x000058ec       0x5c ./simplicity_sdk_2024.6.2/platform/service/system/src/sl_system_init.o
 .debug_abbrev  0x00005948       0x5c ./simplicity_sdk_2024.6.2/platform/service/system/src/sl_system_process_action.o
 .debug_abbrev  0x000059a4      0x11e ./simplicity_sdk_2024.6.2/platform/service/udelay/src/sl_udelay.o
 .debug_abbrev  0x00005ac2       0x14 ./simplicity_sdk_2024.6.2/platform/service/udelay/src/sl_udelay_armv6m_gcc.o

.debug_aranges  0x00000000     0x1010
 .debug_aranges
                0x00000000       0x28 ./app.o
 .debug_aranges
                0x00000028       0x38 ./app_lcd.o
 .debug_aranges
                0x00000060       0x88 ./dmd_memlcd.o
 .debug_aranges
                0x000000e8       0x88 ./glib.o
 .debug_aranges
                0x00000170       0x18 ./glib_font_narrow_6x8.o
 .debug_aranges
                0x00000188       0x18 ./glib_font_normal_8x8.o
 .debug_aranges
                0x000001a0       0x38 ./glib_rectangle.o
 .debug_aranges
                0x000001d8       0x38 ./glib_string.o
 .debug_aranges
                0x00000210       0x58 ./lcd.o
 .debug_aranges
                0x00000268       0x20 ./lcd_display.o
 .debug_aranges
                0x00000288       0x40 ./lcd_spi.o
 .debug_aranges
                0x000002c8       0x20 ./main.o
 .debug_aranges
                0x000002e8       0x20 ./autogen/sl_board_default_init.o
 .debug_aranges
                0x00000308       0x60 ./autogen/sl_event_handler.o
 .debug_aranges
                0x00000368       0x70 ./simplicity_sdk_2024.6.2/hardware/board/src/sl_board_control_gpio.o
 .debug_aranges
                0x000003d8       0x28 ./simplicity_sdk_2024.6.2/hardware/board/src/sl_board_init.o
 .debug_aranges
                0x00000400       0x38 ./simplicity_sdk_2024.6.2/hardware/driver/configuration_over_swo/src/sl_cos.o
 .debug_aranges
                0x00000438       0x38 ./simplicity_sdk_2024.6.2/platform/Device/SiliconLabs/EFR32MG21/Source/startup_efr32mg21.o
 .debug_aranges
                0x00000470       0x90 ./simplicity_sdk_2024.6.2/platform/Device/SiliconLabs/EFR32MG21/Source/system_efr32mg21.o
 .debug_aranges
                0x00000500       0x20 ./simplicity_sdk_2024.6.2/platform/common/src/sl_assert.o
 .debug_aranges
                0x00000520       0x98 ./simplicity_sdk_2024.6.2/platform/common/src/sl_core_cortexm.o
 .debug_aranges
                0x000005b8       0x68 ./simplicity_sdk_2024.6.2/platform/common/src/sl_syscalls.o
 .debug_aranges
                0x00000620       0x48 ./simplicity_sdk_2024.6.2/platform/driver/debug/src/sl_debug_swo.o
 .debug_aranges
                0x00000668      0x1b8 ./simplicity_sdk_2024.6.2/platform/emlib/src/em_cmu.o
 .debug_aranges
                0x00000820       0xc0 ./simplicity_sdk_2024.6.2/platform/emlib/src/em_emu.o
 .debug_aranges
                0x000008e0       0x68 ./simplicity_sdk_2024.6.2/platform/emlib/src/em_gpio.o
 .debug_aranges
                0x00000948       0x48 ./simplicity_sdk_2024.6.2/platform/emlib/src/em_rtcc.o
 .debug_aranges
                0x00000990       0x78 ./simplicity_sdk_2024.6.2/platform/emlib/src/em_system.o
 .debug_aranges
                0x00000a08       0xc0 ./simplicity_sdk_2024.6.2/platform/emlib/src/em_usart.o
 .debug_aranges
                0x00000ac8       0xe8 ./simplicity_sdk_2024.6.2/platform/service/clock_manager/src/sl_clock_manager.o
 .debug_aranges
                0x00000bb0       0xd8 ./simplicity_sdk_2024.6.2/platform/service/clock_manager/src/sl_clock_manager_hal_s2.o
 .debug_aranges
                0x00000c88       0x20 ./simplicity_sdk_2024.6.2/platform/service/clock_manager/src/sl_clock_manager_init.o
 .debug_aranges
                0x00000ca8       0x20 ./simplicity_sdk_2024.6.2/platform/service/clock_manager/src/sl_clock_manager_init_hal_s2.o
 .debug_aranges
                0x00000cc8       0x20 ./simplicity_sdk_2024.6.2/platform/service/device_init/src/sl_device_init_emu_s2.o
 .debug_aranges
                0x00000ce8       0x18 ./simplicity_sdk_2024.6.2/platform/service/device_manager/devices/sl_device_peripheral_hal_efr32xg21.o
 .debug_aranges
                0x00000d00       0x18 ./simplicity_sdk_2024.6.2/platform/service/device_manager/src/sl_device_clock.o
 .debug_aranges
                0x00000d18       0xa0 ./simplicity_sdk_2024.6.2/platform/service/interrupt_manager/src/sl_interrupt_manager_cortexm.o
 .debug_aranges
                0x00000db8       0x30 ./simplicity_sdk_2024.6.2/platform/service/memory_manager/src/sl_memory_manager_region.o
 .debug_aranges
                0x00000de8      0x120 ./simplicity_sdk_2024.6.2/platform/service/sleeptimer/src/sl_sleeptimer.o
 .debug_aranges
                0x00000f08       0x88 ./simplicity_sdk_2024.6.2/platform/service/sleeptimer/src/sl_sleeptimer_hal_rtcc.o
 .debug_aranges
                0x00000f90       0x20 ./simplicity_sdk_2024.6.2/platform/service/system/src/sl_system_init.o
 .debug_aranges
                0x00000fb0       0x20 ./simplicity_sdk_2024.6.2/platform/service/system/src/sl_system_process_action.o
 .debug_aranges
                0x00000fd0       0x20 ./simplicity_sdk_2024.6.2/platform/service/udelay/src/sl_udelay.o
 .debug_aranges
                0x00000ff0       0x20 ./simplicity_sdk_2024.6.2/platform/service/udelay/src/sl_udelay_armv6m_gcc.o

.debug_ranges   0x00000000     0x1450
 .debug_ranges  0x00000000       0x18 ./app.o
 .debug_ranges  0x00000018       0x40 ./app_lcd.o
 .debug_ranges  0x00000058       0x90 ./dmd_memlcd.o
 .debug_ranges  0x000000e8       0x78 ./glib.o
 .debug_ranges  0x00000160       0x28 ./glib_rectangle.o
 .debug_ranges  0x00000188       0x58 ./glib_string.o
 .debug_ranges  0x000001e0      0x128 ./lcd.o
 .debug_ranges  0x00000308       0x10 ./lcd_display.o
 .debug_ranges  0x00000318       0xc0 ./lcd_spi.o
 .debug_ranges  0x000003d8       0x10 ./main.o
 .debug_ranges  0x000003e8       0x10 ./autogen/sl_board_default_init.o
 .debug_ranges  0x000003f8       0x50 ./autogen/sl_event_handler.o
 .debug_ranges  0x00000448       0x60 ./simplicity_sdk_2024.6.2/hardware/board/src/sl_board_control_gpio.o
 .debug_ranges  0x000004a8       0x18 ./simplicity_sdk_2024.6.2/hardware/board/src/sl_board_init.o
 .debug_ranges  0x000004c0       0x40 ./simplicity_sdk_2024.6.2/hardware/driver/configuration_over_swo/src/sl_cos.o
 .debug_ranges  0x00000500       0x90 ./simplicity_sdk_2024.6.2/platform/Device/SiliconLabs/EFR32MG21/Source/startup_efr32mg21.o
 .debug_ranges  0x00000590       0x80 ./simplicity_sdk_2024.6.2/platform/Device/SiliconLabs/EFR32MG21/Source/system_efr32mg21.o
 .debug_ranges  0x00000610       0x10 ./simplicity_sdk_2024.6.2/platform/common/src/sl_assert.o